 <<< Combine >>> 
 <<< v10.0.1 >>>
>>> Random number generator seed is 123456
>>> Method used is AsymptoticLimits
============================================================
Analyzing bin errors for: prop_binMixSR0fjets
Poisson cut-off: 0
Processes excluded for sums: TprimeToTZ_1400
============================================================
Bin        Contents        Error           Notes                         
0          78.695558       10.453560       total sum                     
0          78.695059       10.453560       excluding marked processes    
0          57.000000       7.549834        Unweighted events, alpha=1.380624
  => Total parameter prop_binMixSR0fjets_bin0[0.00,-7.00,7.00] to be Gaussian constrained
------------------------------------------------------------
1          50.228719       5.991269        total sum                     
1          50.228029       5.991269        excluding marked processes    
1          70.000000       8.366600        Unweighted events, alpha=0.717553
  => Total parameter prop_binMixSR0fjets_bin1[0.00,-7.00,7.00] to be Gaussian constrained
------------------------------------------------------------
2          24.695335       4.449484        total sum                     
2          24.693261       4.449484        excluding marked processes    
2          31.000000       5.567764        Unweighted events, alpha=0.796624
  => Total parameter prop_binMixSR0fjets_bin2[0.00,-7.00,7.00] to be Gaussian constrained
------------------------------------------------------------
3          11.112892       2.826018        total sum                     
3          11.112533       2.826018        excluding marked processes    
3          15.000000       3.872983        Unweighted events, alpha=0.740859
  => Total parameter prop_binMixSR0fjets_bin3[0.00,-7.00,7.00] to be Gaussian constrained
------------------------------------------------------------
4          6.778002        1.473081        total sum                     
4          6.777481        1.473081        excluding marked processes    
4          21.000000       4.582576        Unweighted events, alpha=0.322762
  => Total parameter prop_binMixSR0fjets_bin4[0.00,-7.00,7.00] to be Gaussian constrained
------------------------------------------------------------
5          3.359416        1.391590        total sum                     
5          3.359118        1.391590        excluding marked processes    
5          6.000000        2.449490        Unweighted events, alpha=0.559903
  => Total parameter prop_binMixSR0fjets_bin5[0.00,-7.00,7.00] to be Gaussian constrained
------------------------------------------------------------
6          2.068793        0.372124        total sum                     
6          2.068390        0.372124        excluding marked processes    
6          31.000000       5.567764        Unweighted events, alpha=0.066735
  => Total parameter prop_binMixSR0fjets_bin6[0.00,-7.00,7.00] to be Gaussian constrained
------------------------------------------------------------
7          0.685336        0.215353        total sum                     
7          0.685336        0.215353        excluding marked processes    
7          10.000000       3.162278        Unweighted events, alpha=0.068534
  => Total parameter prop_binMixSR0fjets_bin7[0.00,-7.00,7.00] to be Gaussian constrained
------------------------------------------------------------
8          0.715806        0.241928        total sum                     
8          0.715806        0.241928        excluding marked processes    
8          9.000000        3.000000        Unweighted events, alpha=0.079534
  => Total parameter prop_binMixSR0fjets_bin8[0.00,-7.00,7.00] to be Gaussian constrained
------------------------------------------------------------
9          0.086323        0.045113        total sum                     
9          0.084167        0.045102        excluding marked processes    
9          3.000000        1.732051        Unweighted events, alpha=0.028774
  => Total parameter prop_binMixSR0fjets_bin9[0.00,-7.00,7.00] to be Gaussian constrained
------------------------------------------------------------
10         0.007392        0.007392        total sum                     
10         0.007392        0.007392        excluding marked processes    
10         1.000000        1.000000        Unweighted events, alpha=0.007392
  => Total parameter prop_binMixSR0fjets_bin10[0.00,-7.00,7.00] to be Gaussian constrained
------------------------------------------------------------
11         0.000000        0.007621        total sum                     
11         0.000000        0.007621        excluding marked processes    
11         0.000000        0.000000        Unweighted events, alpha=inf  
  => Number of weighted events is below Poisson threshold
    WJets                0.000000        0.000000                                      
      => Error is zero, ignore      
  ----------------------------------------------------------
    TT                   0.000000        0.000000                                      
      => Error is zero, ignore      
  ----------------------------------------------------------
    ZJets                0.000000        0.007621                                      
      => Poisson not viable, prop_binMixSR0fjets_bin11_ZJets[0.00,-7.00,7.00] to be Gaussian constrained
  ----------------------------------------------------------
    TprimeToTZ_1400      0.000000        0.000000                                      
      => Error is zero, ignore      
  ----------------------------------------------------------
------------------------------------------------------------
12         0.000000        0.000000        total sum                     
12         0.000000        0.000000        excluding marked processes    
  => Error is zero, ignore      
------------------------------------------------------------
============================================================
Analyzing bin errors for: prop_binMixSRatleast1fjets
Poisson cut-off: 0
Processes excluded for sums: TprimeToTZ_1400
============================================================
Bin        Contents        Error           Notes                         
0          90.464058       11.960668       total sum                     
0          90.462815       11.960668       excluding marked processes    
0          57.000000       7.549834        Unweighted events, alpha=1.587089
  => Total parameter prop_binMixSRatleast1fjets_bin0[0.00,-7.00,7.00] to be Gaussian constrained
------------------------------------------------------------
1          57.155996       10.338098       total sum                     
1          57.152751       10.338098       excluding marked processes    
1          31.000000       5.567764        Unweighted events, alpha=1.843742
  => Total parameter prop_binMixSRatleast1fjets_bin1[0.00,-7.00,7.00] to be Gaussian constrained
------------------------------------------------------------
2          28.773111       3.316916        total sum                     
2          28.770010       3.316916        excluding marked processes    
2          75.000000       8.660254        Unweighted events, alpha=0.383641
  => Total parameter prop_binMixSRatleast1fjets_bin2[0.00,-7.00,7.00] to be Gaussian constrained
------------------------------------------------------------
3          21.301131       4.595207        total sum                     
3          21.297397       4.595207        excluding marked processes    
3          21.000000       4.582576        Unweighted events, alpha=1.014340
  => Total parameter prop_binMixSRatleast1fjets_bin3[0.00,-7.00,7.00] to be Gaussian constrained
------------------------------------------------------------
4          12.785110       3.320168        total sum                     
4          12.781342       3.320168        excluding marked processes    
4          15.000000       3.872983        Unweighted events, alpha=0.852341
  => Total parameter prop_binMixSRatleast1fjets_bin4[0.00,-7.00,7.00] to be Gaussian constrained
------------------------------------------------------------
5          7.968181        3.084409        total sum                     
5          7.966324        3.084409        excluding marked processes    
5          7.000000        2.645751        Unweighted events, alpha=1.138312
  => Total parameter prop_binMixSRatleast1fjets_bin5[0.00,-7.00,7.00] to be Gaussian constrained
------------------------------------------------------------
6          1.788159        0.366697        total sum                     
6          1.786351        0.366696        excluding marked processes    
6          24.000000       4.898979        Unweighted events, alpha=0.074507
  => Total parameter prop_binMixSRatleast1fjets_bin6[0.00,-7.00,7.00] to be Gaussian constrained
------------------------------------------------------------
7          1.254464        0.266324        total sum                     
7          1.250807        0.266321        excluding marked processes    
7          22.000000       4.690416        Unweighted events, alpha=0.057021
  => Total parameter prop_binMixSRatleast1fjets_bin7[0.00,-7.00,7.00] to be Gaussian constrained
------------------------------------------------------------
8          1.775192        1.105079        total sum                     
8          1.771295        1.105078        excluding marked processes    
8          3.000000        1.732051        Unweighted events, alpha=0.591731
  => Total parameter prop_binMixSRatleast1fjets_bin8[0.00,-7.00,7.00] to be Gaussian constrained
------------------------------------------------------------
9          0.270956        0.096976        total sum                     
9          0.266822        0.096970        excluding marked processes    
9          8.000000        2.828427        Unweighted events, alpha=0.033870
  => Total parameter prop_binMixSRatleast1fjets_bin9[0.00,-7.00,7.00] to be Gaussian constrained
------------------------------------------------------------
10         0.004758        0.007227        total sum                     
10         0.004758        0.007227        excluding marked processes    
10         0.000000        0.000000        Unweighted events, alpha=inf  
  => Number of weighted events is below Poisson threshold
    WJets                0.000000        0.000000                                      
      => Error is zero, ignore      
  ----------------------------------------------------------
    TT                   0.000000        0.000000                                      
      => Error is zero, ignore      
  ----------------------------------------------------------
    ZJets                0.004758        0.007227                                      
      => Poisson not viable, prop_binMixSRatleast1fjets_bin10_ZJets[0.00,-7.00,7.00] to be Gaussian constrained
  ----------------------------------------------------------
    TprimeToTZ_1400      0.000000        0.000000                                      
      => Error is zero, ignore      
  ----------------------------------------------------------
------------------------------------------------------------
11         0.007124        0.007124        total sum                     
11         0.007124        0.007124        excluding marked processes    
11         1.000000        1.000000        Unweighted events, alpha=0.007124
  => Total parameter prop_binMixSRatleast1fjets_bin11[0.00,-7.00,7.00] to be Gaussian constrained
------------------------------------------------------------
12         0.000000        0.000000        total sum                     
12         0.000000        0.000000        excluding marked processes    
  => Error is zero, ignore      
------------------------------------------------------------
============================================================
Analyzing bin errors for: prop_binMerSR0fjets
Poisson cut-off: 0
Processes excluded for sums: TprimeToTZ_1400
============================================================
Bin        Contents        Error           Notes                         
0          2.715419        0.903871        total sum                     
0          2.715419        0.903871        excluding marked processes    
0          9.000000        3.000000        Unweighted events, alpha=0.301713
  => Total parameter prop_binMerSR0fjets_bin0[0.00,-7.00,7.00] to be Gaussian constrained
------------------------------------------------------------
1          3.840591        0.485437        total sum                     
1          3.839671        0.485437        excluding marked processes    
1          63.000000       7.937254        Unweighted events, alpha=0.060962
  => Total parameter prop_binMerSR0fjets_bin1[0.00,-7.00,7.00] to be Gaussian constrained
------------------------------------------------------------
2          3.129385        0.429939        total sum                     
2          3.129385        0.429939        excluding marked processes    
2          53.000000       7.280110        Unweighted events, alpha=0.059045
  => Total parameter prop_binMerSR0fjets_bin2[0.00,-7.00,7.00] to be Gaussian constrained
------------------------------------------------------------
3          2.309040        0.373009        total sum                     
3          2.309040        0.373009        excluding marked processes    
3          38.000000       6.164414        Unweighted events, alpha=0.060764
  => Total parameter prop_binMerSR0fjets_bin3[0.00,-7.00,7.00] to be Gaussian constrained
------------------------------------------------------------
4          2.976538        0.420169        total sum                     
4          2.976538        0.420169        excluding marked processes    
4          50.000000       7.071068        Unweighted events, alpha=0.059531
  => Total parameter prop_binMerSR0fjets_bin4[0.00,-7.00,7.00] to be Gaussian constrained
------------------------------------------------------------
5          1.661589        0.299192        total sum                     
5          1.661419        0.299192        excluding marked processes    
5          31.000000       5.567764        Unweighted events, alpha=0.053600
  => Total parameter prop_binMerSR0fjets_bin5[0.00,-7.00,7.00] to be Gaussian constrained
------------------------------------------------------------
6          1.632045        0.320878        total sum                     
6          1.632045        0.320878        excluding marked processes    
6          26.000000       5.099020        Unweighted events, alpha=0.062771
  => Total parameter prop_binMerSR0fjets_bin6[0.00,-7.00,7.00] to be Gaussian constrained
------------------------------------------------------------
7          1.455723        0.291967        total sum                     
7          1.455330        0.291967        excluding marked processes    
7          25.000000       5.000000        Unweighted events, alpha=0.058229
  => Total parameter prop_binMerSR0fjets_bin7[0.00,-7.00,7.00] to be Gaussian constrained
------------------------------------------------------------
8          2.810275        0.407154        total sum                     
8          2.808860        0.407154        excluding marked processes    
8          48.000000       6.928203        Unweighted events, alpha=0.058547
  => Total parameter prop_binMerSR0fjets_bin8[0.00,-7.00,7.00] to be Gaussian constrained
------------------------------------------------------------
9          1.995166        0.346381        total sum                     
9          1.986736        0.346376        excluding marked processes    
9          33.000000       5.744563        Unweighted events, alpha=0.060460
  => Total parameter prop_binMerSR0fjets_bin9[0.00,-7.00,7.00] to be Gaussian constrained
------------------------------------------------------------
10         1.135860        0.263966        total sum                     
10         1.116409        0.263955        excluding marked processes    
10         18.000000       4.242641        Unweighted events, alpha=0.063103
  => Total parameter prop_binMerSR0fjets_bin10[0.00,-7.00,7.00] to be Gaussian constrained
------------------------------------------------------------
11         0.509633        0.118982        total sum                     
11         0.505251        0.118978        excluding marked processes    
11         18.000000       4.242641        Unweighted events, alpha=0.028313
  => Total parameter prop_binMerSR0fjets_bin11[0.00,-7.00,7.00] to be Gaussian constrained
------------------------------------------------------------
12         0.569649        0.159585        total sum                     
12         0.569649        0.159585        excluding marked processes    
12         13.000000       3.605551        Unweighted events, alpha=0.043819
  => Total parameter prop_binMerSR0fjets_bin12[0.00,-7.00,7.00] to be Gaussian constrained
------------------------------------------------------------
============================================================
Analyzing bin errors for: prop_binMerSRatleast1fjets
Poisson cut-off: 0
Processes excluded for sums: TprimeToTZ_1400
============================================================
Bin        Contents        Error           Notes                         
0          5.381120        1.501129        total sum                     
0          5.380007        1.501128        excluding marked processes    
0          13.000000       3.605551        Unweighted events, alpha=0.413932
  => Total parameter prop_binMerSRatleast1fjets_bin0[0.00,-7.00,7.00] to be Gaussian constrained
------------------------------------------------------------
1          4.625407        0.510288        total sum                     
1          4.624349        0.510288        excluding marked processes    
1          82.000000       9.055385        Unweighted events, alpha=0.056407
  => Total parameter prop_binMerSRatleast1fjets_bin1[0.00,-7.00,7.00] to be Gaussian constrained
------------------------------------------------------------
2          7.092111        0.707970        total sum                     
2          7.091316        0.707969        excluding marked processes    
2          100.000000      10.000000       Unweighted events, alpha=0.070921
  => Total parameter prop_binMerSRatleast1fjets_bin2[0.00,-7.00,7.00] to be Gaussian constrained
------------------------------------------------------------
3          5.807214        0.616432        total sum                     
3          5.804895        0.616431        excluding marked processes    
3          89.000000       9.433981        Unweighted events, alpha=0.065250
  => Total parameter prop_binMerSRatleast1fjets_bin3[0.00,-7.00,7.00] to be Gaussian constrained
------------------------------------------------------------
4          6.550049        1.542426        total sum                     
4          6.548357        1.542426        excluding marked processes    
4          18.000000       4.242641        Unweighted events, alpha=0.363892
  => Total parameter prop_binMerSRatleast1fjets_bin4[0.00,-7.00,7.00] to be Gaussian constrained
------------------------------------------------------------
5          4.349960        0.557932        total sum                     
5          4.345507        0.557930        excluding marked processes    
5          61.000000       7.810250        Unweighted events, alpha=0.071311
  => Total parameter prop_binMerSRatleast1fjets_bin5[0.00,-7.00,7.00] to be Gaussian constrained
------------------------------------------------------------
6          2.951318        0.397777        total sum                     
6          2.948107        0.397776        excluding marked processes    
6          55.000000       7.416198        Unweighted events, alpha=0.053660
  => Total parameter prop_binMerSRatleast1fjets_bin6[0.00,-7.00,7.00] to be Gaussian constrained
------------------------------------------------------------
7          2.696655        0.446378        total sum                     
7          2.692113        0.446376        excluding marked processes    
7          36.000000       6.000000        Unweighted events, alpha=0.074907
  => Total parameter prop_binMerSRatleast1fjets_bin7[0.00,-7.00,7.00] to be Gaussian constrained
------------------------------------------------------------
8          3.432337        2.165935        total sum                     
8          3.416762        2.165934        excluding marked processes    
8          2.000000        1.414214        Unweighted events, alpha=1.716169
  => Total parameter prop_binMerSRatleast1fjets_bin8[0.00,-7.00,7.00] to be Gaussian constrained
------------------------------------------------------------
9          4.050033        1.495843        total sum                     
9          3.963963        1.495834        excluding marked processes    
9          7.000000        2.645751        Unweighted events, alpha=0.578576
  => Total parameter prop_binMerSRatleast1fjets_bin9[0.00,-7.00,7.00] to be Gaussian constrained
------------------------------------------------------------
10         1.686071        0.287113        total sum                     
10         1.558174        0.287047        excluding marked processes    
10         29.000000       5.385165        Unweighted events, alpha=0.058140
  => Total parameter prop_binMerSRatleast1fjets_bin10[0.00,-7.00,7.00] to be Gaussian constrained
------------------------------------------------------------
11         0.466285        0.139114        total sum                     
11         0.437065        0.139078        excluding marked processes    
11         10.000000       3.162278        Unweighted events, alpha=0.046628
  => Total parameter prop_binMerSRatleast1fjets_bin11[0.00,-7.00,7.00] to be Gaussian constrained
------------------------------------------------------------
12         0.181294        0.172989        total sum                     
12         0.179682        0.172987        excluding marked processes    
12         1.000000        1.000000        Unweighted events, alpha=0.181294
  => Total parameter prop_binMerSRatleast1fjets_bin12[0.00,-7.00,7.00] to be Gaussian constrained
------------------------------------------------------------
============================================================
Analyzing bin errors for: prop_binAH
Poisson cut-off: 0
Processes excluded for sums: TprimeToTZ_1400
============================================================
Bin        Contents        Error           Notes                         
0          65289.209170    330.538560      total sum                     
0          65284.027596    330.538557      excluding marked processes    
0          39009.000000    197.506962      Unweighted events, alpha=1.673696
  => Total parameter prop_binAH_bin0[0.00,-7.00,7.00] to be Gaussian constrained
------------------------------------------------------------
1          24524.950028    216.979656      total sum                     
1          24524.400972    216.979656      excluding marked processes    
1          12775.000000    113.026546      Unweighted events, alpha=1.919761
  => Total parameter prop_binAH_bin1[0.00,-7.00,7.00] to be Gaussian constrained
------------------------------------------------------------
2          21463.349845    195.793168      total sum                     
2          21462.767654    195.793167      excluding marked processes    
2          12016.000000    109.617517      Unweighted events, alpha=1.786231
  => Total parameter prop_binAH_bin2[0.00,-7.00,7.00] to be Gaussian constrained
------------------------------------------------------------
3          17303.277531    172.289511      total sum                     
3          17302.594667    172.289510      excluding marked processes    
3          10086.000000    100.429079      Unweighted events, alpha=1.715574
  => Total parameter prop_binAH_bin3[0.00,-7.00,7.00] to be Gaussian constrained
------------------------------------------------------------
4          11936.772274    143.493450      total sum                     
4          11936.102404    143.493449      excluding marked processes    
4          6919.000000     83.180527       Unweighted events, alpha=1.725216
  => Total parameter prop_binAH_bin4[0.00,-7.00,7.00] to be Gaussian constrained
------------------------------------------------------------
5          7898.670828     112.844906      total sum                     
5          7897.951431     112.844905      excluding marked processes    
5          4899.000000     69.992857       Unweighted events, alpha=1.612303
  => Total parameter prop_binAH_bin5[0.00,-7.00,7.00] to be Gaussian constrained
------------------------------------------------------------
6          5235.249062     88.707181       total sum                     
6          5234.433014     88.707179       excluding marked processes    
6          3482.000000     59.008474       Unweighted events, alpha=1.503518
  => Total parameter prop_binAH_bin6[0.00,-7.00,7.00] to be Gaussian constrained
------------------------------------------------------------
7          3487.223623     71.294341       total sum                     
7          3486.426712     71.294339       excluding marked processes    
7          2391.000000     48.897853       Unweighted events, alpha=1.458479
  => Total parameter prop_binAH_bin7[0.00,-7.00,7.00] to be Gaussian constrained
------------------------------------------------------------
8          4093.350134     78.127604       total sum                     
8          4091.745220     78.127601       excluding marked processes    
8          2743.000000     52.373658       Unweighted events, alpha=1.492290
  => Total parameter prop_binAH_bin8[0.00,-7.00,7.00] to be Gaussian constrained
------------------------------------------------------------
9          3312.110903     66.280680       total sum                     
9          3308.546684     66.280671       excluding marked processes    
9          2492.000000     49.919936       Unweighted events, alpha=1.329097
  => Total parameter prop_binAH_bin9[0.00,-7.00,7.00] to be Gaussian constrained
------------------------------------------------------------
10         1228.668218     39.567899       total sum                     
10         1224.536064     39.567883       excluding marked processes    
10         958.000000      30.951575       Unweighted events, alpha=1.282535
  => Total parameter prop_binAH_bin10[0.00,-7.00,7.00] to be Gaussian constrained
------------------------------------------------------------
11         473.277933      23.935437       total sum                     
11         472.332603      23.935431       excluding marked processes    
11         389.000000      19.723083       Unweighted events, alpha=1.216653
  => Total parameter prop_binAH_bin11[0.00,-7.00,7.00] to be Gaussian constrained
------------------------------------------------------------
12         299.223712      17.298607       total sum                     
12         299.149660      17.298606       excluding marked processes    
12         299.000000      17.291616       Unweighted events, alpha=1.000748
  => Total parameter prop_binAH_bin12[0.00,-7.00,7.00] to be Gaussian constrained
------------------------------------------------------------
============================================================
Analyzing bin errors for: prop_binSL
Poisson cut-off: 0
Processes excluded for sums: TprimeToTZ_1400
============================================================
Bin        Contents        Error           Notes                         
0          726259.865468   893.334721      total sum                     
0          726250.345667   893.334719      excluding marked processes    
0          660913.000000   812.965559      Unweighted events, alpha=1.098874
  => Total parameter prop_binSL_bin0[0.00,-7.00,7.00] to be Gaussian constrained
------------------------------------------------------------
1          20601.869743    156.785919      total sum                     
1          20601.442185    156.785919      excluding marked processes    
1          17266.000000    131.400152      Unweighted events, alpha=1.193205
  => Total parameter prop_binSL_bin1[0.00,-7.00,7.00] to be Gaussian constrained
------------------------------------------------------------
2          13896.932454    125.452748      total sum                     
2          13896.546272    125.452748      excluding marked processes    
2          12270.000000    110.770032      Unweighted events, alpha=1.132594
  => Total parameter prop_binSL_bin2[0.00,-7.00,7.00] to be Gaussian constrained
------------------------------------------------------------
3          9199.826660     102.386975      total sum                     
3          9199.454678     102.386974      excluding marked processes    
3          8073.000000     89.849875       Unweighted events, alpha=1.139580
  => Total parameter prop_binSL_bin3[0.00,-7.00,7.00] to be Gaussian constrained
------------------------------------------------------------
4          6070.794034     82.124793       total sum                     
4          6070.418703     82.124793       excluding marked processes    
4          5464.000000     73.918874       Unweighted events, alpha=1.111053
  => Total parameter prop_binSL_bin4[0.00,-7.00,7.00] to be Gaussian constrained
------------------------------------------------------------
5          4049.287841     66.725157       total sum                     
5          4048.889898     66.725156       excluding marked processes    
5          3682.000000     60.679486       Unweighted events, alpha=1.099752
  => Total parameter prop_binSL_bin5[0.00,-7.00,7.00] to be Gaussian constrained
------------------------------------------------------------
6          2849.459825     55.519905       total sum                     
6          2849.106885     55.519903       excluding marked processes    
6          2633.000000     51.312766       Unweighted events, alpha=1.082210
  => Total parameter prop_binSL_bin6[0.00,-7.00,7.00] to be Gaussian constrained
------------------------------------------------------------
7          2134.327342     51.383815       total sum                     
7          2134.003183     51.383814       excluding marked processes    
7          1725.000000     41.533119       Unweighted events, alpha=1.237291
  => Total parameter prop_binSL_bin7[0.00,-7.00,7.00] to be Gaussian constrained
------------------------------------------------------------
8          2544.255310     54.322017       total sum                     
8          2543.695937     54.322015       excluding marked processes    
8          2193.000000     46.829478       Unweighted events, alpha=1.160171
  => Total parameter prop_binSL_bin8[0.00,-7.00,7.00] to be Gaussian constrained
------------------------------------------------------------
9          2097.175906     50.598765       total sum                     
9          2096.293274     50.598762       excluding marked processes    
9          1716.000000     41.424630       Unweighted events, alpha=1.222130
  => Total parameter prop_binSL_bin9[0.00,-7.00,7.00] to be Gaussian constrained
------------------------------------------------------------
10         654.439814      31.123320       total sum                     
10         653.956523      31.123318       excluding marked processes    
10         441.000000      21.000000       Unweighted events, alpha=1.483991
  => Total parameter prop_binSL_bin10[0.00,-7.00,7.00] to be Gaussian constrained
------------------------------------------------------------
11         254.033922      18.596185       total sum                     
11         253.967309      18.596184       excluding marked processes    
11         187.000000      13.674794       Unweighted events, alpha=1.358470
  => Total parameter prop_binSL_bin11[0.00,-7.00,7.00] to be Gaussian constrained
------------------------------------------------------------
12         153.035322      12.522672       total sum                     
12         153.020678      12.522672       excluding marked processes    
12         149.000000      12.206556       Unweighted events, alpha=1.027083
  => Total parameter prop_binSL_bin12[0.00,-7.00,7.00] to be Gaussian constrained
------------------------------------------------------------
============================================================
Analyzing bin errors for: prop_binAH1lWR
Poisson cut-off: 0
Processes excluded for sums: TprimeToTZ_1400
============================================================
Bin        Contents        Error           Notes                         
0          884876.776515   1901.194475     total sum                     
0          884875.876395   1901.194475     excluding marked processes    
0          216627.000000   465.432057      Unweighted events, alpha=4.084794
  => Total parameter prop_binAH1lWR_bin0[0.00,-7.00,7.00] to be Gaussian constrained
------------------------------------------------------------
1          21476.319718    279.221895      total sum                     
1          21476.288300    279.221895      excluding marked processes    
1          5916.000000     76.915538       Unweighted events, alpha=3.630210
  => Total parameter prop_binAH1lWR_bin1[0.00,-7.00,7.00] to be Gaussian constrained
------------------------------------------------------------
2          14032.544243    227.576122      total sum                     
2          14032.517639    227.576122      excluding marked processes    
2          3802.000000     61.660360       Unweighted events, alpha=3.690832
  => Total parameter prop_binAH1lWR_bin2[0.00,-7.00,7.00] to be Gaussian constrained
------------------------------------------------------------
3          9577.069634     185.188429      total sum                     
3          9577.044740     185.188429      excluding marked processes    
3          2674.000000     51.710734       Unweighted events, alpha=3.581552
  => Total parameter prop_binAH1lWR_bin3[0.00,-7.00,7.00] to be Gaussian constrained
------------------------------------------------------------
4          6700.227189     155.601391      total sum                     
4          6700.204440     155.601391      excluding marked processes    
4          1854.000000     43.058100       Unweighted events, alpha=3.613931
  => Total parameter prop_binAH1lWR_bin4[0.00,-7.00,7.00] to be Gaussian constrained
------------------------------------------------------------
5          4294.744518     127.356921      total sum                     
5          4294.717851     127.356921      excluding marked processes    
5          1137.000000     33.719431       Unweighted events, alpha=3.777260
  => Total parameter prop_binAH1lWR_bin5[0.00,-7.00,7.00] to be Gaussian constrained
------------------------------------------------------------
6          3058.344581     105.156712      total sum                     
6          3058.325558     105.156712      excluding marked processes    
6          846.000000      29.086079       Unweighted events, alpha=3.615065
  => Total parameter prop_binAH1lWR_bin6[0.00,-7.00,7.00] to be Gaussian constrained
------------------------------------------------------------
7          2208.300111     88.524460       total sum                     
7          2208.285827     88.524460       excluding marked processes    
7          622.000000      24.939928       Unweighted events, alpha=3.550322
  => Total parameter prop_binAH1lWR_bin7[0.00,-7.00,7.00] to be Gaussian constrained
------------------------------------------------------------
8          2637.104978     95.914345       total sum                     
8          2637.074831     95.914345       excluding marked processes    
8          756.000000      27.495454       Unweighted events, alpha=3.488234
  => Total parameter prop_binAH1lWR_bin8[0.00,-7.00,7.00] to be Gaussian constrained
------------------------------------------------------------
9          2198.424425     88.313567       total sum                     
9          2198.382398     88.313567       excluding marked processes    
9          620.000000      24.899799       Unweighted events, alpha=3.545846
  => Total parameter prop_binAH1lWR_bin9[0.00,-7.00,7.00] to be Gaussian constrained
------------------------------------------------------------
10         743.956348      48.377571       total sum                     
10         743.948133      48.377571       excluding marked processes    
10         236.000000      15.362291       Unweighted events, alpha=3.152357
  => Total parameter prop_binAH1lWR_bin10[0.00,-7.00,7.00] to be Gaussian constrained
------------------------------------------------------------
11         205.490302      26.134509       total sum                     
11         205.489725      26.134509       excluding marked processes    
11         62.000000       7.874008        Unweighted events, alpha=3.314360
  => Total parameter prop_binAH1lWR_bin11[0.00,-7.00,7.00] to be Gaussian constrained
------------------------------------------------------------
12         159.300916      21.495285       total sum                     
12         159.300541      21.495285       excluding marked processes    
12         55.000000       7.416198        Unweighted events, alpha=2.896380
  => Total parameter prop_binAH1lWR_bin12[0.00,-7.00,7.00] to be Gaussian constrained
------------------------------------------------------------
============================================================
Analyzing bin errors for: prop_binAH0lZR
Poisson cut-off: 0
Processes excluded for sums: TprimeToTZ_1400
============================================================
Bin        Contents        Error           Notes                         
0          9163.828665     189.150233      total sum                     
0          9163.823028     189.150233      excluding marked processes    
0          2347.000000     48.445846       Unweighted events, alpha=3.904486
  => Total parameter prop_binAH0lZR_bin0[0.00,-7.00,7.00] to be Gaussian constrained
------------------------------------------------------------
1          5937.426175     156.566665      total sum                     
1          5937.416673     156.566665      excluding marked processes    
1          1438.000000     37.920970       Unweighted events, alpha=4.128947
  => Total parameter prop_binAH0lZR_bin1[0.00,-7.00,7.00] to be Gaussian constrained
------------------------------------------------------------
2          4053.275853     125.909325      total sum                     
2          4053.271305     125.909325      excluding marked processes    
2          1036.000000     32.186954       Unweighted events, alpha=3.912428
  => Total parameter prop_binAH0lZR_bin2[0.00,-7.00,7.00] to be Gaussian constrained
------------------------------------------------------------
3          2324.883351     97.090960       total sum                     
3          2324.877745     97.090960       excluding marked processes    
3          573.000000      23.937418       Unweighted events, alpha=4.057388
  => Total parameter prop_binAH0lZR_bin3[0.00,-7.00,7.00] to be Gaussian constrained
------------------------------------------------------------
4          1576.835606     78.098252       total sum                     
4          1576.830645     78.098252       excluding marked processes    
4          408.000000      20.199010       Unweighted events, alpha=3.864793
  => Total parameter prop_binAH0lZR_bin4[0.00,-7.00,7.00] to be Gaussian constrained
------------------------------------------------------------
5          1166.133943     63.262257       total sum                     
5          1166.130635     63.262257       excluding marked processes    
5          340.000000      18.439089       Unweighted events, alpha=3.429806
  => Total parameter prop_binAH0lZR_bin5[0.00,-7.00,7.00] to be Gaussian constrained
------------------------------------------------------------
6          817.057864      51.482866       total sum                     
6          817.047554      51.482866       excluding marked processes    
6          252.000000      15.874508       Unweighted events, alpha=3.242293
  => Total parameter prop_binAH0lZR_bin6[0.00,-7.00,7.00] to be Gaussian constrained
------------------------------------------------------------
7          463.951340      42.295573       total sum                     
7          463.943010      42.295573       excluding marked processes    
7          120.000000      10.954451       Unweighted events, alpha=3.866261
  => Total parameter prop_binAH0lZR_bin7[0.00,-7.00,7.00] to be Gaussian constrained
------------------------------------------------------------
8          559.681645      45.703654       total sum                     
8          559.665751      45.703654       excluding marked processes    
8          150.000000      12.247449       Unweighted events, alpha=3.731211
  => Total parameter prop_binAH0lZR_bin8[0.00,-7.00,7.00] to be Gaussian constrained
------------------------------------------------------------
9          493.502581      38.974438       total sum                     
9          493.463758      38.974438       excluding marked processes    
9          160.000000      12.649111       Unweighted events, alpha=3.084391
  => Total parameter prop_binAH0lZR_bin9[0.00,-7.00,7.00] to be Gaussian constrained
------------------------------------------------------------
10         283.469347      21.010738       total sum                     
10         283.414934      21.010738       excluding marked processes    
10         182.000000      13.490738       Unweighted events, alpha=1.557524
  => Total parameter prop_binAH0lZR_bin10[0.00,-7.00,7.00] to be Gaussian constrained
------------------------------------------------------------
11         124.512243      11.736612       total sum                     
11         124.498763      11.736612       excluding marked processes    
11         113.000000      10.630146       Unweighted events, alpha=1.101878
  => Total parameter prop_binAH0lZR_bin11[0.00,-7.00,7.00] to be Gaussian constrained
------------------------------------------------------------
12         115.106854      9.993354        total sum                     
12         115.106854      9.993354        excluding marked processes    
12         133.000000      11.532563       Unweighted events, alpha=0.865465
  => Total parameter prop_binAH0lZR_bin12[0.00,-7.00,7.00] to be Gaussian constrained
------------------------------------------------------------
Channel MixSR0fjets will use autoMCStats with settings: event-threshold=0, include-signal=0, hist-mode=1
Channel MixSRatleast1fjets will use autoMCStats with settings: event-threshold=0, include-signal=0, hist-mode=1
Channel MerSR0fjets will use autoMCStats with settings: event-threshold=0, include-signal=0, hist-mode=1
Channel MerSRatleast1fjets will use autoMCStats with settings: event-threshold=0, include-signal=0, hist-mode=1
Channel AH will use autoMCStats with settings: event-threshold=0, include-signal=0, hist-mode=1
Channel SL will use autoMCStats with settings: event-threshold=0, include-signal=0, hist-mode=1
Channel AH1lWR will use autoMCStats with settings: event-threshold=0, include-signal=0, hist-mode=1
Channel AH0lZR will use autoMCStats with settings: event-threshold=0, include-signal=0, hist-mode=1

 -- AsymptoticLimits ( CLs ) --
Observed Limit: r < 7.9647
Expected  2.5%: r < 7.5732
Expected 16.0%: r < 10.2411
Expected 50.0%: r < 14.6875
Expected 84.0%: r < 21.0689
Expected 97.5%: r < 28.9027

Done in 0.01 min (cpu), 0.01 min (real)
