 <<< Combine >>> 
 <<< v10.0.1 >>>
>>> Random number generator seed is 123456
>>> Method used is AsymptoticLimits
============================================================
Analyzing bin errors for: prop_binMixSR0fjets
Poisson cut-off: 0
Processes excluded for sums: TprimeToTZ_900
============================================================
Bin        Contents        Error           Notes                         
0          78.698291       10.453560       total sum                     
0          78.695059       10.453560       excluding marked processes    
0          57.000000       7.549834        Unweighted events, alpha=1.380672
  => Total parameter prop_binMixSR0fjets_bin0[0.00,-7.00,7.00] to be Gaussian constrained
------------------------------------------------------------
1          50.237062       5.991271        total sum                     
1          50.228029       5.991269        excluding marked processes    
1          70.000000       8.366600        Unweighted events, alpha=0.717672
  => Total parameter prop_binMixSR0fjets_bin1[0.00,-7.00,7.00] to be Gaussian constrained
------------------------------------------------------------
2          24.700594       4.449486        total sum                     
2          24.693261       4.449484        excluding marked processes    
2          31.000000       5.567764        Unweighted events, alpha=0.796793
  => Total parameter prop_binMixSR0fjets_bin2[0.00,-7.00,7.00] to be Gaussian constrained
------------------------------------------------------------
3          11.113473       2.826018        total sum                     
3          11.112533       2.826018        excluding marked processes    
3          15.000000       3.872983        Unweighted events, alpha=0.740898
  => Total parameter prop_binMixSR0fjets_bin3[0.00,-7.00,7.00] to be Gaussian constrained
------------------------------------------------------------
4          6.786863        1.473086        total sum                     
4          6.777481        1.473081        excluding marked processes    
4          21.000000       4.582576        Unweighted events, alpha=0.323184
  => Total parameter prop_binMixSR0fjets_bin4[0.00,-7.00,7.00] to be Gaussian constrained
------------------------------------------------------------
5          3.364474        1.391594        total sum                     
5          3.359118        1.391590        excluding marked processes    
5          6.000000        2.449490        Unweighted events, alpha=0.560746
  => Total parameter prop_binMixSR0fjets_bin5[0.00,-7.00,7.00] to be Gaussian constrained
------------------------------------------------------------
6          2.078402        0.372146        total sum                     
6          2.068390        0.372124        excluding marked processes    
6          31.000000       5.567764        Unweighted events, alpha=0.067045
  => Total parameter prop_binMixSR0fjets_bin6[0.00,-7.00,7.00] to be Gaussian constrained
------------------------------------------------------------
7          0.699347        0.215458        total sum                     
7          0.685336        0.215353        excluding marked processes    
7          10.000000       3.162278        Unweighted events, alpha=0.069935
  => Total parameter prop_binMixSR0fjets_bin7[0.00,-7.00,7.00] to be Gaussian constrained
------------------------------------------------------------
8          0.723344        0.241953        total sum                     
8          0.715806        0.241928        excluding marked processes    
8          9.000000        3.000000        Unweighted events, alpha=0.080372
  => Total parameter prop_binMixSR0fjets_bin8[0.00,-7.00,7.00] to be Gaussian constrained
------------------------------------------------------------
9          0.084167        0.045102        total sum                     
9          0.084167        0.045102        excluding marked processes    
9          3.000000        1.732051        Unweighted events, alpha=0.028056
  => Total parameter prop_binMixSR0fjets_bin9[0.00,-7.00,7.00] to be Gaussian constrained
------------------------------------------------------------
10         0.007392        0.007392        total sum                     
10         0.007392        0.007392        excluding marked processes    
10         1.000000        1.000000        Unweighted events, alpha=0.007392
  => Total parameter prop_binMixSR0fjets_bin10[0.00,-7.00,7.00] to be Gaussian constrained
------------------------------------------------------------
11         0.000000        0.007621        total sum                     
11         0.000000        0.007621        excluding marked processes    
11         0.000000        0.000000        Unweighted events, alpha=inf  
  => Number of weighted events is below Poisson threshold
    WJets                0.000000        0.000000                                      
      => Error is zero, ignore      
  ----------------------------------------------------------
    TT                   0.000000        0.000000                                      
      => Error is zero, ignore      
  ----------------------------------------------------------
    ZJets                0.000000        0.007621                                      
      => Poisson not viable, prop_binMixSR0fjets_bin11_ZJets[0.00,-7.00,7.00] to be Gaussian constrained
  ----------------------------------------------------------
    TprimeToTZ_900       0.000000        0.000000                                      
      => Error is zero, ignore      
  ----------------------------------------------------------
------------------------------------------------------------
12         0.000000        0.000000        total sum                     
12         0.000000        0.000000        excluding marked processes    
  => Error is zero, ignore      
------------------------------------------------------------
============================================================
Analyzing bin errors for: prop_binMixSRatleast1fjets
Poisson cut-off: 0
Processes excluded for sums: TprimeToTZ_900
============================================================
Bin        Contents        Error           Notes                         
0          90.533394       11.960678       total sum                     
0          90.462815       11.960668       excluding marked processes    
0          57.000000       7.549834        Unweighted events, alpha=1.588305
  => Total parameter prop_binMixSRatleast1fjets_bin0[0.00,-7.00,7.00] to be Gaussian constrained
------------------------------------------------------------
1          57.265129       10.338120       total sum                     
1          57.152751       10.338098       excluding marked processes    
1          31.000000       5.567764        Unweighted events, alpha=1.847262
  => Total parameter prop_binMixSRatleast1fjets_bin1[0.00,-7.00,7.00] to be Gaussian constrained
------------------------------------------------------------
2          28.901437       3.316982        total sum                     
2          28.770010       3.316916        excluding marked processes    
2          75.000000       8.660254        Unweighted events, alpha=0.385352
  => Total parameter prop_binMixSRatleast1fjets_bin2[0.00,-7.00,7.00] to be Gaussian constrained
------------------------------------------------------------
3          21.409944       4.595248        total sum                     
3          21.297397       4.595207        excluding marked processes    
3          21.000000       4.582576        Unweighted events, alpha=1.019521
  => Total parameter prop_binMixSRatleast1fjets_bin3[0.00,-7.00,7.00] to be Gaussian constrained
------------------------------------------------------------
4          12.895321       3.320219        total sum                     
4          12.781342       3.320168        excluding marked processes    
4          15.000000       3.872983        Unweighted events, alpha=0.859688
  => Total parameter prop_binMixSRatleast1fjets_bin4[0.00,-7.00,7.00] to be Gaussian constrained
------------------------------------------------------------
5          8.133472        3.084491        total sum                     
5          7.966324        3.084409        excluding marked processes    
5          7.000000        2.645751        Unweighted events, alpha=1.161925
  => Total parameter prop_binMixSRatleast1fjets_bin5[0.00,-7.00,7.00] to be Gaussian constrained
------------------------------------------------------------
6          1.893759        0.367066        total sum                     
6          1.786351        0.366696        excluding marked processes    
6          24.000000       4.898979        Unweighted events, alpha=0.078907
  => Total parameter prop_binMixSRatleast1fjets_bin6[0.00,-7.00,7.00] to be Gaussian constrained
------------------------------------------------------------
7          1.315284        0.266605        total sum                     
7          1.250807        0.266321        excluding marked processes    
7          22.000000       4.690416        Unweighted events, alpha=0.059786
  => Total parameter prop_binMixSRatleast1fjets_bin7[0.00,-7.00,7.00] to be Gaussian constrained
------------------------------------------------------------
8          1.788602        1.105094        total sum                     
8          1.771295        1.105078        excluding marked processes    
8          3.000000        1.732051        Unweighted events, alpha=0.596201
  => Total parameter prop_binMixSRatleast1fjets_bin8[0.00,-7.00,7.00] to be Gaussian constrained
------------------------------------------------------------
9          0.266822        0.096970        total sum                     
9          0.266822        0.096970        excluding marked processes    
9          8.000000        2.828427        Unweighted events, alpha=0.033353
  => Total parameter prop_binMixSRatleast1fjets_bin9[0.00,-7.00,7.00] to be Gaussian constrained
------------------------------------------------------------
10         0.004758        0.007227        total sum                     
10         0.004758        0.007227        excluding marked processes    
10         0.000000        0.000000        Unweighted events, alpha=inf  
  => Number of weighted events is below Poisson threshold
    WJets                0.000000        0.000000                                      
      => Error is zero, ignore      
  ----------------------------------------------------------
    TT                   0.000000        0.000000                                      
      => Error is zero, ignore      
  ----------------------------------------------------------
    ZJets                0.004758        0.007227                                      
      => Poisson not viable, prop_binMixSRatleast1fjets_bin10_ZJets[0.00,-7.00,7.00] to be Gaussian constrained
  ----------------------------------------------------------
    TprimeToTZ_900       0.000000        0.000000                                      
      => Error is zero, ignore      
  ----------------------------------------------------------
------------------------------------------------------------
11         0.007124        0.007124        total sum                     
11         0.007124        0.007124        excluding marked processes    
11         1.000000        1.000000        Unweighted events, alpha=0.007124
  => Total parameter prop_binMixSRatleast1fjets_bin11[0.00,-7.00,7.00] to be Gaussian constrained
------------------------------------------------------------
12         0.000000        0.000000        total sum                     
12         0.000000        0.000000        excluding marked processes    
  => Error is zero, ignore      
------------------------------------------------------------
============================================================
Analyzing bin errors for: prop_binMerSR0fjets
Poisson cut-off: 0
Processes excluded for sums: TprimeToTZ_900
============================================================
Bin        Contents        Error           Notes                         
0          2.715419        0.903871        total sum                     
0          2.715419        0.903871        excluding marked processes    
0          9.000000        3.000000        Unweighted events, alpha=0.301713
  => Total parameter prop_binMerSR0fjets_bin0[0.00,-7.00,7.00] to be Gaussian constrained
------------------------------------------------------------
1          3.844421        0.485451        total sum                     
1          3.839671        0.485437        excluding marked processes    
1          63.000000       7.937254        Unweighted events, alpha=0.061023
  => Total parameter prop_binMerSR0fjets_bin1[0.00,-7.00,7.00] to be Gaussian constrained
------------------------------------------------------------
2          3.139264        0.430004        total sum                     
2          3.129385        0.429939        excluding marked processes    
2          53.000000       7.280110        Unweighted events, alpha=0.059231
  => Total parameter prop_binMerSR0fjets_bin2[0.00,-7.00,7.00] to be Gaussian constrained
------------------------------------------------------------
3          2.312205        0.373013        total sum                     
3          2.309040        0.373009        excluding marked processes    
3          38.000000       6.164414        Unweighted events, alpha=0.060847
  => Total parameter prop_binMerSR0fjets_bin3[0.00,-7.00,7.00] to be Gaussian constrained
------------------------------------------------------------
4          2.993009        0.420265        total sum                     
4          2.976538        0.420169        excluding marked processes    
4          50.000000       7.071068        Unweighted events, alpha=0.059860
  => Total parameter prop_binMerSR0fjets_bin4[0.00,-7.00,7.00] to be Gaussian constrained
------------------------------------------------------------
5          1.671188        0.299218        total sum                     
5          1.661419        0.299192        excluding marked processes    
5          31.000000       5.567764        Unweighted events, alpha=0.053909
  => Total parameter prop_binMerSR0fjets_bin5[0.00,-7.00,7.00] to be Gaussian constrained
------------------------------------------------------------
6          1.652056        0.321002        total sum                     
6          1.632045        0.320878        excluding marked processes    
6          26.000000       5.099020        Unweighted events, alpha=0.063541
  => Total parameter prop_binMerSR0fjets_bin6[0.00,-7.00,7.00] to be Gaussian constrained
------------------------------------------------------------
7          1.456735        0.291969        total sum                     
7          1.455330        0.291967        excluding marked processes    
7          25.000000       5.000000        Unweighted events, alpha=0.058269
  => Total parameter prop_binMerSR0fjets_bin7[0.00,-7.00,7.00] to be Gaussian constrained
------------------------------------------------------------
8          2.809897        0.407154        total sum                     
8          2.808860        0.407154        excluding marked processes    
8          48.000000       6.928203        Unweighted events, alpha=0.058540
  => Total parameter prop_binMerSR0fjets_bin8[0.00,-7.00,7.00] to be Gaussian constrained
------------------------------------------------------------
9          1.986736        0.346376        total sum                     
9          1.986736        0.346376        excluding marked processes    
9          33.000000       5.744563        Unweighted events, alpha=0.060204
  => Total parameter prop_binMerSR0fjets_bin9[0.00,-7.00,7.00] to be Gaussian constrained
------------------------------------------------------------
10         1.116409        0.263955        total sum                     
10         1.116409        0.263955        excluding marked processes    
10         18.000000       4.242641        Unweighted events, alpha=0.062023
  => Total parameter prop_binMerSR0fjets_bin10[0.00,-7.00,7.00] to be Gaussian constrained
------------------------------------------------------------
11         0.505251        0.118978        total sum                     
11         0.505251        0.118978        excluding marked processes    
11         18.000000       4.242641        Unweighted events, alpha=0.028069
  => Total parameter prop_binMerSR0fjets_bin11[0.00,-7.00,7.00] to be Gaussian constrained
------------------------------------------------------------
12         0.569649        0.159585        total sum                     
12         0.569649        0.159585        excluding marked processes    
12         13.000000       3.605551        Unweighted events, alpha=0.043819
  => Total parameter prop_binMerSR0fjets_bin12[0.00,-7.00,7.00] to be Gaussian constrained
------------------------------------------------------------
============================================================
Analyzing bin errors for: prop_binMerSRatleast1fjets
Poisson cut-off: 0
Processes excluded for sums: TprimeToTZ_900
============================================================
Bin        Contents        Error           Notes                         
0          5.408803        1.501166        total sum                     
0          5.380007        1.501128        excluding marked processes    
0          13.000000       3.605551        Unweighted events, alpha=0.416062
  => Total parameter prop_binMerSRatleast1fjets_bin0[0.00,-7.00,7.00] to be Gaussian constrained
------------------------------------------------------------
1          4.667285        0.510432        total sum                     
1          4.624349        0.510288        excluding marked processes    
1          82.000000       9.055385        Unweighted events, alpha=0.056918
  => Total parameter prop_binMerSRatleast1fjets_bin1[0.00,-7.00,7.00] to be Gaussian constrained
------------------------------------------------------------
2          7.155014        0.708188        total sum                     
2          7.091316        0.707969        excluding marked processes    
2          100.000000      10.000000       Unweighted events, alpha=0.071550
  => Total parameter prop_binMerSRatleast1fjets_bin2[0.00,-7.00,7.00] to be Gaussian constrained
------------------------------------------------------------
3          5.908345        0.616709        total sum                     
3          5.804895        0.616431        excluding marked processes    
3          89.000000       9.433981        Unweighted events, alpha=0.066386
  => Total parameter prop_binMerSRatleast1fjets_bin3[0.00,-7.00,7.00] to be Gaussian constrained
------------------------------------------------------------
4          6.644851        1.542507        total sum                     
4          6.548357        1.542426        excluding marked processes    
4          18.000000       4.242641        Unweighted events, alpha=0.369158
  => Total parameter prop_binMerSRatleast1fjets_bin4[0.00,-7.00,7.00] to be Gaussian constrained
------------------------------------------------------------
5          4.505273        0.558403        total sum                     
5          4.345507        0.557930        excluding marked processes    
5          61.000000       7.810250        Unweighted events, alpha=0.073857
  => Total parameter prop_binMerSRatleast1fjets_bin5[0.00,-7.00,7.00] to be Gaussian constrained
------------------------------------------------------------
6          3.092796        0.398275        total sum                     
6          2.948107        0.397776        excluding marked processes    
6          55.000000       7.416198        Unweighted events, alpha=0.056233
  => Total parameter prop_binMerSRatleast1fjets_bin6[0.00,-7.00,7.00] to be Gaussian constrained
------------------------------------------------------------
7          2.804000        0.446742        total sum                     
7          2.692113        0.446376        excluding marked processes    
7          36.000000       6.000000        Unweighted events, alpha=0.077889
  => Total parameter prop_binMerSRatleast1fjets_bin7[0.00,-7.00,7.00] to be Gaussian constrained
------------------------------------------------------------
8          3.503469        2.166002        total sum                     
8          3.416762        2.165934        excluding marked processes    
8          2.000000        1.414214        Unweighted events, alpha=1.751735
  => Total parameter prop_binMerSRatleast1fjets_bin8[0.00,-7.00,7.00] to be Gaussian constrained
------------------------------------------------------------
9          3.969938        1.495838        total sum                     
9          3.963963        1.495834        excluding marked processes    
9          7.000000        2.645751        Unweighted events, alpha=0.567134
  => Total parameter prop_binMerSRatleast1fjets_bin9[0.00,-7.00,7.00] to be Gaussian constrained
------------------------------------------------------------
10         1.558174        0.287047        total sum                     
10         1.558174        0.287047        excluding marked processes    
10         29.000000       5.385165        Unweighted events, alpha=0.053730
  => Total parameter prop_binMerSRatleast1fjets_bin10[0.00,-7.00,7.00] to be Gaussian constrained
------------------------------------------------------------
11         0.437065        0.139078        total sum                     
11         0.437065        0.139078        excluding marked processes    
11         10.000000       3.162278        Unweighted events, alpha=0.043707
  => Total parameter prop_binMerSRatleast1fjets_bin11[0.00,-7.00,7.00] to be Gaussian constrained
------------------------------------------------------------
12         0.179682        0.172987        total sum                     
12         0.179682        0.172987        excluding marked processes    
12         1.000000        1.000000        Unweighted events, alpha=0.179682
  => Total parameter prop_binMerSRatleast1fjets_bin12[0.00,-7.00,7.00] to be Gaussian constrained
------------------------------------------------------------
============================================================
Analyzing bin errors for: prop_binAH
Poisson cut-off: 0
Processes excluded for sums: TprimeToTZ_900
============================================================
Bin        Contents        Error           Notes                         
0          65316.586876    330.538732      total sum                     
0          65284.027596    330.538557      excluding marked processes    
0          39009.000000    197.506962      Unweighted events, alpha=1.674398
  => Total parameter prop_binAH_bin0[0.00,-7.00,7.00] to be Gaussian constrained
------------------------------------------------------------
1          24536.344816    216.979749      total sum                     
1          24524.400972    216.979656      excluding marked processes    
1          12775.000000    113.026546      Unweighted events, alpha=1.920653
  => Total parameter prop_binAH_bin1[0.00,-7.00,7.00] to be Gaussian constrained
------------------------------------------------------------
2          21477.736658    195.793299      total sum                     
2          21462.767654    195.793167      excluding marked processes    
2          12016.000000    109.617517      Unweighted events, alpha=1.787428
  => Total parameter prop_binAH_bin2[0.00,-7.00,7.00] to be Gaussian constrained
------------------------------------------------------------
3          17319.650040    172.289751      total sum                     
3          17302.594667    172.289510      excluding marked processes    
3          10086.000000    100.429079      Unweighted events, alpha=1.717197
  => Total parameter prop_binAH_bin3[0.00,-7.00,7.00] to be Gaussian constrained
------------------------------------------------------------
4          11954.655966    143.493671      total sum                     
4          11936.102404    143.493449      excluding marked processes    
4          6919.000000     83.180527       Unweighted events, alpha=1.727801
  => Total parameter prop_binAH_bin4[0.00,-7.00,7.00] to be Gaussian constrained
------------------------------------------------------------
5          7917.788813     112.845200      total sum                     
5          7897.951431     112.844905      excluding marked processes    
5          4899.000000     69.992857       Unweighted events, alpha=1.616205
  => Total parameter prop_binAH_bin5[0.00,-7.00,7.00] to be Gaussian constrained
------------------------------------------------------------
6          5252.634769     88.707531       total sum                     
6          5234.433014     88.707179       excluding marked processes    
6          3482.000000     59.008474       Unweighted events, alpha=1.508511
  => Total parameter prop_binAH_bin6[0.00,-7.00,7.00] to be Gaussian constrained
------------------------------------------------------------
7          3499.347846     71.294640       total sum                     
7          3486.426712     71.294339       excluding marked processes    
7          2391.000000     48.897853       Unweighted events, alpha=1.463550
  => Total parameter prop_binAH_bin7[0.00,-7.00,7.00] to be Gaussian constrained
------------------------------------------------------------
8          4100.276260     78.127784       total sum                     
8          4091.745220     78.127601       excluding marked processes    
8          2743.000000     52.373658       Unweighted events, alpha=1.494815
  => Total parameter prop_binAH_bin8[0.00,-7.00,7.00] to be Gaussian constrained
------------------------------------------------------------
9          3310.708962     66.281253       total sum                     
9          3308.546684     66.280671       excluding marked processes    
9          2492.000000     49.919936       Unweighted events, alpha=1.328535
  => Total parameter prop_binAH_bin9[0.00,-7.00,7.00] to be Gaussian constrained
------------------------------------------------------------
10         1224.853968     39.567898       total sum                     
10         1224.536064     39.567883       excluding marked processes    
10         958.000000      30.951575       Unweighted events, alpha=1.278553
  => Total parameter prop_binAH_bin10[0.00,-7.00,7.00] to be Gaussian constrained
------------------------------------------------------------
11         472.396797      23.935436       total sum                     
11         472.332603      23.935431       excluding marked processes    
11         389.000000      19.723083       Unweighted events, alpha=1.214388
  => Total parameter prop_binAH_bin11[0.00,-7.00,7.00] to be Gaussian constrained
------------------------------------------------------------
12         299.241085      17.298617       total sum                     
12         299.149660      17.298606       excluding marked processes    
12         299.000000      17.291616       Unweighted events, alpha=1.000806
  => Total parameter prop_binAH_bin12[0.00,-7.00,7.00] to be Gaussian constrained
------------------------------------------------------------
============================================================
Analyzing bin errors for: prop_binSL
Poisson cut-off: 0
Processes excluded for sums: TprimeToTZ_900
============================================================
Bin        Contents        Error           Notes                         
0          726321.432886   893.334875      total sum                     
0          726250.345667   893.334719      excluding marked processes    
0          660913.000000   812.965559      Unweighted events, alpha=1.098967
  => Total parameter prop_binSL_bin0[0.00,-7.00,7.00] to be Gaussian constrained
------------------------------------------------------------
1          20607.097384    156.785989      total sum                     
1          20601.442185    156.785919      excluding marked processes    
1          17266.000000    131.400152      Unweighted events, alpha=1.193507
  => Total parameter prop_binSL_bin1[0.00,-7.00,7.00] to be Gaussian constrained
------------------------------------------------------------
2          13901.424515    125.452821      total sum                     
2          13896.546272    125.452748      excluding marked processes    
2          12270.000000    110.770032      Unweighted events, alpha=1.132960
  => Total parameter prop_binSL_bin2[0.00,-7.00,7.00] to be Gaussian constrained
------------------------------------------------------------
3          9203.835927     102.387053      total sum                     
3          9199.454678     102.386974      excluding marked processes    
3          8073.000000     89.849875       Unweighted events, alpha=1.140076
  => Total parameter prop_binSL_bin3[0.00,-7.00,7.00] to be Gaussian constrained
------------------------------------------------------------
4          6074.251172     82.124880       total sum                     
4          6070.418703     82.124793       excluding marked processes    
4          5464.000000     73.918874       Unweighted events, alpha=1.111686
  => Total parameter prop_binSL_bin4[0.00,-7.00,7.00] to be Gaussian constrained
------------------------------------------------------------
5          4051.599411     66.725227       total sum                     
5          4048.889898     66.725156       excluding marked processes    
5          3682.000000     60.679486       Unweighted events, alpha=1.100380
  => Total parameter prop_binSL_bin5[0.00,-7.00,7.00] to be Gaussian constrained
------------------------------------------------------------
6          2851.106983     55.519974       total sum                     
6          2849.106885     55.519903       excluding marked processes    
6          2633.000000     51.312766       Unweighted events, alpha=1.082836
  => Total parameter prop_binSL_bin6[0.00,-7.00,7.00] to be Gaussian constrained
------------------------------------------------------------
7          2135.126889     51.383853       total sum                     
7          2134.003183     51.383814       excluding marked processes    
7          1725.000000     41.533119       Unweighted events, alpha=1.237755
  => Total parameter prop_binSL_bin7[0.00,-7.00,7.00] to be Gaussian constrained
------------------------------------------------------------
8          2544.476672     54.322040       total sum                     
8          2543.695937     54.322015       excluding marked processes    
8          2193.000000     46.829478       Unweighted events, alpha=1.160272
  => Total parameter prop_binSL_bin8[0.00,-7.00,7.00] to be Gaussian constrained
------------------------------------------------------------
9          2096.564830     50.598771       total sum                     
9          2096.293274     50.598762       excluding marked processes    
9          1716.000000     41.424630       Unweighted events, alpha=1.221774
  => Total parameter prop_binSL_bin9[0.00,-7.00,7.00] to be Gaussian constrained
------------------------------------------------------------
10         654.022794      31.123321       total sum                     
10         653.956523      31.123318       excluding marked processes    
10         441.000000      21.000000       Unweighted events, alpha=1.483045
  => Total parameter prop_binSL_bin10[0.00,-7.00,7.00] to be Gaussian constrained
------------------------------------------------------------
11         253.990715      18.596187       total sum                     
11         253.967309      18.596184       excluding marked processes    
11         187.000000      13.674794       Unweighted events, alpha=1.358239
  => Total parameter prop_binSL_bin11[0.00,-7.00,7.00] to be Gaussian constrained
------------------------------------------------------------
12         153.037823      12.522675       total sum                     
12         153.020678      12.522672       excluding marked processes    
12         149.000000      12.206556       Unweighted events, alpha=1.027099
  => Total parameter prop_binSL_bin12[0.00,-7.00,7.00] to be Gaussian constrained
------------------------------------------------------------
============================================================
Analyzing bin errors for: prop_binAH1lWR
Poisson cut-off: 0
Processes excluded for sums: TprimeToTZ_900
============================================================
Bin        Contents        Error           Notes                         
0          884883.848367   1901.194484     total sum                     
0          884875.876395   1901.194475     excluding marked processes    
0          216627.000000   465.432057      Unweighted events, alpha=4.084827
  => Total parameter prop_binAH1lWR_bin0[0.00,-7.00,7.00] to be Gaussian constrained
------------------------------------------------------------
1          21476.985327    279.221900      total sum                     
1          21476.288300    279.221895      excluding marked processes    
1          5916.000000     76.915538       Unweighted events, alpha=3.630322
  => Total parameter prop_binAH1lWR_bin1[0.00,-7.00,7.00] to be Gaussian constrained
------------------------------------------------------------
2          14033.183411    227.576129      total sum                     
2          14032.517639    227.576122      excluding marked processes    
2          3802.000000     61.660360       Unweighted events, alpha=3.691000
  => Total parameter prop_binAH1lWR_bin2[0.00,-7.00,7.00] to be Gaussian constrained
------------------------------------------------------------
3          9577.696020     185.188436      total sum                     
3          9577.044740     185.188429      excluding marked processes    
3          2674.000000     51.710734       Unweighted events, alpha=3.581786
  => Total parameter prop_binAH1lWR_bin3[0.00,-7.00,7.00] to be Gaussian constrained
------------------------------------------------------------
4          6700.633850     155.601396      total sum                     
4          6700.204440     155.601391      excluding marked processes    
4          1854.000000     43.058100       Unweighted events, alpha=3.614150
  => Total parameter prop_binAH1lWR_bin4[0.00,-7.00,7.00] to be Gaussian constrained
------------------------------------------------------------
5          4295.057199     127.356926      total sum                     
5          4294.717851     127.356921      excluding marked processes    
5          1137.000000     33.719431       Unweighted events, alpha=3.777535
  => Total parameter prop_binAH1lWR_bin5[0.00,-7.00,7.00] to be Gaussian constrained
------------------------------------------------------------
6          3058.459110     105.156714      total sum                     
6          3058.325558     105.156712      excluding marked processes    
6          846.000000      29.086079       Unweighted events, alpha=3.615200
  => Total parameter prop_binAH1lWR_bin6[0.00,-7.00,7.00] to be Gaussian constrained
------------------------------------------------------------
7          2208.360868     88.524461       total sum                     
7          2208.285827     88.524460       excluding marked processes    
7          622.000000      24.939928       Unweighted events, alpha=3.550419
  => Total parameter prop_binAH1lWR_bin7[0.00,-7.00,7.00] to be Gaussian constrained
------------------------------------------------------------
8          2637.145522     95.914347       total sum                     
8          2637.074831     95.914345       excluding marked processes    
8          756.000000      27.495454       Unweighted events, alpha=3.488288
  => Total parameter prop_binAH1lWR_bin8[0.00,-7.00,7.00] to be Gaussian constrained
------------------------------------------------------------
9          2198.385403     88.313567       total sum                     
9          2198.382398     88.313567       excluding marked processes    
9          620.000000      24.899799       Unweighted events, alpha=3.545783
  => Total parameter prop_binAH1lWR_bin9[0.00,-7.00,7.00] to be Gaussian constrained
------------------------------------------------------------
10         743.948133      48.377571       total sum                     
10         743.948133      48.377571       excluding marked processes    
10         236.000000      15.362291       Unweighted events, alpha=3.152323
  => Total parameter prop_binAH1lWR_bin10[0.00,-7.00,7.00] to be Gaussian constrained
------------------------------------------------------------
11         205.489725      26.134509       total sum                     
11         205.489725      26.134509       excluding marked processes    
11         62.000000       7.874008        Unweighted events, alpha=3.314350
  => Total parameter prop_binAH1lWR_bin11[0.00,-7.00,7.00] to be Gaussian constrained
------------------------------------------------------------
12         159.300541      21.495285       total sum                     
12         159.300541      21.495285       excluding marked processes    
12         55.000000       7.416198        Unweighted events, alpha=2.896373
  => Total parameter prop_binAH1lWR_bin12[0.00,-7.00,7.00] to be Gaussian constrained
------------------------------------------------------------
============================================================
Analyzing bin errors for: prop_binAH0lZR
Poisson cut-off: 0
Processes excluded for sums: TprimeToTZ_900
============================================================
Bin        Contents        Error           Notes                         
0          9164.011540     189.150235      total sum                     
0          9163.823028     189.150233      excluding marked processes    
0          2347.000000     48.445846       Unweighted events, alpha=3.904564
  => Total parameter prop_binAH0lZR_bin0[0.00,-7.00,7.00] to be Gaussian constrained
------------------------------------------------------------
1          5937.579469     156.566666      total sum                     
1          5937.416673     156.566665      excluding marked processes    
1          1438.000000     37.920970       Unweighted events, alpha=4.129054
  => Total parameter prop_binAH0lZR_bin1[0.00,-7.00,7.00] to be Gaussian constrained
------------------------------------------------------------
2          4053.405836     125.909326      total sum                     
2          4053.271305     125.909325      excluding marked processes    
2          1036.000000     32.186954       Unweighted events, alpha=3.912554
  => Total parameter prop_binAH0lZR_bin2[0.00,-7.00,7.00] to be Gaussian constrained
------------------------------------------------------------
3          2325.023684     97.090962       total sum                     
3          2324.877745     97.090960       excluding marked processes    
3          573.000000      23.937418       Unweighted events, alpha=4.057633
  => Total parameter prop_binAH0lZR_bin3[0.00,-7.00,7.00] to be Gaussian constrained
------------------------------------------------------------
4          1576.976857     78.098255       total sum                     
4          1576.830645     78.098252       excluding marked processes    
4          408.000000      20.199010       Unweighted events, alpha=3.865139
  => Total parameter prop_binAH0lZR_bin4[0.00,-7.00,7.00] to be Gaussian constrained
------------------------------------------------------------
5          1166.372326     63.262263       total sum                     
5          1166.130635     63.262257       excluding marked processes    
5          340.000000      18.439089       Unweighted events, alpha=3.430507
  => Total parameter prop_binAH0lZR_bin5[0.00,-7.00,7.00] to be Gaussian constrained
------------------------------------------------------------
6          817.266129      51.482873       total sum                     
6          817.047554      51.482866       excluding marked processes    
6          252.000000      15.874508       Unweighted events, alpha=3.243120
  => Total parameter prop_binAH0lZR_bin6[0.00,-7.00,7.00] to be Gaussian constrained
------------------------------------------------------------
7          464.136264      42.295580       total sum                     
7          463.943010      42.295573       excluding marked processes    
7          120.000000      10.954451       Unweighted events, alpha=3.867802
  => Total parameter prop_binAH0lZR_bin7[0.00,-7.00,7.00] to be Gaussian constrained
------------------------------------------------------------
8          559.774694      45.703659       total sum                     
8          559.665751      45.703654       excluding marked processes    
8          150.000000      12.247449       Unweighted events, alpha=3.731831
  => Total parameter prop_binAH0lZR_bin8[0.00,-7.00,7.00] to be Gaussian constrained
------------------------------------------------------------
9          493.474138      38.974438       total sum                     
9          493.463758      38.974438       excluding marked processes    
9          160.000000      12.649111       Unweighted events, alpha=3.084213
  => Total parameter prop_binAH0lZR_bin9[0.00,-7.00,7.00] to be Gaussian constrained
------------------------------------------------------------
10         283.414934      21.010738       total sum                     
10         283.414934      21.010738       excluding marked processes    
10         182.000000      13.490738       Unweighted events, alpha=1.557225
  => Total parameter prop_binAH0lZR_bin10[0.00,-7.00,7.00] to be Gaussian constrained
------------------------------------------------------------
11         124.498763      11.736612       total sum                     
11         124.498763      11.736612       excluding marked processes    
11         113.000000      10.630146       Unweighted events, alpha=1.101759
  => Total parameter prop_binAH0lZR_bin11[0.00,-7.00,7.00] to be Gaussian constrained
------------------------------------------------------------
12         115.106854      9.993354        total sum                     
12         115.106854      9.993354        excluding marked processes    
12         133.000000      11.532563       Unweighted events, alpha=0.865465
  => Total parameter prop_binAH0lZR_bin12[0.00,-7.00,7.00] to be Gaussian constrained
------------------------------------------------------------
Channel MixSR0fjets will use autoMCStats with settings: event-threshold=0, include-signal=0, hist-mode=1
Channel MixSRatleast1fjets will use autoMCStats with settings: event-threshold=0, include-signal=0, hist-mode=1
Channel MerSR0fjets will use autoMCStats with settings: event-threshold=0, include-signal=0, hist-mode=1
Channel MerSRatleast1fjets will use autoMCStats with settings: event-threshold=0, include-signal=0, hist-mode=1
Channel AH will use autoMCStats with settings: event-threshold=0, include-signal=0, hist-mode=1
Channel SL will use autoMCStats with settings: event-threshold=0, include-signal=0, hist-mode=1
Channel AH1lWR will use autoMCStats with settings: event-threshold=0, include-signal=0, hist-mode=1
Channel AH0lZR will use autoMCStats with settings: event-threshold=0, include-signal=0, hist-mode=1

 -- AsymptoticLimits ( CLs ) --
Observed Limit: r < 2.9311
Expected  2.5%: r < 3.5881
Expected 16.0%: r < 4.7866
Expected 50.0%: r < 6.6562
Expected 84.0%: r < 9.3360
Expected 97.5%: r < 12.5307

Done in 0.01 min (cpu), 0.01 min (real)
