 <<< Combine >>> 
 <<< v10.0.1 >>>
>>> Random number generator seed is 123456
>>> Method used is AsymptoticLimits
============================================================
Analyzing bin errors for: prop_binMixSR0fjets
Poisson cut-off: 0
Processes excluded for sums: TprimeToTZ_1600
============================================================
Bin        Contents        Error           Notes                         
0          250.368695      42.123563       total sum                     
0          250.368695      42.123563       excluding marked processes    
0          35.000000       5.916080        Unweighted events, alpha=7.153391
  => Total parameter prop_binMixSR0fjets_bin0[0.00,-7.00,7.00] to be Gaussian constrained
------------------------------------------------------------
1          178.942101      29.413711       total sum                     
1          178.942101      29.413711       excluding marked processes    
1          37.000000       6.082763        Unweighted events, alpha=4.836273
  => Total parameter prop_binMixSR0fjets_bin1[0.00,-7.00,7.00] to be Gaussian constrained
------------------------------------------------------------
2          68.996560       16.408262       total sum                     
2          68.996317       16.408262       excluding marked processes    
2          18.000000       4.242641        Unweighted events, alpha=3.833142
  => Total parameter prop_binMixSR0fjets_bin2[0.00,-7.00,7.00] to be Gaussian constrained
------------------------------------------------------------
3          34.491632       13.490160       total sum                     
3          34.491632       13.490160       excluding marked processes    
3          7.000000        2.645751        Unweighted events, alpha=4.927376
  => Total parameter prop_binMixSR0fjets_bin3[0.00,-7.00,7.00] to be Gaussian constrained
------------------------------------------------------------
4          22.277571       7.453568        total sum                     
4          22.276996       7.453567        excluding marked processes    
4          9.000000        3.000000        Unweighted events, alpha=2.475286
  => Total parameter prop_binMixSR0fjets_bin4[0.00,-7.00,7.00] to be Gaussian constrained
------------------------------------------------------------
5          10.307515       6.661062        total sum                     
5          10.307041       6.661062        excluding marked processes    
5          2.000000        1.414214        Unweighted events, alpha=5.153758
  => Total parameter prop_binMixSR0fjets_bin5[0.00,-7.00,7.00] to be Gaussian constrained
------------------------------------------------------------
6          5.539069        1.239890        total sum                     
6          5.539069        1.239890        excluding marked processes    
6          20.000000       4.472136        Unweighted events, alpha=0.276953
  => Total parameter prop_binMixSR0fjets_bin6[0.00,-7.00,7.00] to be Gaussian constrained
------------------------------------------------------------
7          2.668329        0.870685        total sum                     
7          2.667801        0.870685        excluding marked processes    
7          9.000000        3.000000        Unweighted events, alpha=0.296481
  => Total parameter prop_binMixSR0fjets_bin7[0.00,-7.00,7.00] to be Gaussian constrained
------------------------------------------------------------
8          0.845394        0.443291        total sum                     
8          0.844692        0.443290        excluding marked processes    
8          4.000000        2.000000        Unweighted events, alpha=0.211349
  => Total parameter prop_binMixSR0fjets_bin8[0.00,-7.00,7.00] to be Gaussian constrained
------------------------------------------------------------
9          0.319118        0.206070        total sum                     
9          0.318593        0.206069        excluding marked processes    
9          2.000000        1.414214        Unweighted events, alpha=0.159559
  => Total parameter prop_binMixSR0fjets_bin9[0.00,-7.00,7.00] to be Gaussian constrained
------------------------------------------------------------
10         0.000000        0.000000        total sum                     
10         0.000000        0.000000        excluding marked processes    
  => Error is zero, ignore      
------------------------------------------------------------
11         0.000000        0.000000        total sum                     
11         0.000000        0.000000        excluding marked processes    
  => Error is zero, ignore      
------------------------------------------------------------
12         0.000000        0.000000        total sum                     
12         0.000000        0.000000        excluding marked processes    
  => Error is zero, ignore      
------------------------------------------------------------
============================================================
Analyzing bin errors for: prop_binMixSRatleast1fjets
Poisson cut-off: 0
Processes excluded for sums: TprimeToTZ_1600
============================================================
Bin        Contents        Error           Notes                         
0          377.105780      54.423105       total sum                     
0          377.103600      54.423105       excluding marked processes    
0          48.000000       6.928203        Unweighted events, alpha=7.856370
  => Total parameter prop_binMixSRatleast1fjets_bin0[0.00,-7.00,7.00] to be Gaussian constrained
------------------------------------------------------------
1          161.111930      35.260487       total sum                     
1          161.110242      35.260487       excluding marked processes    
1          21.000000       4.582576        Unweighted events, alpha=7.671997
  => Total parameter prop_binMixSRatleast1fjets_bin1[0.00,-7.00,7.00] to be Gaussian constrained
------------------------------------------------------------
2          109.929126      14.688173       total sum                     
2          109.926115      14.688173       excluding marked processes    
2          56.000000       7.483315        Unweighted events, alpha=1.963020
  => Total parameter prop_binMixSRatleast1fjets_bin2[0.00,-7.00,7.00] to be Gaussian constrained
------------------------------------------------------------
3          48.539472       13.690272       total sum                     
3          48.535579       13.690272       excluding marked processes    
3          13.000000       3.605551        Unweighted events, alpha=3.733806
  => Total parameter prop_binMixSRatleast1fjets_bin3[0.00,-7.00,7.00] to be Gaussian constrained
------------------------------------------------------------
4          29.401987       10.370603       total sum                     
4          29.397507       10.370603       excluding marked processes    
4          8.000000        2.828427        Unweighted events, alpha=3.675248
  => Total parameter prop_binMixSRatleast1fjets_bin4[0.00,-7.00,7.00] to be Gaussian constrained
------------------------------------------------------------
5          16.958362       6.671947        total sum                     
5          16.956307       6.671947        excluding marked processes    
5          6.000000        2.449490        Unweighted events, alpha=2.826394
  => Total parameter prop_binMixSRatleast1fjets_bin5[0.00,-7.00,7.00] to be Gaussian constrained
------------------------------------------------------------
6          6.358136        1.432678        total sum                     
6          6.355196        1.432678        excluding marked processes    
6          20.000000       4.472136        Unweighted events, alpha=0.317907
  => Total parameter prop_binMixSRatleast1fjets_bin6[0.00,-7.00,7.00] to be Gaussian constrained
------------------------------------------------------------
7          3.404854        0.929019        total sum                     
7          3.402343        0.929018        excluding marked processes    
7          13.000000       3.605551        Unweighted events, alpha=0.261912
  => Total parameter prop_binMixSRatleast1fjets_bin7[0.00,-7.00,7.00] to be Gaussian constrained
------------------------------------------------------------
8          7.988338        5.864887        total sum                     
8          7.985383        5.864887        excluding marked processes    
8          2.000000        1.414214        Unweighted events, alpha=3.994169
  => Total parameter prop_binMixSRatleast1fjets_bin8[0.00,-7.00,7.00] to be Gaussian constrained
------------------------------------------------------------
9          0.842177        0.332416        total sum                     
9          0.840191        0.332415        excluding marked processes    
9          6.000000        2.449490        Unweighted events, alpha=0.140363
  => Total parameter prop_binMixSRatleast1fjets_bin9[0.00,-7.00,7.00] to be Gaussian constrained
------------------------------------------------------------
10         0.023191        0.038367        total sum                     
10         0.022309        0.038361        excluding marked processes    
10         0.000000        0.000000        Unweighted events, alpha=inf  
  => Number of weighted events is below Poisson threshold
    WJets                0.000000        0.000000                                      
      => Error is zero, ignore      
  ----------------------------------------------------------
    TT                   0.000000        0.000000                                      
      => Error is zero, ignore      
  ----------------------------------------------------------
    ZJets                0.022309        0.038361                                      
      => Poisson not viable, prop_binMixSRatleast1fjets_bin10_ZJets[0.00,-7.00,7.00] to be Gaussian constrained
  ----------------------------------------------------------
    TprimeToTZ_1600      0.000881        0.000663                                      
                         2.000000        1.414214        Unweighted events, alpha=0.000441
      => Parameter prop_binMixSRatleast1fjets_bin10_TprimeToTZ_1600[0.00,-7.00,7.00] to be Gaussian constrained
  ----------------------------------------------------------
------------------------------------------------------------
11         0.000546        0.000546        total sum                     
11         0.000000        0.000000        excluding marked processes    
  => Error is zero, ignore      
------------------------------------------------------------
12         0.000000        0.000000        total sum                     
12         0.000000        0.000000        excluding marked processes    
  => Error is zero, ignore      
------------------------------------------------------------
============================================================
Analyzing bin errors for: prop_binMerSR0fjets
Poisson cut-off: 0
Processes excluded for sums: TprimeToTZ_1600
============================================================
Bin        Contents        Error           Notes                         
0          10.193947       4.654690        total sum                     
0          10.193947       4.654690        excluding marked processes    
0          5.000000        2.236068        Unweighted events, alpha=2.038789
  => Total parameter prop_binMerSR0fjets_bin0[0.00,-7.00,7.00] to be Gaussian constrained
------------------------------------------------------------
1          11.272208       1.740451        total sum                     
1          11.272208       1.740451        excluding marked processes    
1          42.000000       6.480741        Unweighted events, alpha=0.268386
  => Total parameter prop_binMerSR0fjets_bin1[0.00,-7.00,7.00] to be Gaussian constrained
------------------------------------------------------------
2          10.270798       1.648173        total sum                     
2          10.270798       1.648173        excluding marked processes    
2          39.000000       6.244998        Unweighted events, alpha=0.263354
  => Total parameter prop_binMerSR0fjets_bin2[0.00,-7.00,7.00] to be Gaussian constrained
------------------------------------------------------------
3          6.319750        1.298564        total sum                     
3          6.319750        1.298564        excluding marked processes    
3          24.000000       4.898979        Unweighted events, alpha=0.263323
  => Total parameter prop_binMerSR0fjets_bin3[0.00,-7.00,7.00] to be Gaussian constrained
------------------------------------------------------------
4          9.664247        1.694783        total sum                     
4          9.663665        1.694783        excluding marked processes    
4          33.000000       5.744563        Unweighted events, alpha=0.292856
  => Total parameter prop_binMerSR0fjets_bin4[0.00,-7.00,7.00] to be Gaussian constrained
------------------------------------------------------------
5          6.505567        1.309422        total sum                     
5          6.504920        1.309422        excluding marked processes    
5          25.000000       5.000000        Unweighted events, alpha=0.260223
  => Total parameter prop_binMerSR0fjets_bin5[0.00,-7.00,7.00] to be Gaussian constrained
------------------------------------------------------------
6          4.784847        1.180801        total sum                     
6          4.784464        1.180801        excluding marked processes    
6          16.000000       4.000000        Unweighted events, alpha=0.299053
  => Total parameter prop_binMerSR0fjets_bin6[0.00,-7.00,7.00] to be Gaussian constrained
------------------------------------------------------------
7          4.674148        1.156410        total sum                     
7          4.673937        1.156410        excluding marked processes    
7          16.000000       4.000000        Unweighted events, alpha=0.292134
  => Total parameter prop_binMerSR0fjets_bin7[0.00,-7.00,7.00] to be Gaussian constrained
------------------------------------------------------------
8          10.143232       1.783825        total sum                     
8          10.140968       1.783825        excluding marked processes    
8          32.000000       5.656854        Unweighted events, alpha=0.316976
  => Total parameter prop_binMerSR0fjets_bin8[0.00,-7.00,7.00] to be Gaussian constrained
------------------------------------------------------------
9          5.734757        1.322779        total sum                     
9          5.727785        1.322778        excluding marked processes    
9          19.000000       4.358899        Unweighted events, alpha=0.301829
  => Total parameter prop_binMerSR0fjets_bin9[0.00,-7.00,7.00] to be Gaussian constrained
------------------------------------------------------------
10         2.654173        0.939412        total sum                     
10         2.635868        0.939407        excluding marked processes    
10         8.000000        2.828427        Unweighted events, alpha=0.331772
  => Total parameter prop_binMerSR0fjets_bin10[0.00,-7.00,7.00] to be Gaussian constrained
------------------------------------------------------------
11         1.414080        0.374987        total sum                     
11         1.375369        0.374962        excluding marked processes    
11         13.000000       3.605551        Unweighted events, alpha=0.108775
  => Total parameter prop_binMerSR0fjets_bin11[0.00,-7.00,7.00] to be Gaussian constrained
------------------------------------------------------------
12         1.979053        0.613884        total sum                     
12         1.968390        0.613880        excluding marked processes    
12         10.000000       3.162278        Unweighted events, alpha=0.197905
  => Total parameter prop_binMerSR0fjets_bin12[0.00,-7.00,7.00] to be Gaussian constrained
------------------------------------------------------------
============================================================
Analyzing bin errors for: prop_binMerSRatleast1fjets
Poisson cut-off: 0
Processes excluded for sums: TprimeToTZ_1600
============================================================
Bin        Contents        Error           Notes                         
0          21.199432       7.828346        total sum                     
0          21.197491       7.828346        excluding marked processes    
0          7.000000        2.645751        Unweighted events, alpha=3.028490
  => Total parameter prop_binMerSRatleast1fjets_bin0[0.00,-7.00,7.00] to be Gaussian constrained
------------------------------------------------------------
1          14.477144       1.899681        total sum                     
1          14.476151       1.899681        excluding marked processes    
1          58.000000       7.615773        Unweighted events, alpha=0.249606
  => Total parameter prop_binMerSRatleast1fjets_bin1[0.00,-7.00,7.00] to be Gaussian constrained
------------------------------------------------------------
2          19.984438       2.384274        total sum                     
2          19.976725       2.384264        excluding marked processes    
2          70.000000       8.366600        Unweighted events, alpha=0.285492
  => Total parameter prop_binMerSRatleast1fjets_bin2[0.00,-7.00,7.00] to be Gaussian constrained
------------------------------------------------------------
3          17.606027       2.254479        total sum                     
3          17.604832       2.254479        excluding marked processes    
3          61.000000       7.810250        Unweighted events, alpha=0.288623
  => Total parameter prop_binMerSRatleast1fjets_bin3[0.00,-7.00,7.00] to be Gaussian constrained
------------------------------------------------------------
4          25.831965       8.013122        total sum                     
4          25.829631       8.013122        excluding marked processes    
4          10.000000       3.162278        Unweighted events, alpha=2.583197
  => Total parameter prop_binMerSRatleast1fjets_bin4[0.00,-7.00,7.00] to be Gaussian constrained
------------------------------------------------------------
5          12.929189       2.045965        total sum                     
5          12.925434       2.045965        excluding marked processes    
5          40.000000       6.324555        Unweighted events, alpha=0.323230
  => Total parameter prop_binMerSRatleast1fjets_bin5[0.00,-7.00,7.00] to be Gaussian constrained
------------------------------------------------------------
6          9.437173        1.533948        total sum                     
6          9.436393        1.533948        excluding marked processes    
6          38.000000       6.164414        Unweighted events, alpha=0.248347
  => Total parameter prop_binMerSRatleast1fjets_bin6[0.00,-7.00,7.00] to be Gaussian constrained
------------------------------------------------------------
7          5.772200        1.227156        total sum                     
7          5.766529        1.227155        excluding marked processes    
7          22.000000       4.690416        Unweighted events, alpha=0.262373
  => Total parameter prop_binMerSRatleast1fjets_bin7[0.00,-7.00,7.00] to be Gaussian constrained
------------------------------------------------------------
8          9.362973        1.740601        total sum                     
8          9.346655        1.740599        excluding marked processes    
8          29.000000       5.385165        Unweighted events, alpha=0.322861
  => Total parameter prop_binMerSRatleast1fjets_bin8[0.00,-7.00,7.00] to be Gaussian constrained
------------------------------------------------------------
9          15.044102       7.798615        total sum                     
9          14.993184       7.798613        excluding marked processes    
9          4.000000        2.000000        Unweighted events, alpha=3.761025
  => Total parameter prop_binMerSRatleast1fjets_bin9[0.00,-7.00,7.00] to be Gaussian constrained
------------------------------------------------------------
10         4.338994        0.910074        total sum                     
10         4.217099        0.910038        excluding marked processes    
10         21.000000       4.582576        Unweighted events, alpha=0.206619
  => Total parameter prop_binMerSRatleast1fjets_bin10[0.00,-7.00,7.00] to be Gaussian constrained
------------------------------------------------------------
11         1.309641        0.517979        total sum                     
11         1.057707        0.517847        excluding marked processes    
11         4.000000        2.000000        Unweighted events, alpha=0.327410
  => Total parameter prop_binMerSRatleast1fjets_bin11[0.00,-7.00,7.00] to be Gaussian constrained
------------------------------------------------------------
12         1.208095        0.694753        total sum                     
12         1.147980        0.694731        excluding marked processes    
12         3.000000        1.732051        Unweighted events, alpha=0.402698
  => Total parameter prop_binMerSRatleast1fjets_bin12[0.00,-7.00,7.00] to be Gaussian constrained
------------------------------------------------------------
============================================================
Analyzing bin errors for: prop_binAH
Poisson cut-off: 0
Processes excluded for sums: TprimeToTZ_1600
============================================================
Bin        Contents        Error           Notes                         
0          288635.453666   1480.194117     total sum                     
0          288628.115601   1480.194115     excluding marked processes    
0          38022.000000    194.992308      Unweighted events, alpha=7.591275
  => Total parameter prop_binAH_bin0[0.00,-7.00,7.00] to be Gaussian constrained
------------------------------------------------------------
1          70695.726976    707.239529      total sum                     
1          70695.140671    707.239529      excluding marked processes    
1          9992.000000     99.959992       Unweighted events, alpha=7.075233
  => Total parameter prop_binAH_bin1[0.00,-7.00,7.00] to be Gaussian constrained
------------------------------------------------------------
2          61905.411074    640.930735      total sum                     
2          61904.798611    640.930734      excluding marked processes    
2          9329.000000     96.586749       Unweighted events, alpha=6.635804
  => Total parameter prop_binAH_bin2[0.00,-7.00,7.00] to be Gaussian constrained
------------------------------------------------------------
3          51003.800185    590.279310      total sum                     
3          51003.135826    590.279310      excluding marked processes    
3          7466.000000     86.406018       Unweighted events, alpha=6.831476
  => Total parameter prop_binAH_bin3[0.00,-7.00,7.00] to be Gaussian constrained
------------------------------------------------------------
4          35781.868779    492.581339      total sum                     
4          35781.176426    492.581339      excluding marked processes    
4          5277.000000     72.642962       Unweighted events, alpha=6.780722
  => Total parameter prop_binAH_bin4[0.00,-7.00,7.00] to be Gaussian constrained
------------------------------------------------------------
5          23221.181784    380.031081      total sum                     
5          23220.454472    380.031080      excluding marked processes    
5          3733.000000     61.098281       Unweighted events, alpha=6.220515
  => Total parameter prop_binAH_bin5[0.00,-7.00,7.00] to be Gaussian constrained
------------------------------------------------------------
6          15665.597911    307.249413      total sum                     
6          15664.843147    307.249412      excluding marked processes    
6          2599.000000     50.980388       Unweighted events, alpha=6.027548
  => Total parameter prop_binAH_bin6[0.00,-7.00,7.00] to be Gaussian constrained
------------------------------------------------------------
7          10025.546315    246.230432      total sum                     
7          10024.748589    246.230431      excluding marked processes    
7          1658.000000     40.718546       Unweighted events, alpha=6.046771
  => Total parameter prop_binAH_bin7[0.00,-7.00,7.00] to be Gaussian constrained
------------------------------------------------------------
8          11376.786621    234.409799      total sum                     
8          11375.098274    234.409797      excluding marked processes    
8          2355.000000     48.528342       Unweighted events, alpha=4.830907
  => Total parameter prop_binAH_bin8[0.00,-7.00,7.00] to be Gaussian constrained
------------------------------------------------------------
9          9446.300113     211.000366      total sum                     
9          9443.008102     211.000361      excluding marked processes    
9          2003.000000     44.754888       Unweighted events, alpha=4.716076
  => Total parameter prop_binAH_bin9[0.00,-7.00,7.00] to be Gaussian constrained
------------------------------------------------------------
10         3277.103356     122.670305      total sum                     
10         3273.326569     122.670296      excluding marked processes    
10         712.000000      26.683328       Unweighted events, alpha=4.602673
  => Total parameter prop_binAH_bin10[0.00,-7.00,7.00] to be Gaussian constrained
------------------------------------------------------------
11         1393.913780     78.245253       total sum                     
11         1389.492401     78.245237       excluding marked processes    
11         315.000000      17.748239       Unweighted events, alpha=4.425123
  => Total parameter prop_binAH_bin11[0.00,-7.00,7.00] to be Gaussian constrained
------------------------------------------------------------
12         942.612647      62.763748       total sum                     
12         941.376015      62.763742       excluding marked processes    
12         225.000000      15.000000       Unweighted events, alpha=4.189390
  => Total parameter prop_binAH_bin12[0.00,-7.00,7.00] to be Gaussian constrained
------------------------------------------------------------
============================================================
Analyzing bin errors for: prop_binSL
Poisson cut-off: 0
Processes excluded for sums: TprimeToTZ_1600
============================================================
Bin        Contents        Error           Notes                         
0          3792793.251809  4688.235227     total sum                     
0          3792780.264868  4688.235226     excluding marked processes    
0          654480.000000   808.999382      Unweighted events, alpha=5.795125
  => Total parameter prop_binSL_bin0[0.00,-7.00,7.00] to be Gaussian constrained
------------------------------------------------------------
1          58545.376001    509.270682      total sum                     
1          58544.919397    509.270681      excluding marked processes    
1          13215.000000    114.956514      Unweighted events, alpha=4.430221
  => Total parameter prop_binSL_bin1[0.00,-7.00,7.00] to be Gaussian constrained
------------------------------------------------------------
2          39753.123517    414.769981      total sum                     
2          39752.634225    414.769980      excluding marked processes    
2          9186.000000     95.843623       Unweighted events, alpha=4.327577
  => Total parameter prop_binSL_bin2[0.00,-7.00,7.00] to be Gaussian constrained
------------------------------------------------------------
3          25780.264923    338.613854      total sum                     
3          25779.830746    338.613854      excluding marked processes    
3          5796.000000     76.131465       Unweighted events, alpha=4.447941
  => Total parameter prop_binSL_bin3[0.00,-7.00,7.00] to be Gaussian constrained
------------------------------------------------------------
4          17045.506009    265.182013      total sum                     
4          17045.053580    265.182013      excluding marked processes    
4          4132.000000     64.280635       Unweighted events, alpha=4.125243
  => Total parameter prop_binSL_bin4[0.00,-7.00,7.00] to be Gaussian constrained
------------------------------------------------------------
5          11241.737249    217.445720      total sum                     
5          11241.322300    217.445719      excluding marked processes    
5          2673.000000     51.701064       Unweighted events, alpha=4.205663
  => Total parameter prop_binSL_bin5[0.00,-7.00,7.00] to be Gaussian constrained
------------------------------------------------------------
6          8098.195319     183.475949      total sum                     
6          8097.778127     183.475949      excluding marked processes    
6          1948.000000     44.136153       Unweighted events, alpha=4.157184
  => Total parameter prop_binSL_bin6[0.00,-7.00,7.00] to be Gaussian constrained
------------------------------------------------------------
7          5899.869256     164.776645      total sum                     
7          5899.493426     164.776644      excluding marked processes    
7          1282.000000     35.805028       Unweighted events, alpha=4.602082
  => Total parameter prop_binSL_bin7[0.00,-7.00,7.00] to be Gaussian constrained
------------------------------------------------------------
8          7185.567978     173.868059      total sum                     
8          7184.840559     173.868058      excluding marked processes    
8          1708.000000     41.327957       Unweighted events, alpha=4.207007
  => Total parameter prop_binSL_bin8[0.00,-7.00,7.00] to be Gaussian constrained
------------------------------------------------------------
9          5692.745594     157.475791      total sum                     
9          5691.511293     157.475788      excluding marked processes    
9          1306.000000     36.138622       Unweighted events, alpha=4.358917
  => Total parameter prop_binSL_bin9[0.00,-7.00,7.00] to be Gaussian constrained
------------------------------------------------------------
10         1757.035917     98.615676       total sum                     
10         1756.174543     98.615674       excluding marked processes    
10         317.000000      17.804494       Unweighted events, alpha=5.542700
  => Total parameter prop_binSL_bin10[0.00,-7.00,7.00] to be Gaussian constrained
------------------------------------------------------------
11         715.548979      60.509576       total sum                     
11         715.041047      60.509574       excluding marked processes    
11         140.000000      11.832160       Unweighted events, alpha=5.111064
  => Total parameter prop_binSL_bin11[0.00,-7.00,7.00] to be Gaussian constrained
------------------------------------------------------------
12         463.000725      51.884896       total sum                     
12         462.910776      51.884895       excluding marked processes    
12         80.000000       8.944272        Unweighted events, alpha=5.787509
  => Total parameter prop_binSL_bin12[0.00,-7.00,7.00] to be Gaussian constrained
------------------------------------------------------------
============================================================
Analyzing bin errors for: prop_binAH1lWR
Poisson cut-off: 0
Processes excluded for sums: TprimeToTZ_1600
============================================================
Bin        Contents        Error           Notes                         
0          4636432.940489  10035.662066    total sum                     
0          4636431.734059  10035.662066    excluding marked processes    
0          213440.000000   461.995671      Unweighted events, alpha=21.722418
  => Total parameter prop_binAH1lWR_bin0[0.00,-7.00,7.00] to be Gaussian constrained
------------------------------------------------------------
1          62396.727955    980.406259      total sum                     
1          62396.695653    980.406259      excluding marked processes    
1          4051.000000     63.647467       Unweighted events, alpha=15.402796
  => Total parameter prop_binAH1lWR_bin1[0.00,-7.00,7.00] to be Gaussian constrained
------------------------------------------------------------
2          40630.744311    807.587356      total sum                     
2          40630.712646    807.587356      excluding marked processes    
2          2531.000000     50.309045       Unweighted events, alpha=16.053238
  => Total parameter prop_binAH1lWR_bin2[0.00,-7.00,7.00] to be Gaussian constrained
------------------------------------------------------------
3          27120.793780    648.234071      total sum                     
3          27120.768613    648.234071      excluding marked processes    
3          1750.000000     41.833001       Unweighted events, alpha=15.497596
  => Total parameter prop_binAH1lWR_bin3[0.00,-7.00,7.00] to be Gaussian constrained
------------------------------------------------------------
4          19165.023971    546.106319      total sum                     
4          19165.006833    546.106319      excluding marked processes    
4          1232.000000     35.099858       Unweighted events, alpha=15.556026
  => Total parameter prop_binAH1lWR_bin4[0.00,-7.00,7.00] to be Gaussian constrained
------------------------------------------------------------
5          11852.427786    443.697089      total sum                     
5          11852.409698    443.697089      excluding marked processes    
5          714.000000      26.720778       Unweighted events, alpha=16.600039
  => Total parameter prop_binAH1lWR_bin5[0.00,-7.00,7.00] to be Gaussian constrained
------------------------------------------------------------
6          8902.257397     367.441020      total sum                     
6          8902.242764     367.441020      excluding marked processes    
6          587.000000      24.228083       Unweighted events, alpha=15.165686
  => Total parameter prop_binAH1lWR_bin6[0.00,-7.00,7.00] to be Gaussian constrained
------------------------------------------------------------
7          6513.116395     304.819044      total sum                     
7          6513.099953     304.819043      excluding marked processes    
7          457.000000      21.377558       Unweighted events, alpha=14.251896
  => Total parameter prop_binAH1lWR_bin7[0.00,-7.00,7.00] to be Gaussian constrained
------------------------------------------------------------
8          7248.518237     342.964108      total sum                     
8          7248.487830     342.964108      excluding marked processes    
8          447.000000      21.142375       Unweighted events, alpha=16.215924
  => Total parameter prop_binAH1lWR_bin8[0.00,-7.00,7.00] to be Gaussian constrained
------------------------------------------------------------
9          6458.458716     314.330021      total sum                     
9          6458.422023     314.330021      excluding marked processes    
9          422.000000      20.542639       Unweighted events, alpha=15.304405
  => Total parameter prop_binAH1lWR_bin9[0.00,-7.00,7.00] to be Gaussian constrained
------------------------------------------------------------
10         2255.810731     171.633967      total sum                     
10         2255.782399     171.633967      excluding marked processes    
10         173.000000      13.152946       Unweighted events, alpha=13.039368
  => Total parameter prop_binAH1lWR_bin10[0.00,-7.00,7.00] to be Gaussian constrained
------------------------------------------------------------
11         721.353460      94.248396       total sum                     
11         721.337051      94.248396       excluding marked processes    
11         59.000000       7.681146        Unweighted events, alpha=12.226330
  => Total parameter prop_binAH1lWR_bin11[0.00,-7.00,7.00] to be Gaussian constrained
------------------------------------------------------------
12         491.404677      88.176235       total sum                     
12         491.401305      88.176235       excluding marked processes    
12         31.000000       5.567764        Unweighted events, alpha=15.851764
  => Total parameter prop_binAH1lWR_bin12[0.00,-7.00,7.00] to be Gaussian constrained
------------------------------------------------------------
============================================================
Analyzing bin errors for: prop_binAH0lZR
Poisson cut-off: 0
Processes excluded for sums: TprimeToTZ_1600
============================================================
Bin        Contents        Error           Notes                         
0          32623.718979    777.530999      total sum                     
0          32623.713912    777.530999      excluding marked processes    
0          1760.000000     41.952354       Unweighted events, alpha=18.536204
  => Total parameter prop_binAH0lZR_bin0[0.00,-7.00,7.00] to be Gaussian constrained
------------------------------------------------------------
1          18313.276083    584.915198      total sum                     
1          18313.270612    584.915198      excluding marked processes    
1          980.000000      31.304952       Unweighted events, alpha=18.687016
  => Total parameter prop_binAH0lZR_bin1[0.00,-7.00,7.00] to be Gaussian constrained
------------------------------------------------------------
2          12143.761571    464.896186      total sum                     
2          12143.757368    464.896186      excluding marked processes    
2          682.000000      26.115130       Unweighted events, alpha=17.806102
  => Total parameter prop_binAH0lZR_bin2[0.00,-7.00,7.00] to be Gaussian constrained
------------------------------------------------------------
3          7134.219795     363.656691      total sum                     
3          7134.217141     363.656691      excluding marked processes    
3          385.000000      19.621417       Unweighted events, alpha=18.530441
  => Total parameter prop_binAH0lZR_bin3[0.00,-7.00,7.00] to be Gaussian constrained
------------------------------------------------------------
4          5050.455069     295.451876      total sum                     
4          5050.450217     295.451876      excluding marked processes    
4          292.000000      17.088007       Unweighted events, alpha=17.296079
  => Total parameter prop_binAH0lZR_bin4[0.00,-7.00,7.00] to be Gaussian constrained
------------------------------------------------------------
5          3685.033662     240.114169      total sum                     
5          3685.029226     240.114169      excluding marked processes    
5          236.000000      15.362291       Unweighted events, alpha=15.614549
  => Total parameter prop_binAH0lZR_bin5[0.00,-7.00,7.00] to be Gaussian constrained
------------------------------------------------------------
6          2548.911753     187.690335      total sum                     
6          2548.906869     187.690335      excluding marked processes    
6          184.000000      13.564660       Unweighted events, alpha=13.852781
  => Total parameter prop_binAH0lZR_bin6[0.00,-7.00,7.00] to be Gaussian constrained
------------------------------------------------------------
7          1388.032649     159.869770      total sum                     
7          1388.029241     159.869770      excluding marked processes    
7          75.000000       8.660254        Unweighted events, alpha=18.507102
  => Total parameter prop_binAH0lZR_bin7[0.00,-7.00,7.00] to be Gaussian constrained
------------------------------------------------------------
8          1695.436215     164.257871      total sum                     
8          1695.423663     164.257871      excluding marked processes    
8          107.000000      10.344080       Unweighted events, alpha=15.845198
  => Total parameter prop_binAH0lZR_bin8[0.00,-7.00,7.00] to be Gaussian constrained
------------------------------------------------------------
9          1631.457777     142.439013      total sum                     
9          1631.424742     142.439013      excluding marked processes    
9          131.000000      11.445523       Unweighted events, alpha=12.453876
  => Total parameter prop_binAH0lZR_bin9[0.00,-7.00,7.00] to be Gaussian constrained
------------------------------------------------------------
10         921.553650      76.463300       total sum                     
10         921.507171      76.463300       excluding marked processes    
10         145.000000      12.041595       Unweighted events, alpha=6.355542
  => Total parameter prop_binAH0lZR_bin10[0.00,-7.00,7.00] to be Gaussian constrained
------------------------------------------------------------
11         403.292445      44.608091       total sum                     
11         403.241548      44.608091       excluding marked processes    
11         82.000000       9.055385        Unweighted events, alpha=4.918201
  => Total parameter prop_binAH0lZR_bin11[0.00,-7.00,7.00] to be Gaussian constrained
------------------------------------------------------------
12         387.642635      38.176043       total sum                     
12         387.631098      38.176043       excluding marked processes    
12         103.000000      10.148892       Unweighted events, alpha=3.763521
  => Total parameter prop_binAH0lZR_bin12[0.00,-7.00,7.00] to be Gaussian constrained
------------------------------------------------------------
Channel MixSR0fjets will use autoMCStats with settings: event-threshold=0, include-signal=0, hist-mode=1
Channel MixSRatleast1fjets will use autoMCStats with settings: event-threshold=0, include-signal=0, hist-mode=1
Channel MerSR0fjets will use autoMCStats with settings: event-threshold=0, include-signal=0, hist-mode=1
Channel MerSRatleast1fjets will use autoMCStats with settings: event-threshold=0, include-signal=0, hist-mode=1
Channel AH will use autoMCStats with settings: event-threshold=0, include-signal=0, hist-mode=1
Channel SL will use autoMCStats with settings: event-threshold=0, include-signal=0, hist-mode=1
Channel AH1lWR will use autoMCStats with settings: event-threshold=0, include-signal=0, hist-mode=1
Channel AH0lZR will use autoMCStats with settings: event-threshold=0, include-signal=0, hist-mode=1

 -- AsymptoticLimits ( CLs ) --
Observed Limit: r < 5.5332
Expected  2.5%: r < 4.8047
Expected 16.0%: r < 6.8041
Expected 50.0%: r < 10.2500
Expected 84.0%: r < 15.7657
Expected 97.5%: r < 23.1062

Done in 0.00 min (cpu), 0.01 min (real)
