 <<< Combine >>> 
 <<< v10.0.1 >>>
>>> Random number generator seed is 123456
>>> Method used is AsymptoticLimits
============================================================
Analyzing bin errors for: prop_binMixSR0fjets
Poisson cut-off: 0
Processes excluded for sums: TprimeToTZ_700
============================================================
Bin        Contents        Error           Notes                         
0          46.765424       7.852573        total sum                     
0          46.677504       7.852516        excluding marked processes    
0          35.000000       5.916080        Unweighted events, alpha=1.336155
  => Total parameter prop_binMixSR0fjets_bin0[0.00,-7.00,7.00] to be Gaussian constrained
------------------------------------------------------------
1          33.446900       5.478644        total sum                     
1          33.345772       5.478569        excluding marked processes    
1          37.000000       6.082763        Unweighted events, alpha=0.903970
  => Total parameter prop_binMixSR0fjets_bin1[0.00,-7.00,7.00] to be Gaussian constrained
------------------------------------------------------------
2          12.923726       3.058624        total sum                     
2          12.864811       3.058539        excluding marked processes    
2          18.000000       4.242641        Unweighted events, alpha=0.717985
  => Total parameter prop_binMixSR0fjets_bin2[0.00,-7.00,7.00] to be Gaussian constrained
------------------------------------------------------------
3          6.449517        2.515515        total sum                     
3          6.434717        2.515492        excluding marked processes    
3          7.000000        2.645751        Unweighted events, alpha=0.921360
  => Total parameter prop_binMixSR0fjets_bin3[0.00,-7.00,7.00] to be Gaussian constrained
------------------------------------------------------------
4          4.152725        1.388237        total sum                     
4          4.152725        1.388237        excluding marked processes    
4          9.000000        3.000000        Unweighted events, alpha=0.461414
  => Total parameter prop_binMixSR0fjets_bin4[0.00,-7.00,7.00] to be Gaussian constrained
------------------------------------------------------------
5          1.929077        1.246126        total sum                     
5          1.929077        1.246126        excluding marked processes    
5          2.000000        1.414214        Unweighted events, alpha=0.964539
  => Total parameter prop_binMixSR0fjets_bin5[0.00,-7.00,7.00] to be Gaussian constrained
------------------------------------------------------------
6          1.032225        0.231036        total sum                     
6          1.032225        0.231036        excluding marked processes    
6          20.000000       4.472136        Unweighted events, alpha=0.051611
  => Total parameter prop_binMixSR0fjets_bin6[0.00,-7.00,7.00] to be Gaussian constrained
------------------------------------------------------------
7          0.497503        0.162368        total sum                     
7          0.497503        0.162368        excluding marked processes    
7          9.000000        3.000000        Unweighted events, alpha=0.055278
  => Total parameter prop_binMixSR0fjets_bin7[0.00,-7.00,7.00] to be Gaussian constrained
------------------------------------------------------------
8          0.157348        0.082538        total sum                     
8          0.157348        0.082538        excluding marked processes    
8          4.000000        2.000000        Unweighted events, alpha=0.039337
  => Total parameter prop_binMixSR0fjets_bin8[0.00,-7.00,7.00] to be Gaussian constrained
------------------------------------------------------------
9          0.059517        0.038459        total sum                     
9          0.059517        0.038459        excluding marked processes    
9          2.000000        1.414214        Unweighted events, alpha=0.029759
  => Total parameter prop_binMixSR0fjets_bin9[0.00,-7.00,7.00] to be Gaussian constrained
------------------------------------------------------------
10         0.000000        0.000000        total sum                     
10         0.000000        0.000000        excluding marked processes    
  => Error is zero, ignore      
------------------------------------------------------------
11         0.000000        0.000000        total sum                     
11         0.000000        0.000000        excluding marked processes    
  => Error is zero, ignore      
------------------------------------------------------------
12         0.000000        0.000000        total sum                     
12         0.000000        0.000000        excluding marked processes    
  => Error is zero, ignore      
------------------------------------------------------------
============================================================
Analyzing bin errors for: prop_binMixSRatleast1fjets
Poisson cut-off: 0
Processes excluded for sums: TprimeToTZ_700
============================================================
Bin        Contents        Error           Notes                         
0          70.628301       10.134619       total sum                     
0          70.253514       10.134451       excluding marked processes    
0          48.000000       6.928203        Unweighted events, alpha=1.471423
  => Total parameter prop_binMixSRatleast1fjets_bin0[0.00,-7.00,7.00] to be Gaussian constrained
------------------------------------------------------------
1          30.657577       6.563800        total sum                     
1          30.016565       6.563287        excluding marked processes    
1          21.000000       4.582576        Unweighted events, alpha=1.459885
  => Total parameter prop_binMixSRatleast1fjets_bin1[0.00,-7.00,7.00] to be Gaussian constrained
------------------------------------------------------------
2          20.971103       2.736469        total sum                     
2          20.482777       2.735638        excluding marked processes    
2          56.000000       7.483315        Unweighted events, alpha=0.374484
  => Total parameter prop_binMixSRatleast1fjets_bin2[0.00,-7.00,7.00] to be Gaussian constrained
------------------------------------------------------------
3          9.389487        2.549043        total sum                     
3          9.046973        2.548390        excluding marked processes    
3          13.000000       3.605551        Unweighted events, alpha=0.722268
  => Total parameter prop_binMixSRatleast1fjets_bin3[0.00,-7.00,7.00] to be Gaussian constrained
------------------------------------------------------------
4          5.654578        1.933104        total sum                     
4          5.470109        1.932564        excluding marked processes    
4          8.000000        2.828427        Unweighted events, alpha=0.706822
  => Total parameter prop_binMixSRatleast1fjets_bin4[0.00,-7.00,7.00] to be Gaussian constrained
------------------------------------------------------------
5          3.192326        1.242150        total sum                     
5          3.159111        1.241970        excluding marked processes    
5          6.000000        2.449490        Unweighted events, alpha=0.532054
  => Total parameter prop_binMixSRatleast1fjets_bin5[0.00,-7.00,7.00] to be Gaussian constrained
------------------------------------------------------------
6          1.206891        0.267768        total sum                     
6          1.185738        0.267359        excluding marked processes    
6          20.000000       4.472136        Unweighted events, alpha=0.060345
  => Total parameter prop_binMixSRatleast1fjets_bin6[0.00,-7.00,7.00] to be Gaussian constrained
------------------------------------------------------------
7          0.634197        0.173262        total sum                     
7          0.634197        0.173262        excluding marked processes    
7          13.000000       3.605551        Unweighted events, alpha=0.048784
  => Total parameter prop_binMixSRatleast1fjets_bin7[0.00,-7.00,7.00] to be Gaussian constrained
------------------------------------------------------------
8          1.494785        1.098919        total sum                     
8          1.494785        1.098919        excluding marked processes    
8          2.000000        1.414214        Unweighted events, alpha=0.747392
  => Total parameter prop_binMixSRatleast1fjets_bin8[0.00,-7.00,7.00] to be Gaussian constrained
------------------------------------------------------------
9          0.156664        0.061991        total sum                     
9          0.156664        0.061991        excluding marked processes    
9          6.000000        2.449490        Unweighted events, alpha=0.026111
  => Total parameter prop_binMixSRatleast1fjets_bin9[0.00,-7.00,7.00] to be Gaussian constrained
------------------------------------------------------------
10         0.004152        0.007140        total sum                     
10         0.004152        0.007140        excluding marked processes    
10         0.000000        0.000000        Unweighted events, alpha=inf  
  => Number of weighted events is below Poisson threshold
    WJets                0.000000        0.000000                                      
      => Error is zero, ignore      
  ----------------------------------------------------------
    TT                   0.000000        0.000000                                      
      => Error is zero, ignore      
  ----------------------------------------------------------
    ZJets                0.004152        0.007140                                      
      => Poisson not viable, prop_binMixSRatleast1fjets_bin10_ZJets[0.00,-7.00,7.00] to be Gaussian constrained
  ----------------------------------------------------------
    TprimeToTZ_700       0.000000        0.000000                                      
      => Error is zero, ignore      
  ----------------------------------------------------------
------------------------------------------------------------
11         0.000000        0.000000        total sum                     
11         0.000000        0.000000        excluding marked processes    
  => Error is zero, ignore      
------------------------------------------------------------
12         0.000000        0.000000        total sum                     
12         0.000000        0.000000        excluding marked processes    
  => Error is zero, ignore      
------------------------------------------------------------
============================================================
Analyzing bin errors for: prop_binMerSR0fjets
Poisson cut-off: 0
Processes excluded for sums: TprimeToTZ_700
============================================================
Bin        Contents        Error           Notes                         
0          1.905645        0.866508        total sum                     
0          1.898759        0.866488        excluding marked processes    
0          5.000000        2.236068        Unweighted events, alpha=0.381129
  => Total parameter prop_binMerSR0fjets_bin0[0.00,-7.00,7.00] to be Gaussian constrained
------------------------------------------------------------
1          2.127857        0.325119        total sum                     
1          2.101794        0.324579        excluding marked processes    
1          42.000000       6.480741        Unweighted events, alpha=0.050663
  => Total parameter prop_binMerSR0fjets_bin1[0.00,-7.00,7.00] to be Gaussian constrained
------------------------------------------------------------
2          1.925322        0.307363        total sum                     
2          1.914967        0.307252        excluding marked processes    
2          39.000000       6.244998        Unweighted events, alpha=0.049367
  => Total parameter prop_binMerSR0fjets_bin2[0.00,-7.00,7.00] to be Gaussian constrained
------------------------------------------------------------
3          1.192055        0.242411        total sum                     
3          1.178004        0.242003        excluding marked processes    
3          24.000000       4.898979        Unweighted events, alpha=0.049669
  => Total parameter prop_binMerSR0fjets_bin3[0.00,-7.00,7.00] to be Gaussian constrained
------------------------------------------------------------
4          1.801731        0.315942        total sum                     
4          1.801731        0.315942        excluding marked processes    
4          33.000000       5.744563        Unweighted events, alpha=0.054598
  => Total parameter prop_binMerSR0fjets_bin4[0.00,-7.00,7.00] to be Gaussian constrained
------------------------------------------------------------
5          1.212727        0.244117        total sum                     
5          1.212727        0.244117        excluding marked processes    
5          25.000000       5.000000        Unweighted events, alpha=0.048509
  => Total parameter prop_binMerSR0fjets_bin5[0.00,-7.00,7.00] to be Gaussian constrained
------------------------------------------------------------
6          0.892399        0.220209        total sum                     
6          0.892399        0.220209        excluding marked processes    
6          16.000000       4.000000        Unweighted events, alpha=0.055775
  => Total parameter prop_binMerSR0fjets_bin6[0.00,-7.00,7.00] to be Gaussian constrained
------------------------------------------------------------
7          0.870648        0.215391        total sum                     
7          0.870648        0.215391        excluding marked processes    
7          16.000000       4.000000        Unweighted events, alpha=0.054415
  => Total parameter prop_binMerSR0fjets_bin7[0.00,-7.00,7.00] to be Gaussian constrained
------------------------------------------------------------
8          1.889230        0.332464        total sum                     
8          1.889230        0.332464        excluding marked processes    
8          32.000000       5.656854        Unweighted events, alpha=0.059038
  => Total parameter prop_binMerSR0fjets_bin8[0.00,-7.00,7.00] to be Gaussian constrained
------------------------------------------------------------
9          1.075537        0.246660        total sum                     
9          1.067483        0.246529        excluding marked processes    
9          19.000000       4.358899        Unweighted events, alpha=0.056607
  => Total parameter prop_binMerSR0fjets_bin9[0.00,-7.00,7.00] to be Gaussian constrained
------------------------------------------------------------
10         0.491944        0.175251        total sum                     
10         0.491944        0.175251        excluding marked processes    
10         8.000000        2.828427        Unweighted events, alpha=0.061493
  => Total parameter prop_binMerSR0fjets_bin10[0.00,-7.00,7.00] to be Gaussian constrained
------------------------------------------------------------
11         0.256307        0.069895        total sum                     
11         0.256307        0.069895        excluding marked processes    
11         13.000000       3.605551        Unweighted events, alpha=0.019716
  => Total parameter prop_binMerSR0fjets_bin11[0.00,-7.00,7.00] to be Gaussian constrained
------------------------------------------------------------
12         0.367206        0.114563        total sum                     
12         0.367206        0.114563        excluding marked processes    
12         10.000000       3.162278        Unweighted events, alpha=0.036721
  => Total parameter prop_binMerSR0fjets_bin12[0.00,-7.00,7.00] to be Gaussian constrained
------------------------------------------------------------
============================================================
Analyzing bin errors for: prop_binMerSRatleast1fjets
Poisson cut-off: 0
Processes excluded for sums: TprimeToTZ_700
============================================================
Bin        Contents        Error           Notes                         
0          4.037190        1.466690        total sum                     
0          3.957103        1.466258        excluding marked processes    
0          7.000000        2.645751        Unweighted events, alpha=0.576741
  => Total parameter prop_binMerSRatleast1fjets_bin0[0.00,-7.00,7.00] to be Gaussian constrained
------------------------------------------------------------
1          2.771090        0.355280        total sum                     
1          2.699127        0.354228        excluding marked processes    
1          58.000000       7.615773        Unweighted events, alpha=0.047777
  => Total parameter prop_binMerSRatleast1fjets_bin1[0.00,-7.00,7.00] to be Gaussian constrained
------------------------------------------------------------
2          3.848093        0.445969        total sum                     
2          3.722103        0.444327        excluding marked processes    
2          70.000000       8.366600        Unweighted events, alpha=0.054973
  => Total parameter prop_binMerSRatleast1fjets_bin2[0.00,-7.00,7.00] to be Gaussian constrained
------------------------------------------------------------
3          3.369773        0.421259        total sum                     
3          3.282644        0.420380        excluding marked processes    
3          61.000000       7.810250        Unweighted events, alpha=0.055242
  => Total parameter prop_binMerSRatleast1fjets_bin3[0.00,-7.00,7.00] to be Gaussian constrained
------------------------------------------------------------
4          4.830992        1.491604        total sum                     
4          4.811338        1.491561        excluding marked processes    
4          10.000000       3.162278        Unweighted events, alpha=0.483099
  => Total parameter prop_binMerSRatleast1fjets_bin4[0.00,-7.00,7.00] to be Gaussian constrained
------------------------------------------------------------
5          2.438022        0.381948        total sum                     
5          2.410371        0.381477        excluding marked processes    
5          40.000000       6.324555        Unweighted events, alpha=0.060951
  => Total parameter prop_binMerSRatleast1fjets_bin5[0.00,-7.00,7.00] to be Gaussian constrained
------------------------------------------------------------
6          1.771979        0.286003        total sum                     
6          1.758206        0.285804        excluding marked processes    
6          38.000000       6.164414        Unweighted events, alpha=0.046631
  => Total parameter prop_binMerSRatleast1fjets_bin6[0.00,-7.00,7.00] to be Gaussian constrained
------------------------------------------------------------
7          1.074172        0.228605        total sum                     
7          1.074172        0.228605        excluding marked processes    
7          22.000000       4.690416        Unweighted events, alpha=0.048826
  => Total parameter prop_binMerSRatleast1fjets_bin7[0.00,-7.00,7.00] to be Gaussian constrained
------------------------------------------------------------
8          1.743549        0.324615        total sum                     
8          1.743549        0.324615        excluding marked processes    
8          29.000000       5.385165        Unweighted events, alpha=0.060122
  => Total parameter prop_binMerSRatleast1fjets_bin8[0.00,-7.00,7.00] to be Gaussian constrained
------------------------------------------------------------
9          2.792572        1.451596        total sum                     
9          2.792572        1.451596        excluding marked processes    
9          4.000000        2.000000        Unweighted events, alpha=0.698143
  => Total parameter prop_binMerSRatleast1fjets_bin9[0.00,-7.00,7.00] to be Gaussian constrained
------------------------------------------------------------
10         0.785425        0.169443        total sum                     
10         0.785425        0.169443        excluding marked processes    
10         21.000000       4.582576        Unweighted events, alpha=0.037401
  => Total parameter prop_binMerSRatleast1fjets_bin10[0.00,-7.00,7.00] to be Gaussian constrained
------------------------------------------------------------
11         0.196957        0.096394        total sum                     
11         0.196957        0.096394        excluding marked processes    
11         4.000000        2.000000        Unweighted events, alpha=0.049239
  => Total parameter prop_binMerSRatleast1fjets_bin11[0.00,-7.00,7.00] to be Gaussian constrained
------------------------------------------------------------
12         0.214089        0.129420        total sum                     
12         0.214089        0.129420        excluding marked processes    
12         3.000000        1.732051        Unweighted events, alpha=0.071363
  => Total parameter prop_binMerSRatleast1fjets_bin12[0.00,-7.00,7.00] to be Gaussian constrained
------------------------------------------------------------
============================================================
Analyzing bin errors for: prop_binAH
Poisson cut-off: 0
Processes excluded for sums: TprimeToTZ_700
============================================================
Bin        Contents        Error           Notes                         
0          53862.110031    275.784496      total sum                     
0          53791.288918    275.783076      excluding marked processes    
0          38044.000000    195.048712      Unweighted events, alpha=1.415785
  => Total parameter prop_binAH_bin0[0.00,-7.00,7.00] to be Gaussian constrained
------------------------------------------------------------
1          13220.548957    131.767156      total sum                     
1          13175.906718    131.765402      excluding marked processes    
1          9999.000000     99.995000       Unweighted events, alpha=1.322187
  => Total parameter prop_binAH_bin1[0.00,-7.00,7.00] to be Gaussian constrained
------------------------------------------------------------
2          11581.579363    119.409455      total sum                     
2          11537.378126    119.407530      excluding marked processes    
2          9336.000000     96.622979       Unweighted events, alpha=1.240529
  => Total parameter prop_binAH_bin2[0.00,-7.00,7.00] to be Gaussian constrained
------------------------------------------------------------
3          9532.849727     109.958424      total sum                     
3          9504.879823     109.957136      excluding marked processes    
3          7472.000000     86.440731       Unweighted events, alpha=1.275810
  => Total parameter prop_binAH_bin3[0.00,-7.00,7.00] to be Gaussian constrained
------------------------------------------------------------
4          6680.088818     91.756251       total sum                     
4          6667.734354     91.755546       excluding marked processes    
4          5281.000000     72.670489       Unweighted events, alpha=1.264929
  => Total parameter prop_binAH_bin4[0.00,-7.00,7.00] to be Gaussian constrained
------------------------------------------------------------
5          4331.717936     70.792745       total sum                     
5          4327.298244     70.792402       excluding marked processes    
5          3736.000000     61.122827       Unweighted events, alpha=1.159453
  => Total parameter prop_binAH_bin5[0.00,-7.00,7.00] to be Gaussian constrained
------------------------------------------------------------
6          2920.976042     57.232330       total sum                     
6          2919.155082     57.232163       excluding marked processes    
6          2602.000000     51.009803       Unweighted events, alpha=1.122589
  => Total parameter prop_binAH_bin6[0.00,-7.00,7.00] to be Gaussian constrained
------------------------------------------------------------
7          1869.295936     45.868845       total sum                     
7          1868.356620     45.868723       excluding marked processes    
7          1659.000000     40.730824       Unweighted events, alpha=1.126761
  => Total parameter prop_binAH_bin7[0.00,-7.00,7.00] to be Gaussian constrained
------------------------------------------------------------
8          2121.007138     43.678625       total sum                     
8          2119.971315     43.678492       excluding marked processes    
8          2356.000000     48.538644       Unweighted events, alpha=0.900258
  => Total parameter prop_binAH_bin8[0.00,-7.00,7.00] to be Gaussian constrained
------------------------------------------------------------
9          1760.777500     39.315946       total sum                     
9          1760.003025     39.315832       excluding marked processes    
9          2004.000000     44.766059       Unweighted events, alpha=0.878631
  => Total parameter prop_binAH_bin9[0.00,-7.00,7.00] to be Gaussian constrained
------------------------------------------------------------
10         610.241566      22.856971       total sum                     
10         610.065933      22.856935       excluding marked processes    
10         712.000000      26.683328       Unweighted events, alpha=0.857081
  => Total parameter prop_binAH_bin10[0.00,-7.00,7.00] to be Gaussian constrained
------------------------------------------------------------
11         259.080480      14.574766       total sum                     
11         258.980064      14.574729       excluding marked processes    
11         316.000000      17.776389       Unweighted events, alpha=0.819875
  => Total parameter prop_binAH_bin11[0.00,-7.00,7.00] to be Gaussian constrained
------------------------------------------------------------
12         175.531788      11.690980       total sum                     
12         175.475786      11.690959       excluding marked processes    
12         225.000000      15.000000       Unweighted events, alpha=0.780141
  => Total parameter prop_binAH_bin12[0.00,-7.00,7.00] to be Gaussian constrained
------------------------------------------------------------
============================================================
Analyzing bin errors for: prop_binSL
Poisson cut-off: 0
Processes excluded for sums: TprimeToTZ_700
============================================================
Bin        Contents        Error           Notes                         
0          707034.421381   873.546871      total sum                     
0          706913.164767   873.545921      excluding marked processes    
0          654878.000000   809.245327      Unweighted events, alpha=1.079643
  => Total parameter prop_binSL_bin0[0.00,-7.00,7.00] to be Gaussian constrained
------------------------------------------------------------
1          10919.551741    94.887061       total sum                     
1          10911.688967    94.886493       excluding marked processes    
1          13224.000000    114.995652      Unweighted events, alpha=0.825737
  => Total parameter prop_binSL_bin1[0.00,-7.00,7.00] to be Gaussian constrained
------------------------------------------------------------
2          7413.824770     77.267875       total sum                     
2          7408.936579     77.267498       excluding marked processes    
2          9194.000000     95.885348       Unweighted events, alpha=0.806376
  => Total parameter prop_binSL_bin2[0.00,-7.00,7.00] to be Gaussian constrained
------------------------------------------------------------
3          4807.734366     63.083147       total sum                     
3          4804.853338     63.082880       excluding marked processes    
3          5801.000000     76.164296       Unweighted events, alpha=0.828777
  => Total parameter prop_binSL_bin3[0.00,-7.00,7.00] to be Gaussian constrained
------------------------------------------------------------
4          3177.958358     49.401319       total sum                     
4          3176.710849     49.401173       excluding marked processes    
4          4135.000000     64.303966       Unweighted events, alpha=0.768551
  => Total parameter prop_binSL_bin4[0.00,-7.00,7.00] to be Gaussian constrained
------------------------------------------------------------
5          2095.936454     40.508285       total sum                     
5          2095.280401     40.508187       excluding marked processes    
5          2675.000000     51.720402       Unweighted events, alpha=0.783528
  => Total parameter prop_binSL_bin5[0.00,-7.00,7.00] to be Gaussian constrained
------------------------------------------------------------
6          1509.632213     34.182070       total sum                     
6          1509.288803     34.182015       excluding marked processes    
6          1950.000000     44.158804       Unweighted events, alpha=0.774170
  => Total parameter prop_binSL_bin6[0.00,-7.00,7.00] to be Gaussian constrained
------------------------------------------------------------
7          1099.744387     30.703200       total sum                     
7          1099.499473     30.703137       excluding marked processes    
7          1282.000000     35.805028       Unweighted events, alpha=0.857835
  => Total parameter prop_binSL_bin7[0.00,-7.00,7.00] to be Gaussian constrained
------------------------------------------------------------
8          1339.298588     32.396305       total sum                     
8          1339.109166     32.396268       excluding marked processes    
8          1709.000000     41.340053       Unweighted events, alpha=0.783674
  => Total parameter prop_binSL_bin8[0.00,-7.00,7.00] to be Gaussian constrained
------------------------------------------------------------
9          1060.972430     29.339334       total sum                     
9          1060.751511     29.339273       excluding marked processes    
9          1307.000000     36.152455       Unweighted events, alpha=0.811762
  => Total parameter prop_binSL_bin9[0.00,-7.00,7.00] to be Gaussian constrained
------------------------------------------------------------
10         327.407215      18.370648       total sum                     
10         327.359166      18.370629       excluding marked processes    
10         318.000000      17.832555       Unweighted events, alpha=1.029582
  => Total parameter prop_binSL_bin10[0.00,-7.00,7.00] to be Gaussian constrained
------------------------------------------------------------
11         133.252762      11.272053       total sum                     
11         133.245770      11.272050       excluding marked processes    
11         140.000000      11.832160       Unweighted events, alpha=0.951805
  => Total parameter prop_binSL_bin11[0.00,-7.00,7.00] to be Gaussian constrained
------------------------------------------------------------
12         86.298695       9.661121        total sum                     
12         86.270020       9.661079        excluding marked processes    
12         80.000000       8.944272        Unweighted events, alpha=1.078734
  => Total parameter prop_binSL_bin12[0.00,-7.00,7.00] to be Gaussian constrained
------------------------------------------------------------
============================================================
Analyzing bin errors for: prop_binAH1lWR
Poisson cut-off: 0
Processes excluded for sums: TprimeToTZ_700
============================================================
Bin        Contents        Error           Notes                         
0          864111.526821   1871.643617     total sum                     
0          864092.892204   1871.643540     excluding marked processes    
0          213145.000000   461.676294      Unweighted events, alpha=4.054102
  => Total parameter prop_binAH1lWR_bin0[0.00,-7.00,7.00] to be Gaussian constrained
------------------------------------------------------------
1          11631.340710    182.678714      total sum                     
1          11629.741042    182.678642      excluding marked processes    
1          4053.000000     63.663176       Unweighted events, alpha=2.869810
  => Total parameter prop_binAH1lWR_bin1[0.00,-7.00,7.00] to be Gaussian constrained
------------------------------------------------------------
2          7573.734475     150.477376      total sum                     
2          7572.934860     150.477337      excluding marked processes    
2          2533.000000     50.328918       Unweighted events, alpha=2.990025
  => Total parameter prop_binAH1lWR_bin2[0.00,-7.00,7.00] to be Gaussian constrained
------------------------------------------------------------
3          5054.813037     120.779781      total sum                     
3          5054.618395     120.779771      excluding marked processes    
3          1751.000000     41.844952       Unweighted events, alpha=2.886815
  => Total parameter prop_binAH1lWR_bin3[0.00,-7.00,7.00] to be Gaussian constrained
------------------------------------------------------------
4          3572.098080     101.754638      total sum                     
4          3572.038683     101.754633      excluding marked processes    
4          1232.000000     35.099858       Unweighted events, alpha=2.899430
  => Total parameter prop_binAH1lWR_bin4[0.00,-7.00,7.00] to be Gaussian constrained
------------------------------------------------------------
5          2209.243834     82.673479       total sum                     
5          2209.243834     82.673479       excluding marked processes    
5          714.000000      26.720778       Unweighted events, alpha=3.094179
  => Total parameter prop_binAH1lWR_bin5[0.00,-7.00,7.00] to be Gaussian constrained
------------------------------------------------------------
6          1658.910793     68.463277       total sum                     
6          1658.867529     68.463272       excluding marked processes    
6          587.000000      24.228083       Unweighted events, alpha=2.826083
  => Total parameter prop_binAH1lWR_bin6[0.00,-7.00,7.00] to be Gaussian constrained
------------------------------------------------------------
7          1213.829682     56.796174       total sum                     
7          1213.812117     56.796173       excluding marked processes    
7          457.000000      21.377558       Unweighted events, alpha=2.656082
  => Total parameter prop_binAH1lWR_bin7[0.00,-7.00,7.00] to be Gaussian constrained
------------------------------------------------------------
8          1350.958596     63.899494       total sum                     
8          1350.955162     63.899494       excluding marked processes    
8          447.000000      21.142375       Unweighted events, alpha=3.022279
  => Total parameter prop_binAH1lWR_bin8[0.00,-7.00,7.00] to be Gaussian constrained
------------------------------------------------------------
9          1203.498942     58.561736       total sum                     
9          1203.498942     58.561736       excluding marked processes    
9          422.000000      20.542639       Unweighted events, alpha=2.851893
  => Total parameter prop_binAH1lWR_bin9[0.00,-7.00,7.00] to be Gaussian constrained
------------------------------------------------------------
10         420.437128      31.979538       total sum                     
10         420.437128      31.979538       excluding marked processes    
10         173.000000      13.152946       Unweighted events, alpha=2.430272
  => Total parameter prop_binAH1lWR_bin10[0.00,-7.00,7.00] to be Gaussian constrained
------------------------------------------------------------
11         134.397373      17.559678       total sum                     
11         134.397373      17.559678       excluding marked processes    
11         59.000000       7.681146        Unweighted events, alpha=2.277922
  => Total parameter prop_binAH1lWR_bin11[0.00,-7.00,7.00] to be Gaussian constrained
------------------------------------------------------------
12         91.640979       16.429481       total sum                     
12         91.640979       16.429481       excluding marked processes    
12         31.000000       5.567764        Unweighted events, alpha=2.956161
  => Total parameter prop_binAH1lWR_bin12[0.00,-7.00,7.00] to be Gaussian constrained
------------------------------------------------------------
============================================================
Analyzing bin errors for: prop_binAH0lZR
Poisson cut-off: 0
Processes excluded for sums: TprimeToTZ_700
============================================================
Bin        Contents        Error           Notes                         
0          6082.417207     144.936587      total sum                     
0          6081.665620     144.936561      excluding marked processes    
0          1761.000000     41.964271       Unweighted events, alpha=3.453956
  => Total parameter prop_binAH0lZR_bin0[0.00,-7.00,7.00] to be Gaussian constrained
------------------------------------------------------------
1          3414.342293     109.037062      total sum                     
1          3413.627691     109.037029      excluding marked processes    
1          980.000000      31.304952       Unweighted events, alpha=3.484023
  => Total parameter prop_binAH0lZR_bin1[0.00,-7.00,7.00] to be Gaussian constrained
------------------------------------------------------------
2          2264.457212     86.662068       total sum                     
2          2263.820248     86.662033       excluding marked processes    
2          682.000000      26.115130       Unweighted events, alpha=3.320318
  => Total parameter prop_binAH0lZR_bin2[0.00,-7.00,7.00] to be Gaussian constrained
------------------------------------------------------------
3          1330.232117     67.783981       total sum                     
3          1329.808279     67.783952       excluding marked processes    
3          385.000000      19.621417       Unweighted events, alpha=3.455148
  => Total parameter prop_binAH0lZR_bin3[0.00,-7.00,7.00] to be Gaussian constrained
------------------------------------------------------------
4          941.622694      55.076639       total sum                     
4          941.467295      55.076626       excluding marked processes    
4          292.000000      17.088007       Unweighted events, alpha=3.224735
  => Total parameter prop_binAH0lZR_bin4[0.00,-7.00,7.00] to be Gaussian constrained
------------------------------------------------------------
5          686.878800      44.756717       total sum                     
5          686.824710      44.756712       excluding marked processes    
5          235.000000      15.329710       Unweighted events, alpha=2.922889
  => Total parameter prop_binAH0lZR_bin5[0.00,-7.00,7.00] to be Gaussian constrained
------------------------------------------------------------
6          475.152104      34.985542       total sum                     
6          475.152104      34.985542       excluding marked processes    
6          184.000000      13.564660       Unweighted events, alpha=2.582348
  => Total parameter prop_binAH0lZR_bin6[0.00,-7.00,7.00] to be Gaussian constrained
------------------------------------------------------------
7          258.861995      29.799816       total sum                     
7          258.861995      29.799816       excluding marked processes    
7          75.000000       8.660254        Unweighted events, alpha=3.451493
  => Total parameter prop_binAH0lZR_bin7[0.00,-7.00,7.00] to be Gaussian constrained
------------------------------------------------------------
8          316.154560      30.615968       total sum                     
8          316.148591      30.615968       excluding marked processes    
8          107.000000      10.344080       Unweighted events, alpha=2.954716
  => Total parameter prop_binAH0lZR_bin8[0.00,-7.00,7.00] to be Gaussian constrained
------------------------------------------------------------
9          304.080552      26.549252       total sum                     
9          304.078507      26.549252       excluding marked processes    
9          131.000000      11.445523       Unweighted events, alpha=2.321226
  => Total parameter prop_binAH0lZR_bin9[0.00,-7.00,7.00] to be Gaussian constrained
------------------------------------------------------------
10         171.830653      14.253427       total sum                     
10         171.830653      14.253427       excluding marked processes    
10         145.000000      12.041595       Unweighted events, alpha=1.185039
  => Total parameter prop_binAH0lZR_bin10[0.00,-7.00,7.00] to be Gaussian constrained
------------------------------------------------------------
11         75.171482       8.311885        total sum                     
11         75.171482       8.311885        excluding marked processes    
11         82.000000       9.055385        Unweighted events, alpha=0.916725
  => Total parameter prop_binAH0lZR_bin11[0.00,-7.00,7.00] to be Gaussian constrained
------------------------------------------------------------
12         72.297810       7.123206        total sum                     
12         72.297810       7.123206        excluding marked processes    
12         103.000000      10.148892       Unweighted events, alpha=0.701920
  => Total parameter prop_binAH0lZR_bin12[0.00,-7.00,7.00] to be Gaussian constrained
------------------------------------------------------------
Channel MixSR0fjets will use autoMCStats with settings: event-threshold=0, include-signal=0, hist-mode=1
Channel MixSRatleast1fjets will use autoMCStats with settings: event-threshold=0, include-signal=0, hist-mode=1
Channel MerSR0fjets will use autoMCStats with settings: event-threshold=0, include-signal=0, hist-mode=1
Channel MerSRatleast1fjets will use autoMCStats with settings: event-threshold=0, include-signal=0, hist-mode=1
Channel AH will use autoMCStats with settings: event-threshold=0, include-signal=0, hist-mode=1
Channel SL will use autoMCStats with settings: event-threshold=0, include-signal=0, hist-mode=1
Channel AH1lWR will use autoMCStats with settings: event-threshold=0, include-signal=0, hist-mode=1
Channel AH0lZR will use autoMCStats with settings: event-threshold=0, include-signal=0, hist-mode=1

 -- AsymptoticLimits ( CLs ) --
Observed Limit: r < 4.1990
Expected  2.5%: r < 3.1899
Expected 16.0%: r < 4.2388
Expected 50.0%: r < 5.8750
Expected 84.0%: r < 8.1934
Expected 97.5%: r < 10.9135

Done in 0.01 min (cpu), 0.01 min (real)
