 <<< Combine >>> 
 <<< v10.0.1 >>>
>>> Random number generator seed is 123456
>>> Method used is AsymptoticLimits
============================================================
Analyzing bin errors for: prop_binMixSR0fjets
Poisson cut-off: 0
Processes excluded for sums: TprimeToTZ_800
============================================================
Bin        Contents        Error           Notes                         
0          46.719093       7.852527        total sum                     
0          46.677504       7.852516        excluding marked processes    
0          35.000000       5.916080        Unweighted events, alpha=1.334831
  => Total parameter prop_binMixSR0fjets_bin0[0.00,-7.00,7.00] to be Gaussian constrained
------------------------------------------------------------
1          33.376846       5.478582        total sum                     
1          33.345772       5.478569        excluding marked processes    
1          37.000000       6.082763        Unweighted events, alpha=0.902077
  => Total parameter prop_binMixSR0fjets_bin1[0.00,-7.00,7.00] to be Gaussian constrained
------------------------------------------------------------
2          12.881726       3.058552        total sum                     
2          12.864811       3.058539        excluding marked processes    
2          18.000000       4.242641        Unweighted events, alpha=0.715651
  => Total parameter prop_binMixSR0fjets_bin2[0.00,-7.00,7.00] to be Gaussian constrained
------------------------------------------------------------
3          6.474410        2.515526        total sum                     
3          6.434717        2.515492        excluding marked processes    
3          7.000000        2.645751        Unweighted events, alpha=0.924916
  => Total parameter prop_binMixSR0fjets_bin3[0.00,-7.00,7.00] to be Gaussian constrained
------------------------------------------------------------
4          4.181878        1.388291        total sum                     
4          4.152725        1.388237        excluding marked processes    
4          9.000000        3.000000        Unweighted events, alpha=0.464653
  => Total parameter prop_binMixSR0fjets_bin4[0.00,-7.00,7.00] to be Gaussian constrained
------------------------------------------------------------
5          1.929077        1.246126        total sum                     
5          1.929077        1.246126        excluding marked processes    
5          2.000000        1.414214        Unweighted events, alpha=0.964539
  => Total parameter prop_binMixSR0fjets_bin5[0.00,-7.00,7.00] to be Gaussian constrained
------------------------------------------------------------
6          1.042270        0.231127        total sum                     
6          1.032225        0.231036        excluding marked processes    
6          20.000000       4.472136        Unweighted events, alpha=0.052113
  => Total parameter prop_binMixSR0fjets_bin6[0.00,-7.00,7.00] to be Gaussian constrained
------------------------------------------------------------
7          0.504232        0.162448        total sum                     
7          0.497503        0.162368        excluding marked processes    
7          9.000000        3.000000        Unweighted events, alpha=0.056026
  => Total parameter prop_binMixSR0fjets_bin7[0.00,-7.00,7.00] to be Gaussian constrained
------------------------------------------------------------
8          0.157348        0.082538        total sum                     
8          0.157348        0.082538        excluding marked processes    
8          4.000000        2.000000        Unweighted events, alpha=0.039337
  => Total parameter prop_binMixSR0fjets_bin8[0.00,-7.00,7.00] to be Gaussian constrained
------------------------------------------------------------
9          0.059517        0.038459        total sum                     
9          0.059517        0.038459        excluding marked processes    
9          2.000000        1.414214        Unweighted events, alpha=0.029759
  => Total parameter prop_binMixSR0fjets_bin9[0.00,-7.00,7.00] to be Gaussian constrained
------------------------------------------------------------
10         0.000000        0.000000        total sum                     
10         0.000000        0.000000        excluding marked processes    
  => Error is zero, ignore      
------------------------------------------------------------
11         0.000000        0.000000        total sum                     
11         0.000000        0.000000        excluding marked processes    
  => Error is zero, ignore      
------------------------------------------------------------
12         0.000000        0.000000        total sum                     
12         0.000000        0.000000        excluding marked processes    
  => Error is zero, ignore      
------------------------------------------------------------
============================================================
Analyzing bin errors for: prop_binMixSRatleast1fjets
Poisson cut-off: 0
Processes excluded for sums: TprimeToTZ_800
============================================================
Bin        Contents        Error           Notes                         
0          70.414057       10.134485       total sum                     
0          70.253514       10.134451       excluding marked processes    
0          48.000000       6.928203        Unweighted events, alpha=1.466960
  => Total parameter prop_binMixSRatleast1fjets_bin0[0.00,-7.00,7.00] to be Gaussian constrained
------------------------------------------------------------
1          30.155528       6.563341        total sum                     
1          30.016565       6.563287        excluding marked processes    
1          21.000000       4.582576        Unweighted events, alpha=1.435978
  => Total parameter prop_binMixSRatleast1fjets_bin1[0.00,-7.00,7.00] to be Gaussian constrained
------------------------------------------------------------
2          20.647948       2.735787        total sum                     
2          20.482777       2.735638        excluding marked processes    
2          56.000000       7.483315        Unweighted events, alpha=0.368713
  => Total parameter prop_binMixSRatleast1fjets_bin2[0.00,-7.00,7.00] to be Gaussian constrained
------------------------------------------------------------
3          9.245113        2.548571        total sum                     
3          9.046973        2.548390        excluding marked processes    
3          13.000000       3.605551        Unweighted events, alpha=0.711163
  => Total parameter prop_binMixSRatleast1fjets_bin3[0.00,-7.00,7.00] to be Gaussian constrained
------------------------------------------------------------
4          5.772844        1.932936        total sum                     
4          5.470109        1.932564        excluding marked processes    
4          8.000000        2.828427        Unweighted events, alpha=0.721606
  => Total parameter prop_binMixSRatleast1fjets_bin4[0.00,-7.00,7.00] to be Gaussian constrained
------------------------------------------------------------
5          3.303399        1.242230        total sum                     
5          3.159111        1.241970        excluding marked processes    
5          6.000000        2.449490        Unweighted events, alpha=0.550566
  => Total parameter prop_binMixSRatleast1fjets_bin5[0.00,-7.00,7.00] to be Gaussian constrained
------------------------------------------------------------
6          1.221060        0.267701        total sum                     
6          1.185738        0.267359        excluding marked processes    
6          20.000000       4.472136        Unweighted events, alpha=0.061053
  => Total parameter prop_binMixSRatleast1fjets_bin6[0.00,-7.00,7.00] to be Gaussian constrained
------------------------------------------------------------
7          0.652034        0.173529        total sum                     
7          0.634197        0.173262        excluding marked processes    
7          13.000000       3.605551        Unweighted events, alpha=0.050156
  => Total parameter prop_binMixSRatleast1fjets_bin7[0.00,-7.00,7.00] to be Gaussian constrained
------------------------------------------------------------
8          1.494785        1.098919        total sum                     
8          1.494785        1.098919        excluding marked processes    
8          2.000000        1.414214        Unweighted events, alpha=0.747392
  => Total parameter prop_binMixSRatleast1fjets_bin8[0.00,-7.00,7.00] to be Gaussian constrained
------------------------------------------------------------
9          0.156664        0.061991        total sum                     
9          0.156664        0.061991        excluding marked processes    
9          6.000000        2.449490        Unweighted events, alpha=0.026111
  => Total parameter prop_binMixSRatleast1fjets_bin9[0.00,-7.00,7.00] to be Gaussian constrained
------------------------------------------------------------
10         0.004152        0.007140        total sum                     
10         0.004152        0.007140        excluding marked processes    
10         0.000000        0.000000        Unweighted events, alpha=inf  
  => Number of weighted events is below Poisson threshold
    WJets                0.000000        0.000000                                      
      => Error is zero, ignore      
  ----------------------------------------------------------
    TT                   0.000000        0.000000                                      
      => Error is zero, ignore      
  ----------------------------------------------------------
    ZJets                0.004152        0.007140                                      
      => Poisson not viable, prop_binMixSRatleast1fjets_bin10_ZJets[0.00,-7.00,7.00] to be Gaussian constrained
  ----------------------------------------------------------
    TprimeToTZ_800       0.000000        0.000000                                      
      => Error is zero, ignore      
  ----------------------------------------------------------
------------------------------------------------------------
11         0.000000        0.000000        total sum                     
11         0.000000        0.000000        excluding marked processes    
  => Error is zero, ignore      
------------------------------------------------------------
12         0.000000        0.000000        total sum                     
12         0.000000        0.000000        excluding marked processes    
  => Error is zero, ignore      
------------------------------------------------------------
============================================================
Analyzing bin errors for: prop_binMerSR0fjets
Poisson cut-off: 0
Processes excluded for sums: TprimeToTZ_800
============================================================
Bin        Contents        Error           Notes                         
0          1.898759        0.866488        total sum                     
0          1.898759        0.866488        excluding marked processes    
0          5.000000        2.236068        Unweighted events, alpha=0.379752
  => Total parameter prop_binMerSR0fjets_bin0[0.00,-7.00,7.00] to be Gaussian constrained
------------------------------------------------------------
1          2.107552        0.324630        total sum                     
1          2.101794        0.324579        excluding marked processes    
1          42.000000       6.480741        Unweighted events, alpha=0.050180
  => Total parameter prop_binMerSR0fjets_bin1[0.00,-7.00,7.00] to be Gaussian constrained
------------------------------------------------------------
2          1.914967        0.307252        total sum                     
2          1.914967        0.307252        excluding marked processes    
2          39.000000       6.244998        Unweighted events, alpha=0.049102
  => Total parameter prop_binMerSR0fjets_bin2[0.00,-7.00,7.00] to be Gaussian constrained
------------------------------------------------------------
3          1.184925        0.242055        total sum                     
3          1.178004        0.242003        excluding marked processes    
3          24.000000       4.898979        Unweighted events, alpha=0.049372
  => Total parameter prop_binMerSR0fjets_bin3[0.00,-7.00,7.00] to be Gaussian constrained
------------------------------------------------------------
4          1.807723        0.315961        total sum                     
4          1.801731        0.315942        excluding marked processes    
4          33.000000       5.744563        Unweighted events, alpha=0.054779
  => Total parameter prop_binMerSR0fjets_bin4[0.00,-7.00,7.00] to be Gaussian constrained
------------------------------------------------------------
5          1.212727        0.244117        total sum                     
5          1.212727        0.244117        excluding marked processes    
5          25.000000       5.000000        Unweighted events, alpha=0.048509
  => Total parameter prop_binMerSR0fjets_bin5[0.00,-7.00,7.00] to be Gaussian constrained
------------------------------------------------------------
6          0.894275        0.220217        total sum                     
6          0.892399        0.220209        excluding marked processes    
6          16.000000       4.000000        Unweighted events, alpha=0.055892
  => Total parameter prop_binMerSR0fjets_bin6[0.00,-7.00,7.00] to be Gaussian constrained
------------------------------------------------------------
7          0.870648        0.215391        total sum                     
7          0.870648        0.215391        excluding marked processes    
7          16.000000       4.000000        Unweighted events, alpha=0.054415
  => Total parameter prop_binMerSR0fjets_bin7[0.00,-7.00,7.00] to be Gaussian constrained
------------------------------------------------------------
8          1.889230        0.332464        total sum                     
8          1.889230        0.332464        excluding marked processes    
8          32.000000       5.656854        Unweighted events, alpha=0.059038
  => Total parameter prop_binMerSR0fjets_bin8[0.00,-7.00,7.00] to be Gaussian constrained
------------------------------------------------------------
9          1.067483        0.246529        total sum                     
9          1.067483        0.246529        excluding marked processes    
9          19.000000       4.358899        Unweighted events, alpha=0.056183
  => Total parameter prop_binMerSR0fjets_bin9[0.00,-7.00,7.00] to be Gaussian constrained
------------------------------------------------------------
10         0.491944        0.175251        total sum                     
10         0.491944        0.175251        excluding marked processes    
10         8.000000        2.828427        Unweighted events, alpha=0.061493
  => Total parameter prop_binMerSR0fjets_bin10[0.00,-7.00,7.00] to be Gaussian constrained
------------------------------------------------------------
11         0.256307        0.069895        total sum                     
11         0.256307        0.069895        excluding marked processes    
11         13.000000       3.605551        Unweighted events, alpha=0.019716
  => Total parameter prop_binMerSR0fjets_bin11[0.00,-7.00,7.00] to be Gaussian constrained
------------------------------------------------------------
12         0.367206        0.114563        total sum                     
12         0.367206        0.114563        excluding marked processes    
12         10.000000       3.162278        Unweighted events, alpha=0.036721
  => Total parameter prop_binMerSR0fjets_bin12[0.00,-7.00,7.00] to be Gaussian constrained
------------------------------------------------------------
============================================================
Analyzing bin errors for: prop_binMerSRatleast1fjets
Poisson cut-off: 0
Processes excluded for sums: TprimeToTZ_800
============================================================
Bin        Contents        Error           Notes                         
0          3.970404        1.466273        total sum                     
0          3.957103        1.466258        excluding marked processes    
0          7.000000        2.645751        Unweighted events, alpha=0.567201
  => Total parameter prop_binMerSRatleast1fjets_bin0[0.00,-7.00,7.00] to be Gaussian constrained
------------------------------------------------------------
1          2.721080        0.354356        total sum                     
1          2.699127        0.354228        excluding marked processes    
1          58.000000       7.615773        Unweighted events, alpha=0.046915
  => Total parameter prop_binMerSRatleast1fjets_bin1[0.00,-7.00,7.00] to be Gaussian constrained
------------------------------------------------------------
2          3.839551        0.444989        total sum                     
2          3.722103        0.444327        excluding marked processes    
2          70.000000       8.366600        Unweighted events, alpha=0.054851
  => Total parameter prop_binMerSRatleast1fjets_bin2[0.00,-7.00,7.00] to be Gaussian constrained
------------------------------------------------------------
3          3.383926        0.420898        total sum                     
3          3.282644        0.420380        excluding marked processes    
3          61.000000       7.810250        Unweighted events, alpha=0.055474
  => Total parameter prop_binMerSRatleast1fjets_bin3[0.00,-7.00,7.00] to be Gaussian constrained
------------------------------------------------------------
4          4.969174        1.491808        total sum                     
4          4.811338        1.491561        excluding marked processes    
4          10.000000       3.162278        Unweighted events, alpha=0.496917
  => Total parameter prop_binMerSRatleast1fjets_bin4[0.00,-7.00,7.00] to be Gaussian constrained
------------------------------------------------------------
5          2.476760        0.381938        total sum                     
5          2.410371        0.381477        excluding marked processes    
5          40.000000       6.324555        Unweighted events, alpha=0.061919
  => Total parameter prop_binMerSRatleast1fjets_bin5[0.00,-7.00,7.00] to be Gaussian constrained
------------------------------------------------------------
6          1.822732        0.286293        total sum                     
6          1.758206        0.285804        excluding marked processes    
6          38.000000       6.164414        Unweighted events, alpha=0.047967
  => Total parameter prop_binMerSRatleast1fjets_bin6[0.00,-7.00,7.00] to be Gaussian constrained
------------------------------------------------------------
7          1.092068        0.228765        total sum                     
7          1.074172        0.228605        excluding marked processes    
7          22.000000       4.690416        Unweighted events, alpha=0.049639
  => Total parameter prop_binMerSRatleast1fjets_bin7[0.00,-7.00,7.00] to be Gaussian constrained
------------------------------------------------------------
8          1.743549        0.324615        total sum                     
8          1.743549        0.324615        excluding marked processes    
8          29.000000       5.385165        Unweighted events, alpha=0.060122
  => Total parameter prop_binMerSRatleast1fjets_bin8[0.00,-7.00,7.00] to be Gaussian constrained
------------------------------------------------------------
9          2.792572        1.451596        total sum                     
9          2.792572        1.451596        excluding marked processes    
9          4.000000        2.000000        Unweighted events, alpha=0.698143
  => Total parameter prop_binMerSRatleast1fjets_bin9[0.00,-7.00,7.00] to be Gaussian constrained
------------------------------------------------------------
10         0.785425        0.169443        total sum                     
10         0.785425        0.169443        excluding marked processes    
10         21.000000       4.582576        Unweighted events, alpha=0.037401
  => Total parameter prop_binMerSRatleast1fjets_bin10[0.00,-7.00,7.00] to be Gaussian constrained
------------------------------------------------------------
11         0.196957        0.096394        total sum                     
11         0.196957        0.096394        excluding marked processes    
11         4.000000        2.000000        Unweighted events, alpha=0.049239
  => Total parameter prop_binMerSRatleast1fjets_bin11[0.00,-7.00,7.00] to be Gaussian constrained
------------------------------------------------------------
12         0.214089        0.129420        total sum                     
12         0.214089        0.129420        excluding marked processes    
12         3.000000        1.732051        Unweighted events, alpha=0.071363
  => Total parameter prop_binMerSRatleast1fjets_bin12[0.00,-7.00,7.00] to be Gaussian constrained
------------------------------------------------------------
============================================================
Analyzing bin errors for: prop_binAH
Poisson cut-off: 0
Processes excluded for sums: TprimeToTZ_800
============================================================
Bin        Contents        Error           Notes                         
0          53821.945101    275.783371      total sum                     
0          53791.288918    275.783076      excluding marked processes    
0          38044.000000    195.048712      Unweighted events, alpha=1.414729
  => Total parameter prop_binAH_bin0[0.00,-7.00,7.00] to be Gaussian constrained
------------------------------------------------------------
1          13191.607042    131.765689      total sum                     
1          13175.906718    131.765402      excluding marked processes    
1          9999.000000     99.995000       Unweighted events, alpha=1.319293
  => Total parameter prop_binAH_bin1[0.00,-7.00,7.00] to be Gaussian constrained
------------------------------------------------------------
2          11557.351994    119.407932      total sum                     
2          11537.378126    119.407530      excluding marked processes    
2          9336.000000     96.622979       Unweighted events, alpha=1.237934
  => Total parameter prop_binAH_bin2[0.00,-7.00,7.00] to be Gaussian constrained
------------------------------------------------------------
3          9526.558053     109.957603      total sum                     
3          9504.879823     109.957136      excluding marked processes    
3          7472.000000     86.440731       Unweighted events, alpha=1.274968
  => Total parameter prop_binAH_bin3[0.00,-7.00,7.00] to be Gaussian constrained
------------------------------------------------------------
4          6687.495762     91.756059       total sum                     
4          6667.734354     91.755546       excluding marked processes    
4          5281.000000     72.670489       Unweighted events, alpha=1.266331
  => Total parameter prop_binAH_bin4[0.00,-7.00,7.00] to be Gaussian constrained
------------------------------------------------------------
5          4340.545010     70.792856       total sum                     
5          4327.298244     70.792402       excluding marked processes    
5          3736.000000     61.122827       Unweighted events, alpha=1.161816
  => Total parameter prop_binAH_bin5[0.00,-7.00,7.00] to be Gaussian constrained
------------------------------------------------------------
6          2925.104715     57.232420       total sum                     
6          2919.155082     57.232163       excluding marked processes    
6          2602.000000     51.009803       Unweighted events, alpha=1.124176
  => Total parameter prop_binAH_bin6[0.00,-7.00,7.00] to be Gaussian constrained
------------------------------------------------------------
7          1870.347488     45.868827       total sum                     
7          1868.356620     45.868723       excluding marked processes    
7          1659.000000     40.730824       Unweighted events, alpha=1.127395
  => Total parameter prop_binAH_bin7[0.00,-7.00,7.00] to be Gaussian constrained
------------------------------------------------------------
8          2121.134144     43.678558       total sum                     
8          2119.971315     43.678492       excluding marked processes    
8          2356.000000     48.538644       Unweighted events, alpha=0.900312
  => Total parameter prop_binAH_bin8[0.00,-7.00,7.00] to be Gaussian constrained
------------------------------------------------------------
9          1760.719431     39.315879       total sum                     
9          1760.003025     39.315832       excluding marked processes    
9          2004.000000     44.766059       Unweighted events, alpha=0.878603
  => Total parameter prop_binAH_bin9[0.00,-7.00,7.00] to be Gaussian constrained
------------------------------------------------------------
10         610.213255      22.856951       total sum                     
10         610.065933      22.856935       excluding marked processes    
10         712.000000      26.683328       Unweighted events, alpha=0.857041
  => Total parameter prop_binAH_bin10[0.00,-7.00,7.00] to be Gaussian constrained
------------------------------------------------------------
11         259.040453      14.574739       total sum                     
11         258.980064      14.574729       excluding marked processes    
11         316.000000      17.776389       Unweighted events, alpha=0.819748
  => Total parameter prop_binAH_bin11[0.00,-7.00,7.00] to be Gaussian constrained
------------------------------------------------------------
12         175.509787      11.690967       total sum                     
12         175.475786      11.690959       excluding marked processes    
12         225.000000      15.000000       Unweighted events, alpha=0.780043
  => Total parameter prop_binAH_bin12[0.00,-7.00,7.00] to be Gaussian constrained
------------------------------------------------------------
============================================================
Analyzing bin errors for: prop_binSL
Poisson cut-off: 0
Processes excluded for sums: TprimeToTZ_800
============================================================
Bin        Contents        Error           Notes                         
0          706977.080519   873.546147      total sum                     
0          706913.164767   873.545921      excluding marked processes    
0          654878.000000   809.245327      Unweighted events, alpha=1.079555
  => Total parameter prop_binSL_bin0[0.00,-7.00,7.00] to be Gaussian constrained
------------------------------------------------------------
1          10917.002732    94.886661       total sum                     
1          10911.688967    94.886493       excluding marked processes    
1          13224.000000    114.995652      Unweighted events, alpha=0.825545
  => Total parameter prop_binSL_bin1[0.00,-7.00,7.00] to be Gaussian constrained
------------------------------------------------------------
2          7413.375256     77.267664       total sum                     
2          7408.936579     77.267498       excluding marked processes    
2          9194.000000     95.885348       Unweighted events, alpha=0.806328
  => Total parameter prop_binSL_bin2[0.00,-7.00,7.00] to be Gaussian constrained
------------------------------------------------------------
3          4808.131656     63.083027       total sum                     
3          4804.853338     63.082880       excluding marked processes    
3          5801.000000     76.164296       Unweighted events, alpha=0.828845
  => Total parameter prop_binSL_bin3[0.00,-7.00,7.00] to be Gaussian constrained
------------------------------------------------------------
4          3178.940568     49.401298       total sum                     
4          3176.710849     49.401173       excluding marked processes    
4          4135.000000     64.303966       Unweighted events, alpha=0.768789
  => Total parameter prop_binSL_bin4[0.00,-7.00,7.00] to be Gaussian constrained
------------------------------------------------------------
5          2096.490864     40.508265       total sum                     
5          2095.280401     40.508187       excluding marked processes    
5          2675.000000     51.720402       Unweighted events, alpha=0.783735
  => Total parameter prop_binSL_bin5[0.00,-7.00,7.00] to be Gaussian constrained
------------------------------------------------------------
6          1509.906606     34.182065       total sum                     
6          1509.288803     34.182015       excluding marked processes    
6          1950.000000     44.158804       Unweighted events, alpha=0.774311
  => Total parameter prop_binSL_bin6[0.00,-7.00,7.00] to be Gaussian constrained
------------------------------------------------------------
7          1099.819770     30.703164       total sum                     
7          1099.499473     30.703137       excluding marked processes    
7          1282.000000     35.805028       Unweighted events, alpha=0.857894
  => Total parameter prop_binSL_bin7[0.00,-7.00,7.00] to be Gaussian constrained
------------------------------------------------------------
8          1339.403129     32.396295       total sum                     
8          1339.109166     32.396268       excluding marked processes    
8          1709.000000     41.340053       Unweighted events, alpha=0.783735
  => Total parameter prop_binSL_bin8[0.00,-7.00,7.00] to be Gaussian constrained
------------------------------------------------------------
9          1060.878886     29.339288       total sum                     
9          1060.751511     29.339273       excluding marked processes    
9          1307.000000     36.152455       Unweighted events, alpha=0.811690
  => Total parameter prop_binSL_bin9[0.00,-7.00,7.00] to be Gaussian constrained
------------------------------------------------------------
10         327.420494      18.370639       total sum                     
10         327.359166      18.370629       excluding marked processes    
10         318.000000      17.832555       Unweighted events, alpha=1.029624
  => Total parameter prop_binSL_bin10[0.00,-7.00,7.00] to be Gaussian constrained
------------------------------------------------------------
11         133.280869      11.272059       total sum                     
11         133.245770      11.272050       excluding marked processes    
11         140.000000      11.832160       Unweighted events, alpha=0.952006
  => Total parameter prop_binSL_bin11[0.00,-7.00,7.00] to be Gaussian constrained
------------------------------------------------------------
12         86.270020       9.661079        total sum                     
12         86.270020       9.661079        excluding marked processes    
12         80.000000       8.944272        Unweighted events, alpha=1.078375
  => Total parameter prop_binSL_bin12[0.00,-7.00,7.00] to be Gaussian constrained
------------------------------------------------------------
============================================================
Analyzing bin errors for: prop_binAH1lWR
Poisson cut-off: 0
Processes excluded for sums: TprimeToTZ_800
============================================================
Bin        Contents        Error           Notes                         
0          864101.659445   1871.643557     total sum                     
0          864092.892204   1871.643540     excluding marked processes    
0          213145.000000   461.676294      Unweighted events, alpha=4.054055
  => Total parameter prop_binAH1lWR_bin0[0.00,-7.00,7.00] to be Gaussian constrained
------------------------------------------------------------
1          11630.751235    182.678663      total sum                     
1          11629.741042    182.678642      excluding marked processes    
1          4053.000000     63.663176       Unweighted events, alpha=2.869665
  => Total parameter prop_binAH1lWR_bin1[0.00,-7.00,7.00] to be Gaussian constrained
------------------------------------------------------------
2          7573.623689     150.477351      total sum                     
2          7572.934860     150.477337      excluding marked processes    
2          2533.000000     50.328918       Unweighted events, alpha=2.989982
  => Total parameter prop_binAH1lWR_bin2[0.00,-7.00,7.00] to be Gaussian constrained
------------------------------------------------------------
3          5055.075650     120.779782      total sum                     
3          5054.618395     120.779771      excluding marked processes    
3          1751.000000     41.844952       Unweighted events, alpha=2.886965
  => Total parameter prop_binAH1lWR_bin3[0.00,-7.00,7.00] to be Gaussian constrained
------------------------------------------------------------
4          3572.345778     101.754644      total sum                     
4          3572.038683     101.754633      excluding marked processes    
4          1232.000000     35.099858       Unweighted events, alpha=2.899631
  => Total parameter prop_binAH1lWR_bin4[0.00,-7.00,7.00] to be Gaussian constrained
------------------------------------------------------------
5          2209.301735     82.673482       total sum                     
5          2209.243834     82.673479       excluding marked processes    
5          714.000000      26.720778       Unweighted events, alpha=3.094260
  => Total parameter prop_binAH1lWR_bin5[0.00,-7.00,7.00] to be Gaussian constrained
------------------------------------------------------------
6          1658.887047     68.463273       total sum                     
6          1658.867529     68.463272       excluding marked processes    
6          587.000000      24.228083       Unweighted events, alpha=2.826043
  => Total parameter prop_binAH1lWR_bin6[0.00,-7.00,7.00] to be Gaussian constrained
------------------------------------------------------------
7          1213.814206     56.796173       total sum                     
7          1213.812117     56.796173       excluding marked processes    
7          457.000000      21.377558       Unweighted events, alpha=2.656049
  => Total parameter prop_binAH1lWR_bin7[0.00,-7.00,7.00] to be Gaussian constrained
------------------------------------------------------------
8          1350.957723     63.899494       total sum                     
8          1350.955162     63.899494       excluding marked processes    
8          447.000000      21.142375       Unweighted events, alpha=3.022277
  => Total parameter prop_binAH1lWR_bin8[0.00,-7.00,7.00] to be Gaussian constrained
------------------------------------------------------------
9          1203.508823     58.561737       total sum                     
9          1203.498942     58.561736       excluding marked processes    
9          422.000000      20.542639       Unweighted events, alpha=2.851917
  => Total parameter prop_binAH1lWR_bin9[0.00,-7.00,7.00] to be Gaussian constrained
------------------------------------------------------------
10         420.437128      31.979538       total sum                     
10         420.437128      31.979538       excluding marked processes    
10         173.000000      13.152946       Unweighted events, alpha=2.430272
  => Total parameter prop_binAH1lWR_bin10[0.00,-7.00,7.00] to be Gaussian constrained
------------------------------------------------------------
11         134.397373      17.559678       total sum                     
11         134.397373      17.559678       excluding marked processes    
11         59.000000       7.681146        Unweighted events, alpha=2.277922
  => Total parameter prop_binAH1lWR_bin11[0.00,-7.00,7.00] to be Gaussian constrained
------------------------------------------------------------
12         91.640979       16.429481       total sum                     
12         91.640979       16.429481       excluding marked processes    
12         31.000000       5.567764        Unweighted events, alpha=2.956161
  => Total parameter prop_binAH1lWR_bin12[0.00,-7.00,7.00] to be Gaussian constrained
------------------------------------------------------------
============================================================
Analyzing bin errors for: prop_binAH0lZR
Poisson cut-off: 0
Processes excluded for sums: TprimeToTZ_800
============================================================
Bin        Contents        Error           Notes                         
0          6081.873726     144.936564      total sum                     
0          6081.665620     144.936561      excluding marked processes    
0          1761.000000     41.964271       Unweighted events, alpha=3.453648
  => Total parameter prop_binAH0lZR_bin0[0.00,-7.00,7.00] to be Gaussian constrained
------------------------------------------------------------
1          3413.870286     109.037035      total sum                     
1          3413.627691     109.037029      excluding marked processes    
1          980.000000      31.304952       Unweighted events, alpha=3.483541
  => Total parameter prop_binAH0lZR_bin1[0.00,-7.00,7.00] to be Gaussian constrained
------------------------------------------------------------
2          2264.048984     86.662038       total sum                     
2          2263.820248     86.662033       excluding marked processes    
2          682.000000      26.115130       Unweighted events, alpha=3.319720
  => Total parameter prop_binAH0lZR_bin2[0.00,-7.00,7.00] to be Gaussian constrained
------------------------------------------------------------
3          1330.046672     67.783960       total sum                     
3          1329.808279     67.783952       excluding marked processes    
3          385.000000      19.621417       Unweighted events, alpha=3.454667
  => Total parameter prop_binAH0lZR_bin3[0.00,-7.00,7.00] to be Gaussian constrained
------------------------------------------------------------
4          941.690213      55.076634       total sum                     
4          941.467295      55.076626       excluding marked processes    
4          292.000000      17.088007       Unweighted events, alpha=3.224966
  => Total parameter prop_binAH0lZR_bin4[0.00,-7.00,7.00] to be Gaussian constrained
------------------------------------------------------------
5          686.961481      44.756719       total sum                     
5          686.824710      44.756712       excluding marked processes    
5          235.000000      15.329710       Unweighted events, alpha=2.923240
  => Total parameter prop_binAH0lZR_bin5[0.00,-7.00,7.00] to be Gaussian constrained
------------------------------------------------------------
6          475.215210      34.985545       total sum                     
6          475.152104      34.985542       excluding marked processes    
6          184.000000      13.564660       Unweighted events, alpha=2.582691
  => Total parameter prop_binAH0lZR_bin6[0.00,-7.00,7.00] to be Gaussian constrained
------------------------------------------------------------
7          258.876552      29.799817       total sum                     
7          258.861995      29.799816       excluding marked processes    
7          75.000000       8.660254        Unweighted events, alpha=3.451687
  => Total parameter prop_binAH0lZR_bin7[0.00,-7.00,7.00] to be Gaussian constrained
------------------------------------------------------------
8          316.162269      30.615969       total sum                     
8          316.148591      30.615968       excluding marked processes    
8          107.000000      10.344080       Unweighted events, alpha=2.954788
  => Total parameter prop_binAH0lZR_bin8[0.00,-7.00,7.00] to be Gaussian constrained
------------------------------------------------------------
9          304.083405      26.549252       total sum                     
9          304.078507      26.549252       excluding marked processes    
9          131.000000      11.445523       Unweighted events, alpha=2.321247
  => Total parameter prop_binAH0lZR_bin9[0.00,-7.00,7.00] to be Gaussian constrained
------------------------------------------------------------
10         171.830653      14.253427       total sum                     
10         171.830653      14.253427       excluding marked processes    
10         145.000000      12.041595       Unweighted events, alpha=1.185039
  => Total parameter prop_binAH0lZR_bin10[0.00,-7.00,7.00] to be Gaussian constrained
------------------------------------------------------------
11         75.171482       8.311885        total sum                     
11         75.171482       8.311885        excluding marked processes    
11         82.000000       9.055385        Unweighted events, alpha=0.916725
  => Total parameter prop_binAH0lZR_bin11[0.00,-7.00,7.00] to be Gaussian constrained
------------------------------------------------------------
12         72.297810       7.123206        total sum                     
12         72.297810       7.123206        excluding marked processes    
12         103.000000      10.148892       Unweighted events, alpha=0.701920
  => Total parameter prop_binAH0lZR_bin12[0.00,-7.00,7.00] to be Gaussian constrained
------------------------------------------------------------
Channel MixSR0fjets will use autoMCStats with settings: event-threshold=0, include-signal=0, hist-mode=1
Channel MixSRatleast1fjets will use autoMCStats with settings: event-threshold=0, include-signal=0, hist-mode=1
Channel MerSR0fjets will use autoMCStats with settings: event-threshold=0, include-signal=0, hist-mode=1
Channel MerSRatleast1fjets will use autoMCStats with settings: event-threshold=0, include-signal=0, hist-mode=1
Channel AH will use autoMCStats with settings: event-threshold=0, include-signal=0, hist-mode=1
Channel SL will use autoMCStats with settings: event-threshold=0, include-signal=0, hist-mode=1
Channel AH1lWR will use autoMCStats with settings: event-threshold=0, include-signal=0, hist-mode=1
Channel AH0lZR will use autoMCStats with settings: event-threshold=0, include-signal=0, hist-mode=1

 -- AsymptoticLimits ( CLs ) --
Observed Limit: r < 4.4159
Expected  2.5%: r < 3.9346
Expected 16.0%: r < 5.2907
Expected 50.0%: r < 7.4062
Expected 84.0%: r < 10.4175
Expected 97.5%: r < 14.0581

Done in 0.01 min (cpu), 0.01 min (real)
