 <<< Combine >>> 
 <<< v10.0.1 >>>
>>> Random number generator seed is 123456
>>> Method used is AsymptoticLimits
============================================================
Analyzing bin errors for: prop_binMixSR0fjets
Poisson cut-off: 0
Processes excluded for sums: TprimeToTZ_1400
============================================================
Bin        Contents        Error           Notes                         
0          35.144960       6.878903        total sum                     
0          35.144960       6.878903        excluding marked processes    
0          26.000000       5.099020        Unweighted events, alpha=1.351729
  => Total parameter prop_binMixSR0fjets_bin0[0.00,-7.00,7.00] to be Gaussian constrained
------------------------------------------------------------
1          27.390836       5.178875        total sum                     
1          27.390836       5.178875        excluding marked processes    
1          28.000000       5.291503        Unweighted events, alpha=0.978244
  => Total parameter prop_binMixSR0fjets_bin1[0.00,-7.00,7.00] to be Gaussian constrained
------------------------------------------------------------
2          9.465945        2.698631        total sum                     
2          9.465945        2.698631        excluding marked processes    
2          12.000000       3.464102        Unweighted events, alpha=0.788829
  => Total parameter prop_binMixSR0fjets_bin2[0.00,-7.00,7.00] to be Gaussian constrained
------------------------------------------------------------
3          4.208697        2.142465        total sum                     
3          4.208434        2.142465        excluding marked processes    
3          4.000000        2.000000        Unweighted events, alpha=1.052174
  => Total parameter prop_binMixSR0fjets_bin3[0.00,-7.00,7.00] to be Gaussian constrained
------------------------------------------------------------
4          3.199957        1.316798        total sum                     
4          3.199575        1.316798        excluding marked processes    
4          6.000000        2.449490        Unweighted events, alpha=0.533326
  => Total parameter prop_binMixSR0fjets_bin4[0.00,-7.00,7.00] to be Gaussian constrained
------------------------------------------------------------
5          0.912702        0.611935        total sum                     
5          0.912484        0.611935        excluding marked processes    
5          2.000000        1.414214        Unweighted events, alpha=0.456351
  => Total parameter prop_binMixSR0fjets_bin5[0.00,-7.00,7.00] to be Gaussian constrained
------------------------------------------------------------
6          0.844780        0.210704        total sum                     
6          0.844485        0.210704        excluding marked processes    
6          16.000000       4.000000        Unweighted events, alpha=0.052799
  => Total parameter prop_binMixSR0fjets_bin6[0.00,-7.00,7.00] to be Gaussian constrained
------------------------------------------------------------
7          0.354936        0.137208        total sum                     
7          0.354936        0.137208        excluding marked processes    
7          7.000000        2.645751        Unweighted events, alpha=0.050705
  => Total parameter prop_binMixSR0fjets_bin7[0.00,-7.00,7.00] to be Gaussian constrained
------------------------------------------------------------
8          0.138232        0.080294        total sum                     
8          0.138232        0.080294        excluding marked processes    
8          3.000000        1.732051        Unweighted events, alpha=0.046077
  => Total parameter prop_binMixSR0fjets_bin8[0.00,-7.00,7.00] to be Gaussian constrained
------------------------------------------------------------
9          0.029562        0.029633        total sum                     
9          0.029286        0.029631        excluding marked processes    
9          1.000000        1.000000        Unweighted events, alpha=0.029562
  => Total parameter prop_binMixSR0fjets_bin9[0.00,-7.00,7.00] to be Gaussian constrained
------------------------------------------------------------
10         0.000000        0.000000        total sum                     
10         0.000000        0.000000        excluding marked processes    
  => Error is zero, ignore      
------------------------------------------------------------
11         0.000000        0.000000        total sum                     
11         0.000000        0.000000        excluding marked processes    
  => Error is zero, ignore      
------------------------------------------------------------
12         0.000000        0.000000        total sum                     
12         0.000000        0.000000        excluding marked processes    
  => Error is zero, ignore      
------------------------------------------------------------
============================================================
Analyzing bin errors for: prop_binMixSRatleast1fjets
Poisson cut-off: 0
Processes excluded for sums: TprimeToTZ_1400
============================================================
Bin        Contents        Error           Notes                         
0          60.627038       9.763850        total sum                     
0          60.626129       9.763850        excluding marked processes    
0          39.000000       6.244998        Unweighted events, alpha=1.554539
  => Total parameter prop_binMixSRatleast1fjets_bin0[0.00,-7.00,7.00] to be Gaussian constrained
------------------------------------------------------------
1          25.589510       6.535731        total sum                     
1          25.588732       6.535731        excluding marked processes    
1          15.000000       3.872983        Unweighted events, alpha=1.705967
  => Total parameter prop_binMixSRatleast1fjets_bin1[0.00,-7.00,7.00] to be Gaussian constrained
------------------------------------------------------------
2          17.109378       2.599171        total sum                     
2          17.108376       2.599171        excluding marked processes    
2          43.000000       6.557439        Unweighted events, alpha=0.397893
  => Total parameter prop_binMixSRatleast1fjets_bin2[0.00,-7.00,7.00] to be Gaussian constrained
------------------------------------------------------------
3          7.076725        2.528504        total sum                     
3          7.074386        2.528504        excluding marked processes    
3          8.000000        2.828427        Unweighted events, alpha=0.884591
  => Total parameter prop_binMixSRatleast1fjets_bin3[0.00,-7.00,7.00] to be Gaussian constrained
------------------------------------------------------------
4          5.704132        1.750413        total sum                     
4          5.702241        1.750413        excluding marked processes    
4          11.000000       3.316625        Unweighted events, alpha=0.518557
  => Total parameter prop_binMixSRatleast1fjets_bin4[0.00,-7.00,7.00] to be Gaussian constrained
------------------------------------------------------------
5          2.698234        1.231283        total sum                     
5          2.697603        1.231282        excluding marked processes    
5          5.000000        2.236068        Unweighted events, alpha=0.539647
  => Total parameter prop_binMixSRatleast1fjets_bin5[0.00,-7.00,7.00] to be Gaussian constrained
------------------------------------------------------------
6          0.758898        0.208570        total sum                     
6          0.757576        0.208569        excluding marked processes    
6          13.000000       3.605551        Unweighted events, alpha=0.058377
  => Total parameter prop_binMixSRatleast1fjets_bin6[0.00,-7.00,7.00] to be Gaussian constrained
------------------------------------------------------------
7          0.497207        0.144974        total sum                     
7          0.495277        0.144972        excluding marked processes    
7          12.000000       3.464102        Unweighted events, alpha=0.041434
  => Total parameter prop_binMixSRatleast1fjets_bin7[0.00,-7.00,7.00] to be Gaussian constrained
------------------------------------------------------------
8          0.227273        0.089277        total sum                     
8          0.226186        0.089276        excluding marked processes    
8          6.000000        2.449490        Unweighted events, alpha=0.037879
  => Total parameter prop_binMixSRatleast1fjets_bin8[0.00,-7.00,7.00] to be Gaussian constrained
------------------------------------------------------------
9          0.115769        0.052281        total sum                     
9          0.114530        0.052278        excluding marked processes    
9          5.000000        2.236068        Unweighted events, alpha=0.023154
  => Total parameter prop_binMixSRatleast1fjets_bin9[0.00,-7.00,7.00] to be Gaussian constrained
------------------------------------------------------------
10         0.004152        0.007140        total sum                     
10         0.004152        0.007140        excluding marked processes    
10         0.000000        0.000000        Unweighted events, alpha=inf  
  => Number of weighted events is below Poisson threshold
    WJets                0.000000        0.000000                                      
      => Error is zero, ignore      
  ----------------------------------------------------------
    TT                   0.000000        0.000000                                      
      => Error is zero, ignore      
  ----------------------------------------------------------
    ZJets                0.004152        0.007140                                      
      => Poisson not viable, prop_binMixSRatleast1fjets_bin10_ZJets[0.00,-7.00,7.00] to be Gaussian constrained
  ----------------------------------------------------------
    TprimeToTZ_1400      0.000000        0.000000                                      
      => Error is zero, ignore      
  ----------------------------------------------------------
------------------------------------------------------------
11         0.000000        0.000000        total sum                     
11         0.000000        0.000000        excluding marked processes    
  => Error is zero, ignore      
------------------------------------------------------------
12         0.000000        0.000000        total sum                     
12         0.000000        0.000000        excluding marked processes    
  => Error is zero, ignore      
------------------------------------------------------------
============================================================
Analyzing bin errors for: prop_binMerSR0fjets
Poisson cut-off: 0
Processes excluded for sums: TprimeToTZ_1400
============================================================
Bin        Contents        Error           Notes                         
0          1.690758        0.856996        total sum                     
0          1.690758        0.856996        excluding marked processes    
0          4.000000        2.000000        Unweighted events, alpha=0.422690
  => Total parameter prop_binMerSR0fjets_bin0[0.00,-7.00,7.00] to be Gaussian constrained
------------------------------------------------------------
1          1.544451        0.272968        total sum                     
1          1.543936        0.272968        excluding marked processes    
1          32.000000       5.656854        Unweighted events, alpha=0.048264
  => Total parameter prop_binMerSR0fjets_bin1[0.00,-7.00,7.00] to be Gaussian constrained
------------------------------------------------------------
2          1.422383        0.268646        total sum                     
2          1.422383        0.268646        excluding marked processes    
2          28.000000       5.291503        Unweighted events, alpha=0.050799
  => Total parameter prop_binMerSR0fjets_bin2[0.00,-7.00,7.00] to be Gaussian constrained
------------------------------------------------------------
3          0.919642        0.217898        total sum                     
3          0.919642        0.217898        excluding marked processes    
3          18.000000       4.242641        Unweighted events, alpha=0.051091
  => Total parameter prop_binMerSR0fjets_bin3[0.00,-7.00,7.00] to be Gaussian constrained
------------------------------------------------------------
4          1.343960        0.276156        total sum                     
4          1.343960        0.276156        excluding marked processes    
4          24.000000       4.898979        Unweighted events, alpha=0.055998
  => Total parameter prop_binMerSR0fjets_bin4[0.00,-7.00,7.00] to be Gaussian constrained
------------------------------------------------------------
5          0.915910        0.212161        total sum                     
5          0.915786        0.212161        excluding marked processes    
5          19.000000       4.358899        Unweighted events, alpha=0.048206
  => Total parameter prop_binMerSR0fjets_bin5[0.00,-7.00,7.00] to be Gaussian constrained
------------------------------------------------------------
6          0.611201        0.185178        total sum                     
6          0.611201        0.185178        excluding marked processes    
6          11.000000       3.316625        Unweighted events, alpha=0.055564
  => Total parameter prop_binMerSR0fjets_bin6[0.00,-7.00,7.00] to be Gaussian constrained
------------------------------------------------------------
7          0.765909        0.203697        total sum                     
7          0.765622        0.203696        excluding marked processes    
7          14.000000       3.741657        Unweighted events, alpha=0.054708
  => Total parameter prop_binMerSR0fjets_bin7[0.00,-7.00,7.00] to be Gaussian constrained
------------------------------------------------------------
8          1.632417        0.297165        total sum                     
8          1.631556        0.297165        excluding marked processes    
8          30.000000       5.477226        Unweighted events, alpha=0.054414
  => Total parameter prop_binMerSR0fjets_bin8[0.00,-7.00,7.00] to be Gaussian constrained
------------------------------------------------------------
9          0.863134        0.220915        total sum                     
9          0.859942        0.220914        excluding marked processes    
9          15.000000       3.872983        Unweighted events, alpha=0.057542
  => Total parameter prop_binMerSR0fjets_bin9[0.00,-7.00,7.00] to be Gaussian constrained
------------------------------------------------------------
10         0.298775        0.141971        total sum                     
10         0.291939        0.141965        excluding marked processes    
10         4.000000        2.000000        Unweighted events, alpha=0.074694
  => Total parameter prop_binMerSR0fjets_bin10[0.00,-7.00,7.00] to be Gaussian constrained
------------------------------------------------------------
11         0.211383        0.061552        total sum                     
11         0.209466        0.061549        excluding marked processes    
11         12.000000       3.464102        Unweighted events, alpha=0.017615
  => Total parameter prop_binMerSR0fjets_bin11[0.00,-7.00,7.00] to be Gaussian constrained
------------------------------------------------------------
12         0.242390        0.088960        total sum                     
12         0.242390        0.088960        excluding marked processes    
12         7.000000        2.645751        Unweighted events, alpha=0.034627
  => Total parameter prop_binMerSR0fjets_bin12[0.00,-7.00,7.00] to be Gaussian constrained
------------------------------------------------------------
============================================================
Analyzing bin errors for: prop_binMerSRatleast1fjets
Poisson cut-off: 0
Processes excluded for sums: TprimeToTZ_1400
============================================================
Bin        Contents        Error           Notes                         
0          2.211752        0.368049        total sum                     
0          2.211703        0.368049        excluding marked processes    
0          36.000000       6.000000        Unweighted events, alpha=0.061438
  => Total parameter prop_binMerSRatleast1fjets_bin0[0.00,-7.00,7.00] to be Gaussian constrained
------------------------------------------------------------
1          1.992860        0.301912        total sum                     
1          1.992710        0.301912        excluding marked processes    
1          44.000000       6.633250        Unweighted events, alpha=0.045292
  => Total parameter prop_binMerSRatleast1fjets_bin1[0.00,-7.00,7.00] to be Gaussian constrained
------------------------------------------------------------
2          3.140026        0.400903        total sum                     
2          3.139445        0.400903        excluding marked processes    
2          61.000000       7.810250        Unweighted events, alpha=0.051476
  => Total parameter prop_binMerSRatleast1fjets_bin2[0.00,-7.00,7.00] to be Gaussian constrained
------------------------------------------------------------
3          2.400614        0.358886        total sum                     
3          2.399179        0.358886        excluding marked processes    
3          45.000000       6.708204        Unweighted events, alpha=0.053347
  => Total parameter prop_binMerSRatleast1fjets_bin3[0.00,-7.00,7.00] to be Gaussian constrained
------------------------------------------------------------
4          4.251700        1.483728        total sum                     
4          4.250727        1.483728        excluding marked processes    
4          8.000000        2.828427        Unweighted events, alpha=0.531463
  => Total parameter prop_binMerSRatleast1fjets_bin4[0.00,-7.00,7.00] to be Gaussian constrained
------------------------------------------------------------
5          1.724093        0.327605        total sum                     
5          1.722845        0.327604        excluding marked processes    
5          28.000000       5.291503        Unweighted events, alpha=0.061575
  => Total parameter prop_binMerSRatleast1fjets_bin5[0.00,-7.00,7.00] to be Gaussian constrained
------------------------------------------------------------
6          1.484895        0.262742        total sum                     
6          1.483103        0.262741        excluding marked processes    
6          32.000000       5.656854        Unweighted events, alpha=0.046403
  => Total parameter prop_binMerSRatleast1fjets_bin6[0.00,-7.00,7.00] to be Gaussian constrained
------------------------------------------------------------
7          0.946745        0.213173        total sum                     
7          0.944715        0.213172        excluding marked processes    
7          20.000000       4.472136        Unweighted events, alpha=0.047337
  => Total parameter prop_binMerSRatleast1fjets_bin7[0.00,-7.00,7.00] to be Gaussian constrained
------------------------------------------------------------
8          1.170218        0.272222        total sum                     
8          1.162850        0.272219        excluding marked processes    
8          18.000000       4.242641        Unweighted events, alpha=0.065012
  => Total parameter prop_binMerSRatleast1fjets_bin8[0.00,-7.00,7.00] to be Gaussian constrained
------------------------------------------------------------
9          2.533902        1.446695        total sum                     
9          2.502897        1.446693        excluding marked processes    
9          3.000000        1.732051        Unweighted events, alpha=0.844634
  => Total parameter prop_binMerSRatleast1fjets_bin9[0.00,-7.00,7.00] to be Gaussian constrained
------------------------------------------------------------
10         0.764674        0.164905        total sum                     
10         0.709271        0.164864        excluding marked processes    
10         19.000000       4.358899        Unweighted events, alpha=0.040246
  => Total parameter prop_binMerSRatleast1fjets_bin10[0.00,-7.00,7.00] to be Gaussian constrained
------------------------------------------------------------
11         0.195394        0.095759        total sum                     
11         0.183553        0.095742        excluding marked processes    
11         4.000000        2.000000        Unweighted events, alpha=0.048849
  => Total parameter prop_binMerSRatleast1fjets_bin11[0.00,-7.00,7.00] to be Gaussian constrained
------------------------------------------------------------
12         0.152061        0.120719        total sum                     
12         0.151497        0.120718        excluding marked processes    
12         2.000000        1.414214        Unweighted events, alpha=0.076031
  => Total parameter prop_binMerSRatleast1fjets_bin12[0.00,-7.00,7.00] to be Gaussian constrained
------------------------------------------------------------
============================================================
Analyzing bin errors for: prop_binAH
Poisson cut-off: 0
Processes excluded for sums: TprimeToTZ_1400
============================================================
Bin        Contents        Error           Notes                         
0          43354.426836    253.995780      total sum                     
0          43352.054565    253.995779      excluding marked processes    
0          29132.000000    170.680989      Unweighted events, alpha=1.488206
  => Total parameter prop_binAH_bin0[0.00,-7.00,7.00] to be Gaussian constrained
------------------------------------------------------------
1          10539.202841    121.702015      total sum                     
1          10538.965542    121.702015      excluding marked processes    
1          7499.000000     86.596767       Unweighted events, alpha=1.405414
  => Total parameter prop_binAH_bin1[0.00,-7.00,7.00] to be Gaussian constrained
------------------------------------------------------------
2          9260.968806     110.604787      total sum                     
2          9260.724777     110.604787      excluding marked processes    
2          7010.000000     83.725743       Unweighted events, alpha=1.321108
  => Total parameter prop_binAH_bin2[0.00,-7.00,7.00] to be Gaussian constrained
------------------------------------------------------------
3          7737.508015     102.964822      total sum                     
3          7737.218593     102.964822      excluding marked processes    
3          5647.000000     75.146524       Unweighted events, alpha=1.370198
  => Total parameter prop_binAH_bin3[0.00,-7.00,7.00] to be Gaussian constrained
------------------------------------------------------------
4          5487.750230     86.114456       total sum                     
4          5487.449291     86.114455       excluding marked processes    
4          4061.000000     63.725976       Unweighted events, alpha=1.351330
  => Total parameter prop_binAH_bin4[0.00,-7.00,7.00] to be Gaussian constrained
------------------------------------------------------------
5          3528.272986     66.268864       total sum                     
5          3527.966753     66.268864       excluding marked processes    
5          2834.000000     53.235327       Unweighted events, alpha=1.244980
  => Total parameter prop_binAH_bin5[0.00,-7.00,7.00] to be Gaussian constrained
------------------------------------------------------------
6          2395.306843     53.768933       total sum                     
6          2394.961119     53.768932       excluding marked processes    
6          1984.000000     44.542115       Unweighted events, alpha=1.207312
  => Total parameter prop_binAH_bin6[0.00,-7.00,7.00] to be Gaussian constrained
------------------------------------------------------------
7          1497.788997     42.875292       total sum                     
7          1497.435934     42.875291       excluding marked processes    
7          1220.000000     34.928498       Unweighted events, alpha=1.227696
  => Total parameter prop_binAH_bin7[0.00,-7.00,7.00] to be Gaussian constrained
------------------------------------------------------------
8          1708.156107     39.875547       total sum                     
8          1707.468163     39.875545       excluding marked processes    
8          1834.000000     42.825226       Unweighted events, alpha=0.931383
  => Total parameter prop_binAH_bin8[0.00,-7.00,7.00] to be Gaussian constrained
------------------------------------------------------------
9          1401.990879     35.949106       total sum                     
9          1400.453701     35.949100       excluding marked processes    
9          1518.000000     38.961519       Unweighted events, alpha=0.923578
  => Total parameter prop_binAH_bin9[0.00,-7.00,7.00] to be Gaussian constrained
------------------------------------------------------------
10         490.507506      20.924126       total sum                     
10         488.711151      20.924115       excluding marked processes    
10         546.000000      23.366643       Unweighted events, alpha=0.898365
  => Total parameter prop_binAH_bin10[0.00,-7.00,7.00] to be Gaussian constrained
------------------------------------------------------------
11         205.858288      13.710217       total sum                     
11         205.441551      13.710213       excluding marked processes    
11         225.000000      15.000000       Unweighted events, alpha=0.914926
  => Total parameter prop_binAH_bin11[0.00,-7.00,7.00] to be Gaussian constrained
------------------------------------------------------------
12         136.588500      11.000211       total sum                     
12         136.553569      11.000210       excluding marked processes    
12         154.000000      12.409674       Unweighted events, alpha=0.886938
  => Total parameter prop_binAH_bin12[0.00,-7.00,7.00] to be Gaussian constrained
------------------------------------------------------------
============================================================
Analyzing bin errors for: prop_binSL
Poisson cut-off: 0
Processes excluded for sums: TprimeToTZ_1400
============================================================
Bin        Contents        Error           Notes                         
0          561212.215175   800.044567      total sum                     
0          561207.887474   800.044566      excluding marked processes    
0          492061.000000   701.470598      Unweighted events, alpha=1.140534
  => Total parameter prop_binSL_bin0[0.00,-7.00,7.00] to be Gaussian constrained
------------------------------------------------------------
1          8683.803598     87.269902       total sum                     
1          8683.618724     87.269902       excluding marked processes    
1          9901.000000     99.503769       Unweighted events, alpha=0.877063
  => Total parameter prop_binSL_bin1[0.00,-7.00,7.00] to be Gaussian constrained
------------------------------------------------------------
2          5928.930621     72.016597       total sum                     
2          5928.753444     72.016596       excluding marked processes    
2          6777.000000     82.322536       Unweighted events, alpha=0.874861
  => Total parameter prop_binSL_bin2[0.00,-7.00,7.00] to be Gaussian constrained
------------------------------------------------------------
3          3828.360320     58.594356       total sum                     
3          3828.187367     58.594356       excluding marked processes    
3          4268.000000     65.329932       Unweighted events, alpha=0.896992
  => Total parameter prop_binSL_bin3[0.00,-7.00,7.00] to be Gaussian constrained
------------------------------------------------------------
4          2553.835192     46.010536       total sum                     
4          2553.658411     46.010535       excluding marked processes    
4          3080.000000     55.497748       Unweighted events, alpha=0.829167
  => Total parameter prop_binSL_bin4[0.00,-7.00,7.00] to be Gaussian constrained
------------------------------------------------------------
5          1651.774730     37.737313       total sum                     
5          1651.610043     37.737312       excluding marked processes    
5          1915.000000     43.760713       Unweighted events, alpha=0.862546
  => Total parameter prop_binSL_bin5[0.00,-7.00,7.00] to be Gaussian constrained
------------------------------------------------------------
6          1199.323844     31.675426       total sum                     
6          1199.174836     31.675425       excluding marked processes    
6          1433.000000     37.854986       Unweighted events, alpha=0.836932
  => Total parameter prop_binSL_bin6[0.00,-7.00,7.00] to be Gaussian constrained
------------------------------------------------------------
7          883.628882      28.057619       total sum                     
7          883.482960      28.057618       excluding marked processes    
7          992.000000      31.496031       Unweighted events, alpha=0.890755
  => Total parameter prop_binSL_bin7[0.00,-7.00,7.00] to be Gaussian constrained
------------------------------------------------------------
8          1067.746731     29.677508       total sum                     
8          1067.491162     29.677507       excluding marked processes    
8          1294.000000     35.972211       Unweighted events, alpha=0.825152
  => Total parameter prop_binSL_bin8[0.00,-7.00,7.00] to be Gaussian constrained
------------------------------------------------------------
9          850.638125      27.094740       total sum                     
9          850.251496      27.094738       excluding marked processes    
9          985.000000      31.384710       Unweighted events, alpha=0.863592
  => Total parameter prop_binSL_bin9[0.00,-7.00,7.00] to be Gaussian constrained
------------------------------------------------------------
10         254.650349      17.161033       total sum                     
10         254.439943      17.161032       excluding marked processes    
10         220.000000      14.832397       Unweighted events, alpha=1.157502
  => Total parameter prop_binSL_bin10[0.00,-7.00,7.00] to be Gaussian constrained
------------------------------------------------------------
11         109.746693      10.528310       total sum                     
11         109.714246      10.528309       excluding marked processes    
11         109.000000      10.440307       Unweighted events, alpha=1.006850
  => Total parameter prop_binSL_bin11[0.00,-7.00,7.00] to be Gaussian constrained
------------------------------------------------------------
12         69.852207       9.363400        total sum                     
12         69.845036       9.363400        excluding marked processes    
12         56.000000       7.483315        Unweighted events, alpha=1.247361
  => Total parameter prop_binSL_bin12[0.00,-7.00,7.00] to be Gaussian constrained
------------------------------------------------------------
============================================================
Analyzing bin errors for: prop_binAH1lWR
Poisson cut-off: 0
Processes excluded for sums: TprimeToTZ_1400
============================================================
Bin        Contents        Error           Notes                         
0          695434.347408   1566.924524     total sum                     
0          695433.887407   1566.924524     excluding marked processes    
0          196977.000000   443.820910      Unweighted events, alpha=3.530536
  => Total parameter prop_binAH1lWR_bin0[0.00,-7.00,7.00] to be Gaussian constrained
------------------------------------------------------------
1          9232.381956     167.123882      total sum                     
1          9232.370956     167.123882      excluding marked processes    
1          3052.000000     55.244909       Unweighted events, alpha=3.025027
  => Total parameter prop_binAH1lWR_bin1[0.00,-7.00,7.00] to be Gaussian constrained
------------------------------------------------------------
2          6008.357813     137.667668      total sum                     
2          6008.346542     137.667668      excluding marked processes    
2          1905.000000     43.646306       Unweighted events, alpha=3.153994
  => Total parameter prop_binAH1lWR_bin2[0.00,-7.00,7.00] to be Gaussian constrained
------------------------------------------------------------
3          4050.969019     110.934651      total sum                     
3          4050.955461     110.934651      excluding marked processes    
3          1333.000000     36.510273       Unweighted events, alpha=3.038987
  => Total parameter prop_binAH1lWR_bin3[0.00,-7.00,7.00] to be Gaussian constrained
------------------------------------------------------------
4          2837.243466     93.180541       total sum                     
4          2837.233389     93.180541       excluding marked processes    
4          927.000000      30.446675       Unweighted events, alpha=3.060673
  => Total parameter prop_binAH1lWR_bin4[0.00,-7.00,7.00] to be Gaussian constrained
------------------------------------------------------------
5          1732.172985     75.666054       total sum                     
5          1732.161591     75.666054       excluding marked processes    
5          524.000000      22.891046       Unweighted events, alpha=3.305674
  => Total parameter prop_binAH1lWR_bin5[0.00,-7.00,7.00] to be Gaussian constrained
------------------------------------------------------------
6          1371.743617     62.784123       total sum                     
6          1371.734408     62.784123       excluding marked processes    
6          477.000000      21.840330       Unweighted events, alpha=2.875773
  => Total parameter prop_binAH1lWR_bin6[0.00,-7.00,7.00] to be Gaussian constrained
------------------------------------------------------------
7          982.249562      52.010549       total sum                     
7          982.243290      52.010549       excluding marked processes    
7          357.000000      18.894444       Unweighted events, alpha=2.751399
  => Total parameter prop_binAH1lWR_bin7[0.00,-7.00,7.00] to be Gaussian constrained
------------------------------------------------------------
8          1079.412870     58.853629       total sum                     
8          1079.398437     58.853629       excluding marked processes    
8          336.000000      18.330303       Unweighted events, alpha=3.212538
  => Total parameter prop_binAH1lWR_bin8[0.00,-7.00,7.00] to be Gaussian constrained
------------------------------------------------------------
9          992.286478      54.163184       total sum                     
9          992.267067      54.163184       excluding marked processes    
9          336.000000      18.330303       Unweighted events, alpha=2.953234
  => Total parameter prop_binAH1lWR_bin9[0.00,-7.00,7.00] to be Gaussian constrained
------------------------------------------------------------
10         334.438262      29.333247       total sum                     
10         334.434177      29.333247       excluding marked processes    
10         130.000000      11.401754       Unweighted events, alpha=2.572602
  => Total parameter prop_binAH1lWR_bin10[0.00,-7.00,7.00] to be Gaussian constrained
------------------------------------------------------------
11         113.893545      16.193274       total sum                     
11         113.893123      16.193274       excluding marked processes    
11         49.000000       7.000000        Unweighted events, alpha=2.324358
  => Total parameter prop_binAH1lWR_bin11[0.00,-7.00,7.00] to be Gaussian constrained
------------------------------------------------------------
12         65.040387       15.059600       total sum                     
12         65.040112       15.059600       excluding marked processes    
12         19.000000       4.358899        Unweighted events, alpha=3.423178
  => Total parameter prop_binAH1lWR_bin12[0.00,-7.00,7.00] to be Gaussian constrained
------------------------------------------------------------
============================================================
Analyzing bin errors for: prop_binAH0lZR
Poisson cut-off: 0
Processes excluded for sums: TprimeToTZ_1400
============================================================
Bin        Contents        Error           Notes                         
0          4659.377692     127.633560      total sum                     
0          4659.375432     127.633560      excluding marked processes    
0          1333.000000     36.510273       Unweighted events, alpha=3.495407
  => Total parameter prop_binAH0lZR_bin0[0.00,-7.00,7.00] to be Gaussian constrained
------------------------------------------------------------
1          2660.926360     95.574278       total sum                     
1          2660.922619     95.574278       excluding marked processes    
1          775.000000      27.838822       Unweighted events, alpha=3.433453
  => Total parameter prop_binAH0lZR_bin1[0.00,-7.00,7.00] to be Gaussian constrained
------------------------------------------------------------
2          1734.612173     76.101573       total sum                     
2          1734.610556     76.101573       excluding marked processes    
2          520.000000      22.803509       Unweighted events, alpha=3.335793
  => Total parameter prop_binAH0lZR_bin2[0.00,-7.00,7.00] to be Gaussian constrained
------------------------------------------------------------
3          1040.041089     60.021092       total sum                     
3          1040.037673     60.021092       excluding marked processes    
3          300.000000      17.320508       Unweighted events, alpha=3.466804
  => Total parameter prop_binAH0lZR_bin3[0.00,-7.00,7.00] to be Gaussian constrained
------------------------------------------------------------
4          725.819616      48.282115       total sum                     
4          725.817485      48.282115       excluding marked processes    
4          226.000000      15.033296       Unweighted events, alpha=3.211591
  => Total parameter prop_binAH0lZR_bin4[0.00,-7.00,7.00] to be Gaussian constrained
------------------------------------------------------------
5          546.065715      39.586770       total sum                     
5          546.063294      39.586770       excluding marked processes    
5          190.000000      13.784049       Unweighted events, alpha=2.874030
  => Total parameter prop_binAH0lZR_bin5[0.00,-7.00,7.00] to be Gaussian constrained
------------------------------------------------------------
6          365.738800      30.901321       total sum                     
6          365.734643      30.901321       excluding marked processes    
6          140.000000      11.832160       Unweighted events, alpha=2.612420
  => Total parameter prop_binAH0lZR_bin6[0.00,-7.00,7.00] to be Gaussian constrained
------------------------------------------------------------
7          182.278982      26.317879       total sum                     
7          182.276944      26.317879       excluding marked processes    
7          48.000000       6.928203        Unweighted events, alpha=3.797479
  => Total parameter prop_binAH0lZR_bin7[0.00,-7.00,7.00] to be Gaussian constrained
------------------------------------------------------------
8          228.770334      27.189916       total sum                     
8          228.763505      27.189916       excluding marked processes    
8          71.000000       8.426150        Unweighted events, alpha=3.222117
  => Total parameter prop_binAH0lZR_bin8[0.00,-7.00,7.00] to be Gaussian constrained
------------------------------------------------------------
9          240.344729      23.570430       total sum                     
9          240.328207      23.570430       excluding marked processes    
9          104.000000      10.198039       Unweighted events, alpha=2.311007
  => Total parameter prop_binAH0lZR_bin9[0.00,-7.00,7.00] to be Gaussian constrained
------------------------------------------------------------
10         125.014676      12.535054       total sum                     
10         124.992148      12.535054       excluding marked processes    
10         99.000000       9.949874        Unweighted events, alpha=1.262775
  => Total parameter prop_binAH0lZR_bin10[0.00,-7.00,7.00] to be Gaussian constrained
------------------------------------------------------------
11         57.633060       7.597570        total sum                     
11         57.625924       7.597570        excluding marked processes    
11         58.000000       7.615773        Unweighted events, alpha=0.993673
  => Total parameter prop_binAH0lZR_bin11[0.00,-7.00,7.00] to be Gaussian constrained
------------------------------------------------------------
12         49.993668       5.652064        total sum                     
12         49.993668       5.652064        excluding marked processes    
12         78.000000       8.831761        Unweighted events, alpha=0.640944
  => Total parameter prop_binAH0lZR_bin12[0.00,-7.00,7.00] to be Gaussian constrained
------------------------------------------------------------
Channel MixSR0fjets will use autoMCStats with settings: event-threshold=0, include-signal=0, hist-mode=1
Channel MixSRatleast1fjets will use autoMCStats with settings: event-threshold=0, include-signal=0, hist-mode=1
Channel MerSR0fjets will use autoMCStats with settings: event-threshold=0, include-signal=0, hist-mode=1
Channel MerSRatleast1fjets will use autoMCStats with settings: event-threshold=0, include-signal=0, hist-mode=1
Channel AH will use autoMCStats with settings: event-threshold=0, include-signal=0, hist-mode=1
Channel SL will use autoMCStats with settings: event-threshold=0, include-signal=0, hist-mode=1
Channel AH1lWR will use autoMCStats with settings: event-threshold=0, include-signal=0, hist-mode=1
Channel AH0lZR will use autoMCStats with settings: event-threshold=0, include-signal=0, hist-mode=1

 -- AsymptoticLimits ( CLs ) --
Observed Limit: r < 15.9809
Expected  2.5%: r < 11.3438
Expected 16.0%: r < 15.4231
Expected 50.0%: r < 22.0000
Expected 84.0%: r < 31.4708
Expected 97.5%: r < 42.9572

Done in 0.01 min (cpu), 0.01 min (real)
