 <<< Combine >>> 
 <<< v10.0.1 >>>
>>> Random number generator seed is 123456
>>> Method used is AsymptoticLimits
============================================================
Analyzing bin errors for: prop_binMixSR0fjets
Poisson cut-off: 0
Processes excluded for sums: TprimeToTZ_1000
============================================================
Bin        Contents        Error           Notes                         
0          35.148851       6.878903        total sum                     
0          35.144960       6.878903        excluding marked processes    
0          26.000000       5.099020        Unweighted events, alpha=1.351879
  => Total parameter prop_binMixSR0fjets_bin0[0.00,-7.00,7.00] to be Gaussian constrained
------------------------------------------------------------
1          27.394366       5.178876        total sum                     
1          27.390836       5.178875        excluding marked processes    
1          28.000000       5.291503        Unweighted events, alpha=0.978370
  => Total parameter prop_binMixSR0fjets_bin1[0.00,-7.00,7.00] to be Gaussian constrained
------------------------------------------------------------
2          9.465945        2.698631        total sum                     
2          9.465945        2.698631        excluding marked processes    
2          12.000000       3.464102        Unweighted events, alpha=0.788829
  => Total parameter prop_binMixSR0fjets_bin2[0.00,-7.00,7.00] to be Gaussian constrained
------------------------------------------------------------
3          4.211102        2.142466        total sum                     
3          4.208434        2.142465        excluding marked processes    
3          4.000000        2.000000        Unweighted events, alpha=1.052776
  => Total parameter prop_binMixSR0fjets_bin3[0.00,-7.00,7.00] to be Gaussian constrained
------------------------------------------------------------
4          3.202649        1.316799        total sum                     
4          3.199575        1.316798        excluding marked processes    
4          6.000000        2.449490        Unweighted events, alpha=0.533775
  => Total parameter prop_binMixSR0fjets_bin4[0.00,-7.00,7.00] to be Gaussian constrained
------------------------------------------------------------
5          0.916864        0.611939        total sum                     
5          0.912484        0.611935        excluding marked processes    
5          2.000000        1.414214        Unweighted events, alpha=0.458432
  => Total parameter prop_binMixSR0fjets_bin5[0.00,-7.00,7.00] to be Gaussian constrained
------------------------------------------------------------
6          0.849747        0.210726        total sum                     
6          0.844485        0.210704        excluding marked processes    
6          16.000000       4.000000        Unweighted events, alpha=0.053109
  => Total parameter prop_binMixSR0fjets_bin6[0.00,-7.00,7.00] to be Gaussian constrained
------------------------------------------------------------
7          0.356906        0.137217        total sum                     
7          0.354936        0.137208        excluding marked processes    
7          7.000000        2.645751        Unweighted events, alpha=0.050987
  => Total parameter prop_binMixSR0fjets_bin7[0.00,-7.00,7.00] to be Gaussian constrained
------------------------------------------------------------
8          0.143581        0.080345        total sum                     
8          0.138232        0.080294        excluding marked processes    
8          3.000000        1.732051        Unweighted events, alpha=0.047860
  => Total parameter prop_binMixSR0fjets_bin8[0.00,-7.00,7.00] to be Gaussian constrained
------------------------------------------------------------
9          0.030392        0.029643        total sum                     
9          0.029286        0.029631        excluding marked processes    
9          1.000000        1.000000        Unweighted events, alpha=0.030392
  => Total parameter prop_binMixSR0fjets_bin9[0.00,-7.00,7.00] to be Gaussian constrained
------------------------------------------------------------
10         0.000000        0.000000        total sum                     
10         0.000000        0.000000        excluding marked processes    
  => Error is zero, ignore      
------------------------------------------------------------
11         0.000000        0.000000        total sum                     
11         0.000000        0.000000        excluding marked processes    
  => Error is zero, ignore      
------------------------------------------------------------
12         0.000000        0.000000        total sum                     
12         0.000000        0.000000        excluding marked processes    
  => Error is zero, ignore      
------------------------------------------------------------
============================================================
Analyzing bin errors for: prop_binMixSRatleast1fjets
Poisson cut-off: 0
Processes excluded for sums: TprimeToTZ_1000
============================================================
Bin        Contents        Error           Notes                         
0          60.643016       9.763851        total sum                     
0          60.626129       9.763850        excluding marked processes    
0          39.000000       6.244998        Unweighted events, alpha=1.554949
  => Total parameter prop_binMixSRatleast1fjets_bin0[0.00,-7.00,7.00] to be Gaussian constrained
------------------------------------------------------------
1          25.606165       6.535733        total sum                     
1          25.588732       6.535731        excluding marked processes    
1          15.000000       3.872983        Unweighted events, alpha=1.707078
  => Total parameter prop_binMixSRatleast1fjets_bin1[0.00,-7.00,7.00] to be Gaussian constrained
------------------------------------------------------------
2          17.127442       2.599175        total sum                     
2          17.108376       2.599171        excluding marked processes    
2          43.000000       6.557439        Unweighted events, alpha=0.398313
  => Total parameter prop_binMixSRatleast1fjets_bin2[0.00,-7.00,7.00] to be Gaussian constrained
------------------------------------------------------------
3          7.093602        2.528509        total sum                     
3          7.074386        2.528504        excluding marked processes    
3          8.000000        2.828427        Unweighted events, alpha=0.886700
  => Total parameter prop_binMixSRatleast1fjets_bin3[0.00,-7.00,7.00] to be Gaussian constrained
------------------------------------------------------------
4          5.735098        1.750429        total sum                     
4          5.702241        1.750413        excluding marked processes    
4          11.000000       3.316625        Unweighted events, alpha=0.521373
  => Total parameter prop_binMixSRatleast1fjets_bin4[0.00,-7.00,7.00] to be Gaussian constrained
------------------------------------------------------------
5          2.718259        1.231302        total sum                     
5          2.697603        1.231282        excluding marked processes    
5          5.000000        2.236068        Unweighted events, alpha=0.543652
  => Total parameter prop_binMixSRatleast1fjets_bin5[0.00,-7.00,7.00] to be Gaussian constrained
------------------------------------------------------------
6          0.776503        0.208654        total sum                     
6          0.757576        0.208569        excluding marked processes    
6          13.000000       3.605551        Unweighted events, alpha=0.059731
  => Total parameter prop_binMixSRatleast1fjets_bin6[0.00,-7.00,7.00] to be Gaussian constrained
------------------------------------------------------------
7          0.514308        0.145100        total sum                     
7          0.495277        0.144972        excluding marked processes    
7          12.000000       3.464102        Unweighted events, alpha=0.042859
  => Total parameter prop_binMixSRatleast1fjets_bin7[0.00,-7.00,7.00] to be Gaussian constrained
------------------------------------------------------------
8          0.249552        0.089466        total sum                     
8          0.226186        0.089276        excluding marked processes    
8          6.000000        2.449490        Unweighted events, alpha=0.041592
  => Total parameter prop_binMixSRatleast1fjets_bin8[0.00,-7.00,7.00] to be Gaussian constrained
------------------------------------------------------------
9          0.119132        0.052335        total sum                     
9          0.114530        0.052278        excluding marked processes    
9          5.000000        2.236068        Unweighted events, alpha=0.023826
  => Total parameter prop_binMixSRatleast1fjets_bin9[0.00,-7.00,7.00] to be Gaussian constrained
------------------------------------------------------------
10         0.004152        0.007140        total sum                     
10         0.004152        0.007140        excluding marked processes    
10         0.000000        0.000000        Unweighted events, alpha=inf  
  => Number of weighted events is below Poisson threshold
    WJets                0.000000        0.000000                                      
      => Error is zero, ignore      
  ----------------------------------------------------------
    TT                   0.000000        0.000000                                      
      => Error is zero, ignore      
  ----------------------------------------------------------
    ZJets                0.004152        0.007140                                      
      => Poisson not viable, prop_binMixSRatleast1fjets_bin10_ZJets[0.00,-7.00,7.00] to be Gaussian constrained
  ----------------------------------------------------------
    TprimeToTZ_1000      0.000000        0.000000                                      
      => Error is zero, ignore      
  ----------------------------------------------------------
------------------------------------------------------------
11         0.000000        0.000000        total sum                     
11         0.000000        0.000000        excluding marked processes    
  => Error is zero, ignore      
------------------------------------------------------------
12         0.000000        0.000000        total sum                     
12         0.000000        0.000000        excluding marked processes    
  => Error is zero, ignore      
------------------------------------------------------------
============================================================
Analyzing bin errors for: prop_binMerSR0fjets
Poisson cut-off: 0
Processes excluded for sums: TprimeToTZ_1000
============================================================
Bin        Contents        Error           Notes                         
0          1.690758        0.856996        total sum                     
0          1.690758        0.856996        excluding marked processes    
0          4.000000        2.000000        Unweighted events, alpha=0.422690
  => Total parameter prop_binMerSR0fjets_bin0[0.00,-7.00,7.00] to be Gaussian constrained
------------------------------------------------------------
1          1.543936        0.272968        total sum                     
1          1.543936        0.272968        excluding marked processes    
1          32.000000       5.656854        Unweighted events, alpha=0.048248
  => Total parameter prop_binMerSR0fjets_bin1[0.00,-7.00,7.00] to be Gaussian constrained
------------------------------------------------------------
2          1.422383        0.268646        total sum                     
2          1.422383        0.268646        excluding marked processes    
2          28.000000       5.291503        Unweighted events, alpha=0.050799
  => Total parameter prop_binMerSR0fjets_bin2[0.00,-7.00,7.00] to be Gaussian constrained
------------------------------------------------------------
3          0.921938        0.217902        total sum                     
3          0.919642        0.217898        excluding marked processes    
3          18.000000       4.242641        Unweighted events, alpha=0.051219
  => Total parameter prop_binMerSR0fjets_bin3[0.00,-7.00,7.00] to be Gaussian constrained
------------------------------------------------------------
4          1.343960        0.276156        total sum                     
4          1.343960        0.276156        excluding marked processes    
4          24.000000       4.898979        Unweighted events, alpha=0.055998
  => Total parameter prop_binMerSR0fjets_bin4[0.00,-7.00,7.00] to be Gaussian constrained
------------------------------------------------------------
5          0.918966        0.212170        total sum                     
5          0.915786        0.212161        excluding marked processes    
5          19.000000       4.358899        Unweighted events, alpha=0.048367
  => Total parameter prop_binMerSR0fjets_bin5[0.00,-7.00,7.00] to be Gaussian constrained
------------------------------------------------------------
6          0.622175        0.185223        total sum                     
6          0.611201        0.185178        excluding marked processes    
6          11.000000       3.316625        Unweighted events, alpha=0.056561
  => Total parameter prop_binMerSR0fjets_bin6[0.00,-7.00,7.00] to be Gaussian constrained
------------------------------------------------------------
7          0.773862        0.203728        total sum                     
7          0.765622        0.203696        excluding marked processes    
7          14.000000       3.741657        Unweighted events, alpha=0.055276
  => Total parameter prop_binMerSR0fjets_bin7[0.00,-7.00,7.00] to be Gaussian constrained
------------------------------------------------------------
8          1.639099        0.297183        total sum                     
8          1.631556        0.297165        excluding marked processes    
8          30.000000       5.477226        Unweighted events, alpha=0.054637
  => Total parameter prop_binMerSR0fjets_bin8[0.00,-7.00,7.00] to be Gaussian constrained
------------------------------------------------------------
9          0.861307        0.220916        total sum                     
9          0.859942        0.220914        excluding marked processes    
9          15.000000       3.872983        Unweighted events, alpha=0.057420
  => Total parameter prop_binMerSR0fjets_bin9[0.00,-7.00,7.00] to be Gaussian constrained
------------------------------------------------------------
10         0.291939        0.141965        total sum                     
10         0.291939        0.141965        excluding marked processes    
10         4.000000        2.000000        Unweighted events, alpha=0.072985
  => Total parameter prop_binMerSR0fjets_bin10[0.00,-7.00,7.00] to be Gaussian constrained
------------------------------------------------------------
11         0.209466        0.061549        total sum                     
11         0.209466        0.061549        excluding marked processes    
11         12.000000       3.464102        Unweighted events, alpha=0.017456
  => Total parameter prop_binMerSR0fjets_bin11[0.00,-7.00,7.00] to be Gaussian constrained
------------------------------------------------------------
12         0.242390        0.088960        total sum                     
12         0.242390        0.088960        excluding marked processes    
12         7.000000        2.645751        Unweighted events, alpha=0.034627
  => Total parameter prop_binMerSR0fjets_bin12[0.00,-7.00,7.00] to be Gaussian constrained
------------------------------------------------------------
============================================================
Analyzing bin errors for: prop_binMerSRatleast1fjets
Poisson cut-off: 0
Processes excluded for sums: TprimeToTZ_1000
============================================================
Bin        Contents        Error           Notes                         
0          2.217686        0.368062        total sum                     
0          2.211703        0.368049        excluding marked processes    
0          36.000000       6.000000        Unweighted events, alpha=0.061602
  => Total parameter prop_binMerSRatleast1fjets_bin0[0.00,-7.00,7.00] to be Gaussian constrained
------------------------------------------------------------
1          2.001755        0.301931        total sum                     
1          1.992710        0.301912        excluding marked processes    
1          44.000000       6.633250        Unweighted events, alpha=0.045494
  => Total parameter prop_binMerSRatleast1fjets_bin1[0.00,-7.00,7.00] to be Gaussian constrained
------------------------------------------------------------
2          3.148874        0.400921        total sum                     
2          3.139445        0.400903        excluding marked processes    
2          61.000000       7.810250        Unweighted events, alpha=0.051621
  => Total parameter prop_binMerSRatleast1fjets_bin2[0.00,-7.00,7.00] to be Gaussian constrained
------------------------------------------------------------
3          2.411189        0.358908        total sum                     
3          2.399179        0.358886        excluding marked processes    
3          45.000000       6.708204        Unweighted events, alpha=0.053582
  => Total parameter prop_binMerSRatleast1fjets_bin3[0.00,-7.00,7.00] to be Gaussian constrained
------------------------------------------------------------
4          4.284134        1.483747        total sum                     
4          4.250727        1.483728        excluding marked processes    
4          8.000000        2.828427        Unweighted events, alpha=0.535517
  => Total parameter prop_binMerSRatleast1fjets_bin4[0.00,-7.00,7.00] to be Gaussian constrained
------------------------------------------------------------
5          1.754633        0.327672        total sum                     
5          1.722845        0.327604        excluding marked processes    
5          28.000000       5.291503        Unweighted events, alpha=0.062665
  => Total parameter prop_binMerSRatleast1fjets_bin5[0.00,-7.00,7.00] to be Gaussian constrained
------------------------------------------------------------
6          1.522493        0.262849        total sum                     
6          1.483103        0.262741        excluding marked processes    
6          32.000000       5.656854        Unweighted events, alpha=0.047578
  => Total parameter prop_binMerSRatleast1fjets_bin6[0.00,-7.00,7.00] to be Gaussian constrained
------------------------------------------------------------
7          0.992702        0.213334        total sum                     
7          0.944715        0.213172        excluding marked processes    
7          20.000000       4.472136        Unweighted events, alpha=0.049635
  => Total parameter prop_binMerSRatleast1fjets_bin7[0.00,-7.00,7.00] to be Gaussian constrained
------------------------------------------------------------
8          1.266838        0.272528        total sum                     
8          1.162850        0.272219        excluding marked processes    
8          18.000000       4.242641        Unweighted events, alpha=0.070380
  => Total parameter prop_binMerSRatleast1fjets_bin8[0.00,-7.00,7.00] to be Gaussian constrained
------------------------------------------------------------
9          2.526250        1.446706        total sum                     
9          2.502897        1.446693        excluding marked processes    
9          3.000000        1.732051        Unweighted events, alpha=0.842083
  => Total parameter prop_binMerSRatleast1fjets_bin9[0.00,-7.00,7.00] to be Gaussian constrained
------------------------------------------------------------
10         0.709271        0.164864        total sum                     
10         0.709271        0.164864        excluding marked processes    
10         19.000000       4.358899        Unweighted events, alpha=0.037330
  => Total parameter prop_binMerSRatleast1fjets_bin10[0.00,-7.00,7.00] to be Gaussian constrained
------------------------------------------------------------
11         0.185457        0.095761        total sum                     
11         0.183553        0.095742        excluding marked processes    
11         4.000000        2.000000        Unweighted events, alpha=0.046364
  => Total parameter prop_binMerSRatleast1fjets_bin11[0.00,-7.00,7.00] to be Gaussian constrained
------------------------------------------------------------
12         0.151497        0.120718        total sum                     
12         0.151497        0.120718        excluding marked processes    
12         2.000000        1.414214        Unweighted events, alpha=0.075749
  => Total parameter prop_binMerSRatleast1fjets_bin12[0.00,-7.00,7.00] to be Gaussian constrained
------------------------------------------------------------
============================================================
Analyzing bin errors for: prop_binAH
Poisson cut-off: 0
Processes excluded for sums: TprimeToTZ_1000
============================================================
Bin        Contents        Error           Notes                         
0          43361.684894    253.995814      total sum                     
0          43352.054565    253.995779      excluding marked processes    
0          29132.000000    170.680989      Unweighted events, alpha=1.488455
  => Total parameter prop_binAH_bin0[0.00,-7.00,7.00] to be Gaussian constrained
------------------------------------------------------------
1          10541.509042    121.702033      total sum                     
1          10538.965542    121.702015      excluding marked processes    
1          7499.000000     86.596767       Unweighted events, alpha=1.405722
  => Total parameter prop_binAH_bin1[0.00,-7.00,7.00] to be Gaussian constrained
------------------------------------------------------------
2          9263.753674     110.604810      total sum                     
2          9260.724777     110.604787      excluding marked processes    
2          7010.000000     83.725743       Unweighted events, alpha=1.321506
  => Total parameter prop_binAH_bin2[0.00,-7.00,7.00] to be Gaussian constrained
------------------------------------------------------------
3          7740.650939     102.964850      total sum                     
3          7737.218593     102.964822      excluding marked processes    
3          5647.000000     75.146524       Unweighted events, alpha=1.370755
  => Total parameter prop_binAH_bin3[0.00,-7.00,7.00] to be Gaussian constrained
------------------------------------------------------------
4          5491.030190     86.114489       total sum                     
4          5487.449291     86.114455       excluding marked processes    
4          4061.000000     63.725976       Unweighted events, alpha=1.352137
  => Total parameter prop_binAH_bin4[0.00,-7.00,7.00] to be Gaussian constrained
------------------------------------------------------------
5          3531.814088     66.268913       total sum                     
5          3527.966753     66.268864       excluding marked processes    
5          2834.000000     53.235327       Unweighted events, alpha=1.246229
  => Total parameter prop_binAH_bin5[0.00,-7.00,7.00] to be Gaussian constrained
------------------------------------------------------------
6          2398.945595     53.768992       total sum                     
6          2394.961119     53.768932       excluding marked processes    
6          1984.000000     44.542115       Unweighted events, alpha=1.209146
  => Total parameter prop_binAH_bin6[0.00,-7.00,7.00] to be Gaussian constrained
------------------------------------------------------------
7          1501.800066     42.875373       total sum                     
7          1497.435934     42.875291       excluding marked processes    
7          1220.000000     34.928498       Unweighted events, alpha=1.230984
  => Total parameter prop_binAH_bin7[0.00,-7.00,7.00] to be Gaussian constrained
------------------------------------------------------------
8          1714.702180     39.875689       total sum                     
8          1707.468163     39.875545       excluding marked processes    
8          1834.000000     42.825226       Unweighted events, alpha=0.934952
  => Total parameter prop_binAH_bin8[0.00,-7.00,7.00] to be Gaussian constrained
------------------------------------------------------------
9          1403.023763     35.949156       total sum                     
9          1400.453701     35.949100       excluding marked processes    
9          1518.000000     38.961519       Unweighted events, alpha=0.924258
  => Total parameter prop_binAH_bin9[0.00,-7.00,7.00] to be Gaussian constrained
------------------------------------------------------------
10         488.845416      20.924120       total sum                     
10         488.711151      20.924115       excluding marked processes    
10         546.000000      23.366643       Unweighted events, alpha=0.895321
  => Total parameter prop_binAH_bin10[0.00,-7.00,7.00] to be Gaussian constrained
------------------------------------------------------------
11         205.490848      13.710217       total sum                     
11         205.441551      13.710213       excluding marked processes    
11         225.000000      15.000000       Unweighted events, alpha=0.913293
  => Total parameter prop_binAH_bin11[0.00,-7.00,7.00] to be Gaussian constrained
------------------------------------------------------------
12         136.575580      11.000212       total sum                     
12         136.553569      11.000210       excluding marked processes    
12         154.000000      12.409674       Unweighted events, alpha=0.886854
  => Total parameter prop_binAH_bin12[0.00,-7.00,7.00] to be Gaussian constrained
------------------------------------------------------------
============================================================
Analyzing bin errors for: prop_binSL
Poisson cut-off: 0
Processes excluded for sums: TprimeToTZ_1000
============================================================
Bin        Contents        Error           Notes                         
0          561228.728897   800.044595      total sum                     
0          561207.887474   800.044566      excluding marked processes    
0          492061.000000   701.470598      Unweighted events, alpha=1.140567
  => Total parameter prop_binSL_bin0[0.00,-7.00,7.00] to be Gaussian constrained
------------------------------------------------------------
1          8684.925520     87.269917       total sum                     
1          8683.618724     87.269902       excluding marked processes    
1          9901.000000     99.503769       Unweighted events, alpha=0.877177
  => Total parameter prop_binSL_bin1[0.00,-7.00,7.00] to be Gaussian constrained
------------------------------------------------------------
2          5930.059171     72.016615       total sum                     
2          5928.753444     72.016596       excluding marked processes    
2          6777.000000     82.322536       Unweighted events, alpha=0.875027
  => Total parameter prop_binSL_bin2[0.00,-7.00,7.00] to be Gaussian constrained
------------------------------------------------------------
3          3829.383302     58.594377       total sum                     
3          3828.187367     58.594356       excluding marked processes    
3          4268.000000     65.329932       Unweighted events, alpha=0.897231
  => Total parameter prop_binSL_bin3[0.00,-7.00,7.00] to be Gaussian constrained
------------------------------------------------------------
4          2554.791694     46.010559       total sum                     
4          2553.658411     46.010535       excluding marked processes    
4          3080.000000     55.497748       Unweighted events, alpha=0.829478
  => Total parameter prop_binSL_bin4[0.00,-7.00,7.00] to be Gaussian constrained
------------------------------------------------------------
5          1652.597745     37.737336       total sum                     
5          1651.610043     37.737312       excluding marked processes    
5          1915.000000     43.760713       Unweighted events, alpha=0.862975
  => Total parameter prop_binSL_bin5[0.00,-7.00,7.00] to be Gaussian constrained
------------------------------------------------------------
6          1200.015980     31.675450       total sum                     
6          1199.174836     31.675425       excluding marked processes    
6          1433.000000     37.854986       Unweighted events, alpha=0.837415
  => Total parameter prop_binSL_bin6[0.00,-7.00,7.00] to be Gaussian constrained
------------------------------------------------------------
7          884.152606      28.057640       total sum                     
7          883.482960      28.057618       excluding marked processes    
7          992.000000      31.496031       Unweighted events, alpha=0.891283
  => Total parameter prop_binSL_bin7[0.00,-7.00,7.00] to be Gaussian constrained
------------------------------------------------------------
8          1068.242281     29.677532       total sum                     
8          1067.491162     29.677507       excluding marked processes    
8          1294.000000     35.972211       Unweighted events, alpha=0.825535
  => Total parameter prop_binSL_bin8[0.00,-7.00,7.00] to be Gaussian constrained
------------------------------------------------------------
9          850.501203      27.094746       total sum                     
9          850.251496      27.094738       excluding marked processes    
9          985.000000      31.384710       Unweighted events, alpha=0.863453
  => Total parameter prop_binSL_bin9[0.00,-7.00,7.00] to be Gaussian constrained
------------------------------------------------------------
10         254.478939      17.161036       total sum                     
10         254.439943      17.161032       excluding marked processes    
10         220.000000      14.832397       Unweighted events, alpha=1.156722
  => Total parameter prop_binSL_bin10[0.00,-7.00,7.00] to be Gaussian constrained
------------------------------------------------------------
11         109.727153      10.528311       total sum                     
11         109.714246      10.528309       excluding marked processes    
11         109.000000      10.440307       Unweighted events, alpha=1.006671
  => Total parameter prop_binSL_bin11[0.00,-7.00,7.00] to be Gaussian constrained
------------------------------------------------------------
12         69.853348       9.363401        total sum                     
12         69.845036       9.363400        excluding marked processes    
12         56.000000       7.483315        Unweighted events, alpha=1.247381
  => Total parameter prop_binSL_bin12[0.00,-7.00,7.00] to be Gaussian constrained
------------------------------------------------------------
============================================================
Analyzing bin errors for: prop_binAH1lWR
Poisson cut-off: 0
Processes excluded for sums: TprimeToTZ_1000
============================================================
Bin        Contents        Error           Notes                         
0          695436.290401   1566.924526     total sum                     
0          695433.887407   1566.924524     excluding marked processes    
0          196977.000000   443.820910      Unweighted events, alpha=3.530546
  => Total parameter prop_binAH1lWR_bin0[0.00,-7.00,7.00] to be Gaussian constrained
------------------------------------------------------------
1          9232.518644     167.123883      total sum                     
1          9232.370956     167.123882      excluding marked processes    
1          3052.000000     55.244909       Unweighted events, alpha=3.025072
  => Total parameter prop_binAH1lWR_bin1[0.00,-7.00,7.00] to be Gaussian constrained
------------------------------------------------------------
2          6008.497145     137.667669      total sum                     
2          6008.346542     137.667668      excluding marked processes    
2          1905.000000     43.646306       Unweighted events, alpha=3.154067
  => Total parameter prop_binAH1lWR_bin2[0.00,-7.00,7.00] to be Gaussian constrained
------------------------------------------------------------
3          4051.105474     110.934652      total sum                     
3          4050.955461     110.934651      excluding marked processes    
3          1333.000000     36.510273       Unweighted events, alpha=3.039089
  => Total parameter prop_binAH1lWR_bin3[0.00,-7.00,7.00] to be Gaussian constrained
------------------------------------------------------------
4          2837.379154     93.180543       total sum                     
4          2837.233389     93.180541       excluding marked processes    
4          927.000000      30.446675       Unweighted events, alpha=3.060819
  => Total parameter prop_binAH1lWR_bin4[0.00,-7.00,7.00] to be Gaussian constrained
------------------------------------------------------------
5          1732.241810     75.666055       total sum                     
5          1732.161591     75.666054       excluding marked processes    
5          524.000000      22.891046       Unweighted events, alpha=3.305805
  => Total parameter prop_binAH1lWR_bin5[0.00,-7.00,7.00] to be Gaussian constrained
------------------------------------------------------------
6          1371.829813     62.784125       total sum                     
6          1371.734408     62.784123       excluding marked processes    
6          477.000000      21.840330       Unweighted events, alpha=2.875953
  => Total parameter prop_binAH1lWR_bin6[0.00,-7.00,7.00] to be Gaussian constrained
------------------------------------------------------------
7          982.304305      52.010550       total sum                     
7          982.243290      52.010549       excluding marked processes    
7          357.000000      18.894444       Unweighted events, alpha=2.751553
  => Total parameter prop_binAH1lWR_bin7[0.00,-7.00,7.00] to be Gaussian constrained
------------------------------------------------------------
8          1079.451282     58.853630       total sum                     
8          1079.398437     58.853629       excluding marked processes    
8          336.000000      18.330303       Unweighted events, alpha=3.212653
  => Total parameter prop_binAH1lWR_bin8[0.00,-7.00,7.00] to be Gaussian constrained
------------------------------------------------------------
9          992.286121      54.163184       total sum                     
9          992.267067      54.163184       excluding marked processes    
9          336.000000      18.330303       Unweighted events, alpha=2.953233
  => Total parameter prop_binAH1lWR_bin9[0.00,-7.00,7.00] to be Gaussian constrained
------------------------------------------------------------
10         334.436884      29.333247       total sum                     
10         334.434177      29.333247       excluding marked processes    
10         130.000000      11.401754       Unweighted events, alpha=2.572591
  => Total parameter prop_binAH1lWR_bin10[0.00,-7.00,7.00] to be Gaussian constrained
------------------------------------------------------------
11         113.893123      16.193274       total sum                     
11         113.893123      16.193274       excluding marked processes    
11         49.000000       7.000000        Unweighted events, alpha=2.324349
  => Total parameter prop_binAH1lWR_bin11[0.00,-7.00,7.00] to be Gaussian constrained
------------------------------------------------------------
12         65.040112       15.059600       total sum                     
12         65.040112       15.059600       excluding marked processes    
12         19.000000       4.358899        Unweighted events, alpha=3.423164
  => Total parameter prop_binAH1lWR_bin12[0.00,-7.00,7.00] to be Gaussian constrained
------------------------------------------------------------
============================================================
Analyzing bin errors for: prop_binAH0lZR
Poisson cut-off: 0
Processes excluded for sums: TprimeToTZ_1000
============================================================
Bin        Contents        Error           Notes                         
0          4659.418749     127.633561      total sum                     
0          4659.375432     127.633560      excluding marked processes    
0          1333.000000     36.510273       Unweighted events, alpha=3.495438
  => Total parameter prop_binAH0lZR_bin0[0.00,-7.00,7.00] to be Gaussian constrained
------------------------------------------------------------
1          2660.957440     95.574278       total sum                     
1          2660.922619     95.574278       excluding marked processes    
1          775.000000      27.838822       Unweighted events, alpha=3.433493
  => Total parameter prop_binAH0lZR_bin1[0.00,-7.00,7.00] to be Gaussian constrained
------------------------------------------------------------
2          1734.645986     76.101573       total sum                     
2          1734.610556     76.101573       excluding marked processes    
2          520.000000      22.803509       Unweighted events, alpha=3.335858
  => Total parameter prop_binAH0lZR_bin2[0.00,-7.00,7.00] to be Gaussian constrained
------------------------------------------------------------
3          1040.080272     60.021092       total sum                     
3          1040.037673     60.021092       excluding marked processes    
3          300.000000      17.320508       Unweighted events, alpha=3.466934
  => Total parameter prop_binAH0lZR_bin3[0.00,-7.00,7.00] to be Gaussian constrained
------------------------------------------------------------
4          725.853212      48.282115       total sum                     
4          725.817485      48.282115       excluding marked processes    
4          226.000000      15.033296       Unweighted events, alpha=3.211740
  => Total parameter prop_binAH0lZR_bin4[0.00,-7.00,7.00] to be Gaussian constrained
------------------------------------------------------------
5          546.093114      39.586770       total sum                     
5          546.063294      39.586770       excluding marked processes    
5          190.000000      13.784049       Unweighted events, alpha=2.874174
  => Total parameter prop_binAH0lZR_bin5[0.00,-7.00,7.00] to be Gaussian constrained
------------------------------------------------------------
6          365.796470      30.901322       total sum                     
6          365.734643      30.901321       excluding marked processes    
6          140.000000      11.832160       Unweighted events, alpha=2.612832
  => Total parameter prop_binAH0lZR_bin6[0.00,-7.00,7.00] to be Gaussian constrained
------------------------------------------------------------
7          182.331887      26.317880       total sum                     
7          182.276944      26.317879       excluding marked processes    
7          48.000000       6.928203        Unweighted events, alpha=3.798581
  => Total parameter prop_binAH0lZR_bin7[0.00,-7.00,7.00] to be Gaussian constrained
------------------------------------------------------------
8          228.860110      27.189919       total sum                     
8          228.763505      27.189916       excluding marked processes    
8          71.000000       8.426150        Unweighted events, alpha=3.223382
  => Total parameter prop_binAH0lZR_bin8[0.00,-7.00,7.00] to be Gaussian constrained
------------------------------------------------------------
9          240.375409      23.570431       total sum                     
9          240.328207      23.570430       excluding marked processes    
9          104.000000      10.198039       Unweighted events, alpha=2.311302
  => Total parameter prop_binAH0lZR_bin9[0.00,-7.00,7.00] to be Gaussian constrained
------------------------------------------------------------
10         124.992148      12.535054       total sum                     
10         124.992148      12.535054       excluding marked processes    
10         99.000000       9.949874        Unweighted events, alpha=1.262547
  => Total parameter prop_binAH0lZR_bin10[0.00,-7.00,7.00] to be Gaussian constrained
------------------------------------------------------------
11         57.625924       7.597570        total sum                     
11         57.625924       7.597570        excluding marked processes    
11         58.000000       7.615773        Unweighted events, alpha=0.993550
  => Total parameter prop_binAH0lZR_bin11[0.00,-7.00,7.00] to be Gaussian constrained
------------------------------------------------------------
12         49.993668       5.652064        total sum                     
12         49.993668       5.652064        excluding marked processes    
12         78.000000       8.831761        Unweighted events, alpha=0.640944
  => Total parameter prop_binAH0lZR_bin12[0.00,-7.00,7.00] to be Gaussian constrained
------------------------------------------------------------
Channel MixSR0fjets will use autoMCStats with settings: event-threshold=0, include-signal=0, hist-mode=1
Channel MixSRatleast1fjets will use autoMCStats with settings: event-threshold=0, include-signal=0, hist-mode=1
Channel MerSR0fjets will use autoMCStats with settings: event-threshold=0, include-signal=0, hist-mode=1
Channel MerSRatleast1fjets will use autoMCStats with settings: event-threshold=0, include-signal=0, hist-mode=1
Channel AH will use autoMCStats with settings: event-threshold=0, include-signal=0, hist-mode=1
Channel SL will use autoMCStats with settings: event-threshold=0, include-signal=0, hist-mode=1
Channel AH1lWR will use autoMCStats with settings: event-threshold=0, include-signal=0, hist-mode=1
Channel AH0lZR will use autoMCStats with settings: event-threshold=0, include-signal=0, hist-mode=1

 -- AsymptoticLimits ( CLs ) --
Observed Limit: r < 6.9958
Expected  2.5%: r < 5.3558
Expected 16.0%: r < 7.2310
Expected 50.0%: r < 10.1562
Expected 84.0%: r < 14.3665
Expected 97.5%: r < 19.4636

Done in 0.01 min (cpu), 0.01 min (real)
