 <<< Combine >>> 
 <<< v10.0.1 >>>
>>> Random number generator seed is 123456
>>> Method used is AsymptoticLimits
============================================================
Analyzing bin errors for: prop_binMixSR0fjets
Poisson cut-off: 0
Processes excluded for sums: TprimeToTZ_1600
============================================================
Bin        Contents        Error           Notes                         
0          46.677504       7.852516        total sum                     
0          46.677504       7.852516        excluding marked processes    
0          35.000000       5.916080        Unweighted events, alpha=1.333643
  => Total parameter prop_binMixSR0fjets_bin0[0.00,-7.00,7.00] to be Gaussian constrained
------------------------------------------------------------
1          33.345772       5.478569        total sum                     
1          33.345772       5.478569        excluding marked processes    
1          37.000000       6.082763        Unweighted events, alpha=0.901237
  => Total parameter prop_binMixSR0fjets_bin1[0.00,-7.00,7.00] to be Gaussian constrained
------------------------------------------------------------
2          12.864856       3.058539        total sum                     
2          12.864811       3.058539        excluding marked processes    
2          18.000000       4.242641        Unweighted events, alpha=0.714714
  => Total parameter prop_binMixSR0fjets_bin2[0.00,-7.00,7.00] to be Gaussian constrained
------------------------------------------------------------
3          6.434717        2.515492        total sum                     
3          6.434717        2.515492        excluding marked processes    
3          7.000000        2.645751        Unweighted events, alpha=0.919245
  => Total parameter prop_binMixSR0fjets_bin3[0.00,-7.00,7.00] to be Gaussian constrained
------------------------------------------------------------
4          4.152832        1.388237        total sum                     
4          4.152725        1.388237        excluding marked processes    
4          9.000000        3.000000        Unweighted events, alpha=0.461426
  => Total parameter prop_binMixSR0fjets_bin4[0.00,-7.00,7.00] to be Gaussian constrained
------------------------------------------------------------
5          1.929166        1.246126        total sum                     
5          1.929077        1.246126        excluding marked processes    
5          2.000000        1.414214        Unweighted events, alpha=0.964583
  => Total parameter prop_binMixSR0fjets_bin5[0.00,-7.00,7.00] to be Gaussian constrained
------------------------------------------------------------
6          1.032225        0.231036        total sum                     
6          1.032225        0.231036        excluding marked processes    
6          20.000000       4.472136        Unweighted events, alpha=0.051611
  => Total parameter prop_binMixSR0fjets_bin6[0.00,-7.00,7.00] to be Gaussian constrained
------------------------------------------------------------
7          0.497602        0.162368        total sum                     
7          0.497503        0.162368        excluding marked processes    
7          9.000000        3.000000        Unweighted events, alpha=0.055289
  => Total parameter prop_binMixSR0fjets_bin7[0.00,-7.00,7.00] to be Gaussian constrained
------------------------------------------------------------
8          0.157478        0.082538        total sum                     
8          0.157348        0.082538        excluding marked processes    
8          4.000000        2.000000        Unweighted events, alpha=0.039370
  => Total parameter prop_binMixSR0fjets_bin8[0.00,-7.00,7.00] to be Gaussian constrained
------------------------------------------------------------
9          0.059615        0.038459        total sum                     
9          0.059517        0.038459        excluding marked processes    
9          2.000000        1.414214        Unweighted events, alpha=0.029808
  => Total parameter prop_binMixSR0fjets_bin9[0.00,-7.00,7.00] to be Gaussian constrained
------------------------------------------------------------
10         0.000000        0.000000        total sum                     
10         0.000000        0.000000        excluding marked processes    
  => Error is zero, ignore      
------------------------------------------------------------
11         0.000000        0.000000        total sum                     
11         0.000000        0.000000        excluding marked processes    
  => Error is zero, ignore      
------------------------------------------------------------
12         0.000000        0.000000        total sum                     
12         0.000000        0.000000        excluding marked processes    
  => Error is zero, ignore      
------------------------------------------------------------
============================================================
Analyzing bin errors for: prop_binMixSRatleast1fjets
Poisson cut-off: 0
Processes excluded for sums: TprimeToTZ_1600
============================================================
Bin        Contents        Error           Notes                         
0          70.253919       10.134451       total sum                     
0          70.253514       10.134451       excluding marked processes    
0          48.000000       6.928203        Unweighted events, alpha=1.463623
  => Total parameter prop_binMixSRatleast1fjets_bin0[0.00,-7.00,7.00] to be Gaussian constrained
------------------------------------------------------------
1          30.016880       6.563287        total sum                     
1          30.016565       6.563287        excluding marked processes    
1          21.000000       4.582576        Unweighted events, alpha=1.429375
  => Total parameter prop_binMixSRatleast1fjets_bin1[0.00,-7.00,7.00] to be Gaussian constrained
------------------------------------------------------------
2          20.483338       2.735638        total sum                     
2          20.482777       2.735638        excluding marked processes    
2          56.000000       7.483315        Unweighted events, alpha=0.365774
  => Total parameter prop_binMixSRatleast1fjets_bin2[0.00,-7.00,7.00] to be Gaussian constrained
------------------------------------------------------------
3          9.047698        2.548390        total sum                     
3          9.046973        2.548390        excluding marked processes    
3          13.000000       3.605551        Unweighted events, alpha=0.695977
  => Total parameter prop_binMixSRatleast1fjets_bin3[0.00,-7.00,7.00] to be Gaussian constrained
------------------------------------------------------------
4          5.470946        1.932564        total sum                     
4          5.470109        1.932564        excluding marked processes    
4          8.000000        2.828427        Unweighted events, alpha=0.683868
  => Total parameter prop_binMixSRatleast1fjets_bin4[0.00,-7.00,7.00] to be Gaussian constrained
------------------------------------------------------------
5          3.159494        1.241970        total sum                     
5          3.159111        1.241970        excluding marked processes    
5          6.000000        2.449490        Unweighted events, alpha=0.526582
  => Total parameter prop_binMixSRatleast1fjets_bin5[0.00,-7.00,7.00] to be Gaussian constrained
------------------------------------------------------------
6          1.186287        0.267359        total sum                     
6          1.185738        0.267359        excluding marked processes    
6          20.000000       4.472136        Unweighted events, alpha=0.059314
  => Total parameter prop_binMixSRatleast1fjets_bin6[0.00,-7.00,7.00] to be Gaussian constrained
------------------------------------------------------------
7          0.634666        0.173262        total sum                     
7          0.634197        0.173262        excluding marked processes    
7          13.000000       3.605551        Unweighted events, alpha=0.048820
  => Total parameter prop_binMixSRatleast1fjets_bin7[0.00,-7.00,7.00] to be Gaussian constrained
------------------------------------------------------------
8          1.495337        1.098919        total sum                     
8          1.494785        1.098919        excluding marked processes    
8          2.000000        1.414214        Unweighted events, alpha=0.747669
  => Total parameter prop_binMixSRatleast1fjets_bin8[0.00,-7.00,7.00] to be Gaussian constrained
------------------------------------------------------------
9          0.157034        0.061991        total sum                     
9          0.156664        0.061991        excluding marked processes    
9          6.000000        2.449490        Unweighted events, alpha=0.026172
  => Total parameter prop_binMixSRatleast1fjets_bin9[0.00,-7.00,7.00] to be Gaussian constrained
------------------------------------------------------------
10         0.004316        0.007141        total sum                     
10         0.004152        0.007140        excluding marked processes    
10         0.000000        0.000000        Unweighted events, alpha=inf  
  => Number of weighted events is below Poisson threshold
    WJets                0.000000        0.000000                                      
      => Error is zero, ignore      
  ----------------------------------------------------------
    TT                   0.000000        0.000000                                      
      => Error is zero, ignore      
  ----------------------------------------------------------
    ZJets                0.004152        0.007140                                      
      => Poisson not viable, prop_binMixSRatleast1fjets_bin10_ZJets[0.00,-7.00,7.00] to be Gaussian constrained
  ----------------------------------------------------------
    TprimeToTZ_1600      0.000164        0.000123                                      
                         2.000000        1.414214        Unweighted events, alpha=0.000082
      => Parameter prop_binMixSRatleast1fjets_bin10_TprimeToTZ_1600[0.00,-7.00,7.00] to be Gaussian constrained
  ----------------------------------------------------------
------------------------------------------------------------
11         0.000102        0.000102        total sum                     
11         0.000000        0.000000        excluding marked processes    
  => Error is zero, ignore      
------------------------------------------------------------
12         0.000000        0.000000        total sum                     
12         0.000000        0.000000        excluding marked processes    
  => Error is zero, ignore      
------------------------------------------------------------
============================================================
Analyzing bin errors for: prop_binMerSR0fjets
Poisson cut-off: 0
Processes excluded for sums: TprimeToTZ_1600
============================================================
Bin        Contents        Error           Notes                         
0          1.898759        0.866488        total sum                     
0          1.898759        0.866488        excluding marked processes    
0          5.000000        2.236068        Unweighted events, alpha=0.379752
  => Total parameter prop_binMerSR0fjets_bin0[0.00,-7.00,7.00] to be Gaussian constrained
------------------------------------------------------------
1          2.101794        0.324579        total sum                     
1          2.101794        0.324579        excluding marked processes    
1          42.000000       6.480741        Unweighted events, alpha=0.050043
  => Total parameter prop_binMerSR0fjets_bin1[0.00,-7.00,7.00] to be Gaussian constrained
------------------------------------------------------------
2          1.914967        0.307252        total sum                     
2          1.914967        0.307252        excluding marked processes    
2          39.000000       6.244998        Unweighted events, alpha=0.049102
  => Total parameter prop_binMerSR0fjets_bin2[0.00,-7.00,7.00] to be Gaussian constrained
------------------------------------------------------------
3          1.178004        0.242003        total sum                     
3          1.178004        0.242003        excluding marked processes    
3          24.000000       4.898979        Unweighted events, alpha=0.049083
  => Total parameter prop_binMerSR0fjets_bin3[0.00,-7.00,7.00] to be Gaussian constrained
------------------------------------------------------------
4          1.801839        0.315942        total sum                     
4          1.801731        0.315942        excluding marked processes    
4          33.000000       5.744563        Unweighted events, alpha=0.054601
  => Total parameter prop_binMerSR0fjets_bin4[0.00,-7.00,7.00] to be Gaussian constrained
------------------------------------------------------------
5          1.212848        0.244117        total sum                     
5          1.212727        0.244117        excluding marked processes    
5          25.000000       5.000000        Unweighted events, alpha=0.048514
  => Total parameter prop_binMerSR0fjets_bin5[0.00,-7.00,7.00] to be Gaussian constrained
------------------------------------------------------------
6          0.892470        0.220209        total sum                     
6          0.892399        0.220209        excluding marked processes    
6          16.000000       4.000000        Unweighted events, alpha=0.055779
  => Total parameter prop_binMerSR0fjets_bin6[0.00,-7.00,7.00] to be Gaussian constrained
------------------------------------------------------------
7          0.870687        0.215391        total sum                     
7          0.870648        0.215391        excluding marked processes    
7          16.000000       4.000000        Unweighted events, alpha=0.054418
  => Total parameter prop_binMerSR0fjets_bin7[0.00,-7.00,7.00] to be Gaussian constrained
------------------------------------------------------------
8          1.889651        0.332464        total sum                     
8          1.889230        0.332464        excluding marked processes    
8          32.000000       5.656854        Unweighted events, alpha=0.059052
  => Total parameter prop_binMerSR0fjets_bin8[0.00,-7.00,7.00] to be Gaussian constrained
------------------------------------------------------------
9          1.068783        0.246529        total sum                     
9          1.067483        0.246529        excluding marked processes    
9          19.000000       4.358899        Unweighted events, alpha=0.056252
  => Total parameter prop_binMerSR0fjets_bin9[0.00,-7.00,7.00] to be Gaussian constrained
------------------------------------------------------------
10         0.495354        0.175252        total sum                     
10         0.491944        0.175251        excluding marked processes    
10         8.000000        2.828427        Unweighted events, alpha=0.061919
  => Total parameter prop_binMerSR0fjets_bin10[0.00,-7.00,7.00] to be Gaussian constrained
------------------------------------------------------------
11         0.263522        0.069900        total sum                     
11         0.256307        0.069895        excluding marked processes    
11         13.000000       3.605551        Unweighted events, alpha=0.020271
  => Total parameter prop_binMerSR0fjets_bin11[0.00,-7.00,7.00] to be Gaussian constrained
------------------------------------------------------------
12         0.369195        0.114564        total sum                     
12         0.367206        0.114563        excluding marked processes    
12         10.000000       3.162278        Unweighted events, alpha=0.036919
  => Total parameter prop_binMerSR0fjets_bin12[0.00,-7.00,7.00] to be Gaussian constrained
------------------------------------------------------------
============================================================
Analyzing bin errors for: prop_binMerSRatleast1fjets
Poisson cut-off: 0
Processes excluded for sums: TprimeToTZ_1600
============================================================
Bin        Contents        Error           Notes                         
0          3.957465        1.466258        total sum                     
0          3.957103        1.466258        excluding marked processes    
0          7.000000        2.645751        Unweighted events, alpha=0.565352
  => Total parameter prop_binMerSRatleast1fjets_bin0[0.00,-7.00,7.00] to be Gaussian constrained
------------------------------------------------------------
1          2.699313        0.354228        total sum                     
1          2.699127        0.354228        excluding marked processes    
1          58.000000       7.615773        Unweighted events, alpha=0.046540
  => Total parameter prop_binMerSRatleast1fjets_bin1[0.00,-7.00,7.00] to be Gaussian constrained
------------------------------------------------------------
2          3.723539        0.444329        total sum                     
2          3.722103        0.444327        excluding marked processes    
2          70.000000       8.366600        Unweighted events, alpha=0.053193
  => Total parameter prop_binMerSRatleast1fjets_bin2[0.00,-7.00,7.00] to be Gaussian constrained
------------------------------------------------------------
3          3.282866        0.420380        total sum                     
3          3.282644        0.420380        excluding marked processes    
3          61.000000       7.810250        Unweighted events, alpha=0.053817
  => Total parameter prop_binMerSRatleast1fjets_bin3[0.00,-7.00,7.00] to be Gaussian constrained
------------------------------------------------------------
4          4.811773        1.491561        total sum                     
4          4.811338        1.491561        excluding marked processes    
4          10.000000       3.162278        Unweighted events, alpha=0.481177
  => Total parameter prop_binMerSRatleast1fjets_bin4[0.00,-7.00,7.00] to be Gaussian constrained
------------------------------------------------------------
5          2.411071        0.381477        total sum                     
5          2.410371        0.381477        excluding marked processes    
5          40.000000       6.324555        Unweighted events, alpha=0.060277
  => Total parameter prop_binMerSRatleast1fjets_bin5[0.00,-7.00,7.00] to be Gaussian constrained
------------------------------------------------------------
6          1.758352        0.285804        total sum                     
6          1.758206        0.285804        excluding marked processes    
6          38.000000       6.164414        Unweighted events, alpha=0.046272
  => Total parameter prop_binMerSRatleast1fjets_bin6[0.00,-7.00,7.00] to be Gaussian constrained
------------------------------------------------------------
7          1.075228        0.228606        total sum                     
7          1.074172        0.228605        excluding marked processes    
7          22.000000       4.690416        Unweighted events, alpha=0.048874
  => Total parameter prop_binMerSRatleast1fjets_bin7[0.00,-7.00,7.00] to be Gaussian constrained
------------------------------------------------------------
8          1.746592        0.324616        total sum                     
8          1.743549        0.324615        excluding marked processes    
8          29.000000       5.385165        Unweighted events, alpha=0.060227
  => Total parameter prop_binMerSRatleast1fjets_bin8[0.00,-7.00,7.00] to be Gaussian constrained
------------------------------------------------------------
9          2.802068        1.451596        total sum                     
9          2.792572        1.451596        excluding marked processes    
9          4.000000        2.000000        Unweighted events, alpha=0.700517
  => Total parameter prop_binMerSRatleast1fjets_bin9[0.00,-7.00,7.00] to be Gaussian constrained
------------------------------------------------------------
10         0.808154        0.169449        total sum                     
10         0.785425        0.169443        excluding marked processes    
10         21.000000       4.582576        Unweighted events, alpha=0.038484
  => Total parameter prop_binMerSRatleast1fjets_bin10[0.00,-7.00,7.00] to be Gaussian constrained
------------------------------------------------------------
11         0.243937        0.096418        total sum                     
11         0.196957        0.096394        excluding marked processes    
11         4.000000        2.000000        Unweighted events, alpha=0.060984
  => Total parameter prop_binMerSRatleast1fjets_bin11[0.00,-7.00,7.00] to be Gaussian constrained
------------------------------------------------------------
12         0.225288        0.129424        total sum                     
12         0.214089        0.129420        excluding marked processes    
12         3.000000        1.732051        Unweighted events, alpha=0.075096
  => Total parameter prop_binMerSRatleast1fjets_bin12[0.00,-7.00,7.00] to be Gaussian constrained
------------------------------------------------------------
============================================================
Analyzing bin errors for: prop_binAH
Poisson cut-off: 0
Processes excluded for sums: TprimeToTZ_1600
============================================================
Bin        Contents        Error           Notes                         
0          53792.656876    275.783076      total sum                     
0          53791.288918    275.783076      excluding marked processes    
0          38044.000000    195.048712      Unweighted events, alpha=1.413959
  => Total parameter prop_binAH_bin0[0.00,-7.00,7.00] to be Gaussian constrained
------------------------------------------------------------
1          13176.016010    131.765402      total sum                     
1          13175.906718    131.765402      excluding marked processes    
1          9999.000000     99.995000       Unweighted events, alpha=1.317733
  => Total parameter prop_binAH_bin1[0.00,-7.00,7.00] to be Gaussian constrained
------------------------------------------------------------
2          11537.492318    119.407530      total sum                     
2          11537.378126    119.407530      excluding marked processes    
2          9336.000000     96.622979       Unweighted events, alpha=1.235807
  => Total parameter prop_binAH_bin2[0.00,-7.00,7.00] to be Gaussian constrained
------------------------------------------------------------
3          9505.003678     109.957136      total sum                     
3          9504.879823     109.957136      excluding marked processes    
3          7472.000000     86.440731       Unweighted events, alpha=1.272083
  => Total parameter prop_binAH_bin3[0.00,-7.00,7.00] to be Gaussian constrained
------------------------------------------------------------
4          6667.863425     91.755546       total sum                     
4          6667.734354     91.755546       excluding marked processes    
4          5281.000000     72.670489       Unweighted events, alpha=1.262614
  => Total parameter prop_binAH_bin4[0.00,-7.00,7.00] to be Gaussian constrained
------------------------------------------------------------
5          4327.433830     70.792402       total sum                     
5          4327.298244     70.792402       excluding marked processes    
5          3736.000000     61.122827       Unweighted events, alpha=1.158307
  => Total parameter prop_binAH_bin5[0.00,-7.00,7.00] to be Gaussian constrained
------------------------------------------------------------
6          2919.295778     57.232163       total sum                     
6          2919.155082     57.232163       excluding marked processes    
6          2602.000000     51.009803       Unweighted events, alpha=1.121943
  => Total parameter prop_binAH_bin6[0.00,-7.00,7.00] to be Gaussian constrained
------------------------------------------------------------
7          1868.505318     45.868723       total sum                     
7          1868.356620     45.868723       excluding marked processes    
7          1659.000000     40.730824       Unweighted events, alpha=1.126284
  => Total parameter prop_binAH_bin7[0.00,-7.00,7.00] to be Gaussian constrained
------------------------------------------------------------
8          2120.286058     43.678493       total sum                     
8          2119.971315     43.678492       excluding marked processes    
8          2356.000000     48.538644       Unweighted events, alpha=0.899952
  => Total parameter prop_binAH_bin8[0.00,-7.00,7.00] to be Gaussian constrained
------------------------------------------------------------
9          1760.616726     39.315833       total sum                     
9          1760.003025     39.315832       excluding marked processes    
9          2004.000000     44.766059       Unweighted events, alpha=0.878551
  => Total parameter prop_binAH_bin9[0.00,-7.00,7.00] to be Gaussian constrained
------------------------------------------------------------
10         610.770077      22.856937       total sum                     
10         610.065933      22.856935       excluding marked processes    
10         712.000000      26.683328       Unweighted events, alpha=0.857823
  => Total parameter prop_binAH_bin10[0.00,-7.00,7.00] to be Gaussian constrained
------------------------------------------------------------
11         259.804347      14.574732       total sum                     
11         258.980064      14.574729       excluding marked processes    
11         316.000000      17.776389       Unweighted events, alpha=0.822166
  => Total parameter prop_binAH_bin11[0.00,-7.00,7.00] to be Gaussian constrained
------------------------------------------------------------
12         175.706344      11.690960       total sum                     
12         175.475786      11.690959       excluding marked processes    
12         225.000000      15.000000       Unweighted events, alpha=0.780917
  => Total parameter prop_binAH_bin12[0.00,-7.00,7.00] to be Gaussian constrained
------------------------------------------------------------
============================================================
Analyzing bin errors for: prop_binSL
Poisson cut-off: 0
Processes excluded for sums: TprimeToTZ_1600
============================================================
Bin        Contents        Error           Notes                         
0          706915.585663   873.545921      total sum                     
0          706913.164767   873.545921      excluding marked processes    
0          654878.000000   809.245327      Unweighted events, alpha=1.079461
  => Total parameter prop_binSL_bin0[0.00,-7.00,7.00] to be Gaussian constrained
------------------------------------------------------------
1          10911.774096    94.886493       total sum                     
1          10911.688967    94.886493       excluding marked processes    
1          13224.000000    114.995652      Unweighted events, alpha=0.825149
  => Total parameter prop_binSL_bin1[0.00,-7.00,7.00] to be Gaussian constrained
------------------------------------------------------------
2          7409.027778     77.267498       total sum                     
2          7408.936579     77.267498       excluding marked processes    
2          9194.000000     95.885348       Unweighted events, alpha=0.805855
  => Total parameter prop_binSL_bin2[0.00,-7.00,7.00] to be Gaussian constrained
------------------------------------------------------------
3          4804.934282     63.082881       total sum                     
3          4804.853338     63.082880       excluding marked processes    
3          5801.000000     76.164296       Unweighted events, alpha=0.828294
  => Total parameter prop_binSL_bin3[0.00,-7.00,7.00] to be Gaussian constrained
------------------------------------------------------------
4          3176.795179     49.401173       total sum                     
4          3176.710849     49.401173       excluding marked processes    
4          4135.000000     64.303966       Unweighted events, alpha=0.768270
  => Total parameter prop_binSL_bin4[0.00,-7.00,7.00] to be Gaussian constrained
------------------------------------------------------------
5          2095.357732     40.508187       total sum                     
5          2095.280401     40.508187       excluding marked processes    
5          2675.000000     51.720402       Unweighted events, alpha=0.783311
  => Total parameter prop_binSL_bin5[0.00,-7.00,7.00] to be Gaussian constrained
------------------------------------------------------------
6          1509.366578     34.182015       total sum                     
6          1509.288803     34.182015       excluding marked processes    
6          1950.000000     44.158804       Unweighted events, alpha=0.774034
  => Total parameter prop_binSL_bin6[0.00,-7.00,7.00] to be Gaussian constrained
------------------------------------------------------------
7          1099.569525     30.703137       total sum                     
7          1099.499473     30.703137       excluding marked processes    
7          1282.000000     35.805028       Unweighted events, alpha=0.857699
  => Total parameter prop_binSL_bin7[0.00,-7.00,7.00] to be Gaussian constrained
------------------------------------------------------------
8          1339.244752     32.396268       total sum                     
8          1339.109166     32.396268       excluding marked processes    
8          1709.000000     41.340053       Unweighted events, alpha=0.783642
  => Total parameter prop_binSL_bin8[0.00,-7.00,7.00] to be Gaussian constrained
------------------------------------------------------------
9          1060.981586     29.339273       total sum                     
9          1060.751511     29.339273       excluding marked processes    
9          1307.000000     36.152455       Unweighted events, alpha=0.811769
  => Total parameter prop_binSL_bin9[0.00,-7.00,7.00] to be Gaussian constrained
------------------------------------------------------------
10         327.519724      18.370630       total sum                     
10         327.359166      18.370629       excluding marked processes    
10         318.000000      17.832555       Unweighted events, alpha=1.029936
  => Total parameter prop_binSL_bin10[0.00,-7.00,7.00] to be Gaussian constrained
------------------------------------------------------------
11         133.340459      11.272051       total sum                     
11         133.245770      11.272050       excluding marked processes    
11         140.000000      11.832160       Unweighted events, alpha=0.952432
  => Total parameter prop_binSL_bin11[0.00,-7.00,7.00] to be Gaussian constrained
------------------------------------------------------------
12         86.286785       9.661079        total sum                     
12         86.270020       9.661079        excluding marked processes    
12         80.000000       8.944272        Unweighted events, alpha=1.078585
  => Total parameter prop_binSL_bin12[0.00,-7.00,7.00] to be Gaussian constrained
------------------------------------------------------------
============================================================
Analyzing bin errors for: prop_binAH1lWR
Poisson cut-off: 0
Processes excluded for sums: TprimeToTZ_1600
============================================================
Bin        Contents        Error           Notes                         
0          864093.117027   1871.643540     total sum                     
0          864092.892204   1871.643540     excluding marked processes    
0          213145.000000   461.676294      Unweighted events, alpha=4.054015
  => Total parameter prop_binAH1lWR_bin0[0.00,-7.00,7.00] to be Gaussian constrained
------------------------------------------------------------
1          11629.747067    182.678642      total sum                     
1          11629.741042    182.678642      excluding marked processes    
1          4053.000000     63.663176       Unweighted events, alpha=2.869417
  => Total parameter prop_binAH1lWR_bin1[0.00,-7.00,7.00] to be Gaussian constrained
------------------------------------------------------------
2          7572.940760     150.477337      total sum                     
2          7572.934860     150.477337      excluding marked processes    
2          2533.000000     50.328918       Unweighted events, alpha=2.989712
  => Total parameter prop_binAH1lWR_bin2[0.00,-7.00,7.00] to be Gaussian constrained
------------------------------------------------------------
3          5054.623086     120.779771      total sum                     
3          5054.618395     120.779771      excluding marked processes    
3          1751.000000     41.844952       Unweighted events, alpha=2.886707
  => Total parameter prop_binAH1lWR_bin3[0.00,-7.00,7.00] to be Gaussian constrained
------------------------------------------------------------
4          3572.041875     101.754633      total sum                     
4          3572.038683     101.754633      excluding marked processes    
4          1232.000000     35.099858       Unweighted events, alpha=2.899385
  => Total parameter prop_binAH1lWR_bin4[0.00,-7.00,7.00] to be Gaussian constrained
------------------------------------------------------------
5          2209.247206     82.673479       total sum                     
5          2209.243834     82.673479       excluding marked processes    
5          714.000000      26.720778       Unweighted events, alpha=3.094184
  => Total parameter prop_binAH1lWR_bin5[0.00,-7.00,7.00] to be Gaussian constrained
------------------------------------------------------------
6          1658.870254     68.463272       total sum                     
6          1658.867529     68.463272       excluding marked processes    
6          587.000000      24.228083       Unweighted events, alpha=2.826014
  => Total parameter prop_binAH1lWR_bin6[0.00,-7.00,7.00] to be Gaussian constrained
------------------------------------------------------------
7          1213.815179     56.796173       total sum                     
7          1213.812117     56.796173       excluding marked processes    
7          457.000000      21.377558       Unweighted events, alpha=2.656051
  => Total parameter prop_binAH1lWR_bin7[0.00,-7.00,7.00] to be Gaussian constrained
------------------------------------------------------------
8          1350.960827     63.899494       total sum                     
8          1350.955162     63.899494       excluding marked processes    
8          447.000000      21.142375       Unweighted events, alpha=3.022284
  => Total parameter prop_binAH1lWR_bin8[0.00,-7.00,7.00] to be Gaussian constrained
------------------------------------------------------------
9          1203.505784     58.561736       total sum                     
9          1203.498942     58.561736       excluding marked processes    
9          422.000000      20.542639       Unweighted events, alpha=2.851909
  => Total parameter prop_binAH1lWR_bin9[0.00,-7.00,7.00] to be Gaussian constrained
------------------------------------------------------------
10         420.442409      31.979538       total sum                     
10         420.437128      31.979538       excluding marked processes    
10         173.000000      13.152946       Unweighted events, alpha=2.430303
  => Total parameter prop_binAH1lWR_bin10[0.00,-7.00,7.00] to be Gaussian constrained
------------------------------------------------------------
11         134.400431      17.559678       total sum                     
11         134.397373      17.559678       excluding marked processes    
11         59.000000       7.681146        Unweighted events, alpha=2.277973
  => Total parameter prop_binAH1lWR_bin11[0.00,-7.00,7.00] to be Gaussian constrained
------------------------------------------------------------
12         91.641607       16.429481       total sum                     
12         91.640979       16.429481       excluding marked processes    
12         31.000000       5.567764        Unweighted events, alpha=2.956181
  => Total parameter prop_binAH1lWR_bin12[0.00,-7.00,7.00] to be Gaussian constrained
------------------------------------------------------------
============================================================
Analyzing bin errors for: prop_binAH0lZR
Poisson cut-off: 0
Processes excluded for sums: TprimeToTZ_1600
============================================================
Bin        Contents        Error           Notes                         
0          6081.666567     144.936561      total sum                     
0          6081.665620     144.936561      excluding marked processes    
0          1761.000000     41.964271       Unweighted events, alpha=3.453530
  => Total parameter prop_binAH0lZR_bin0[0.00,-7.00,7.00] to be Gaussian constrained
------------------------------------------------------------
1          3413.628710     109.037029      total sum                     
1          3413.627691     109.037029      excluding marked processes    
1          980.000000      31.304952       Unweighted events, alpha=3.483295
  => Total parameter prop_binAH0lZR_bin1[0.00,-7.00,7.00] to be Gaussian constrained
------------------------------------------------------------
2          2263.821033     86.662033       total sum                     
2          2263.820248     86.662033       excluding marked processes    
2          682.000000      26.115130       Unweighted events, alpha=3.319386
  => Total parameter prop_binAH0lZR_bin2[0.00,-7.00,7.00] to be Gaussian constrained
------------------------------------------------------------
3          1329.808774     67.783952       total sum                     
3          1329.808279     67.783952       excluding marked processes    
3          385.000000      19.621417       Unweighted events, alpha=3.454049
  => Total parameter prop_binAH0lZR_bin3[0.00,-7.00,7.00] to be Gaussian constrained
------------------------------------------------------------
4          941.468199      55.076626       total sum                     
4          941.467295      55.076626       excluding marked processes    
4          292.000000      17.088007       Unweighted events, alpha=3.224206
  => Total parameter prop_binAH0lZR_bin4[0.00,-7.00,7.00] to be Gaussian constrained
------------------------------------------------------------
5          686.825538      44.756712       total sum                     
5          686.824710      44.756712       excluding marked processes    
5          235.000000      15.329710       Unweighted events, alpha=2.922662
  => Total parameter prop_binAH0lZR_bin5[0.00,-7.00,7.00] to be Gaussian constrained
------------------------------------------------------------
6          475.153015      34.985542       total sum                     
6          475.152104      34.985542       excluding marked processes    
6          184.000000      13.564660       Unweighted events, alpha=2.582353
  => Total parameter prop_binAH0lZR_bin6[0.00,-7.00,7.00] to be Gaussian constrained
------------------------------------------------------------
7          258.862630      29.799816       total sum                     
7          258.861995      29.799816       excluding marked processes    
7          75.000000       8.660254        Unweighted events, alpha=3.451502
  => Total parameter prop_binAH0lZR_bin7[0.00,-7.00,7.00] to be Gaussian constrained
------------------------------------------------------------
8          316.150928      30.615968       total sum                     
8          316.148591      30.615968       excluding marked processes    
8          107.000000      10.344080       Unweighted events, alpha=2.954682
  => Total parameter prop_binAH0lZR_bin8[0.00,-7.00,7.00] to be Gaussian constrained
------------------------------------------------------------
9          304.084667      26.549252       total sum                     
9          304.078507      26.549252       excluding marked processes    
9          131.000000      11.445523       Unweighted events, alpha=2.321257
  => Total parameter prop_binAH0lZR_bin9[0.00,-7.00,7.00] to be Gaussian constrained
------------------------------------------------------------
10         171.839316      14.253427       total sum                     
10         171.830653      14.253427       excluding marked processes    
10         145.000000      12.041595       Unweighted events, alpha=1.185099
  => Total parameter prop_binAH0lZR_bin10[0.00,-7.00,7.00] to be Gaussian constrained
------------------------------------------------------------
11         75.180969       8.311885        total sum                     
11         75.171482       8.311885        excluding marked processes    
11         82.000000       9.055385        Unweighted events, alpha=0.916841
  => Total parameter prop_binAH0lZR_bin11[0.00,-7.00,7.00] to be Gaussian constrained
------------------------------------------------------------
12         72.299960       7.123206        total sum                     
12         72.297810       7.123206        excluding marked processes    
12         103.000000      10.148892       Unweighted events, alpha=0.701941
  => Total parameter prop_binAH0lZR_bin12[0.00,-7.00,7.00] to be Gaussian constrained
------------------------------------------------------------
Channel MixSR0fjets will use autoMCStats with settings: event-threshold=0, include-signal=0, hist-mode=1
Channel MixSRatleast1fjets will use autoMCStats with settings: event-threshold=0, include-signal=0, hist-mode=1
Channel MerSR0fjets will use autoMCStats with settings: event-threshold=0, include-signal=0, hist-mode=1
Channel MerSRatleast1fjets will use autoMCStats with settings: event-threshold=0, include-signal=0, hist-mode=1
Channel AH will use autoMCStats with settings: event-threshold=0, include-signal=0, hist-mode=1
Channel SL will use autoMCStats with settings: event-threshold=0, include-signal=0, hist-mode=1
Channel AH1lWR will use autoMCStats with settings: event-threshold=0, include-signal=0, hist-mode=1
Channel AH0lZR will use autoMCStats with settings: event-threshold=0, include-signal=0, hist-mode=1

 -- AsymptoticLimits ( CLs ) --
Observed Limit: r < 17.4226
Expected  2.5%: r < 12.1582
Expected 16.0%: r < 17.3254
Expected 50.0%: r < 25.9375
Expected 84.0%: r < 39.0678
Expected 97.5%: r < 55.3938

Done in 0.01 min (cpu), 0.01 min (real)
