 <<< Combine >>> 
 <<< v10.0.1 >>>
>>> Random number generator seed is 123456
>>> Method used is AsymptoticLimits
============================================================
Analyzing bin errors for: prop_binMixSR0fjets
Poisson cut-off: 0
Processes excluded for sums: TprimeToTZ_700
============================================================
Bin        Contents        Error           Notes                         
0          35.225970       6.878966        total sum                     
0          35.144960       6.878903        excluding marked processes    
0          26.000000       5.099020        Unweighted events, alpha=1.354845
  => Total parameter prop_binMixSR0fjets_bin0[0.00,-7.00,7.00] to be Gaussian constrained
------------------------------------------------------------
1          27.468047       5.178936        total sum                     
1          27.390836       5.178875        excluding marked processes    
1          28.000000       5.291503        Unweighted events, alpha=0.981002
  => Total parameter prop_binMixSR0fjets_bin1[0.00,-7.00,7.00] to be Gaussian constrained
------------------------------------------------------------
2          9.505012        2.698690        total sum                     
2          9.465945        2.698631        excluding marked processes    
2          12.000000       3.464102        Unweighted events, alpha=0.792084
  => Total parameter prop_binMixSR0fjets_bin2[0.00,-7.00,7.00] to be Gaussian constrained
------------------------------------------------------------
3          4.214303        2.142473        total sum                     
3          4.208434        2.142465        excluding marked processes    
3          4.000000        2.000000        Unweighted events, alpha=1.053576
  => Total parameter prop_binMixSR0fjets_bin3[0.00,-7.00,7.00] to be Gaussian constrained
------------------------------------------------------------
4          3.199575        1.316798        total sum                     
4          3.199575        1.316798        excluding marked processes    
4          6.000000        2.449490        Unweighted events, alpha=0.533263
  => Total parameter prop_binMixSR0fjets_bin4[0.00,-7.00,7.00] to be Gaussian constrained
------------------------------------------------------------
5          0.912484        0.611935        total sum                     
5          0.912484        0.611935        excluding marked processes    
5          2.000000        1.414214        Unweighted events, alpha=0.456242
  => Total parameter prop_binMixSR0fjets_bin5[0.00,-7.00,7.00] to be Gaussian constrained
------------------------------------------------------------
6          0.844485        0.210704        total sum                     
6          0.844485        0.210704        excluding marked processes    
6          16.000000       4.000000        Unweighted events, alpha=0.052780
  => Total parameter prop_binMixSR0fjets_bin6[0.00,-7.00,7.00] to be Gaussian constrained
------------------------------------------------------------
7          0.354936        0.137208        total sum                     
7          0.354936        0.137208        excluding marked processes    
7          7.000000        2.645751        Unweighted events, alpha=0.050705
  => Total parameter prop_binMixSR0fjets_bin7[0.00,-7.00,7.00] to be Gaussian constrained
------------------------------------------------------------
8          0.138232        0.080294        total sum                     
8          0.138232        0.080294        excluding marked processes    
8          3.000000        1.732051        Unweighted events, alpha=0.046077
  => Total parameter prop_binMixSR0fjets_bin8[0.00,-7.00,7.00] to be Gaussian constrained
------------------------------------------------------------
9          0.029286        0.029631        total sum                     
9          0.029286        0.029631        excluding marked processes    
9          1.000000        1.000000        Unweighted events, alpha=0.029286
  => Total parameter prop_binMixSR0fjets_bin9[0.00,-7.00,7.00] to be Gaussian constrained
------------------------------------------------------------
10         0.000000        0.000000        total sum                     
10         0.000000        0.000000        excluding marked processes    
  => Error is zero, ignore      
------------------------------------------------------------
11         0.000000        0.000000        total sum                     
11         0.000000        0.000000        excluding marked processes    
  => Error is zero, ignore      
------------------------------------------------------------
12         0.000000        0.000000        total sum                     
12         0.000000        0.000000        excluding marked processes    
  => Error is zero, ignore      
------------------------------------------------------------
============================================================
Analyzing bin errors for: prop_binMixSRatleast1fjets
Poisson cut-off: 0
Processes excluded for sums: TprimeToTZ_700
============================================================
Bin        Contents        Error           Notes                         
0          60.944627       9.763999        total sum                     
0          60.626129       9.763850        excluding marked processes    
0          39.000000       6.244998        Unweighted events, alpha=1.562683
  => Total parameter prop_binMixSRatleast1fjets_bin0[0.00,-7.00,7.00] to be Gaussian constrained
------------------------------------------------------------
1          26.108200       6.536158        total sum                     
1          25.588732       6.535731        excluding marked processes    
1          15.000000       3.872983        Unweighted events, alpha=1.740547
  => Total parameter prop_binMixSRatleast1fjets_bin1[0.00,-7.00,7.00] to be Gaussian constrained
------------------------------------------------------------
2          17.463647       2.599805        total sum                     
2          17.108376       2.599171        excluding marked processes    
2          43.000000       6.557439        Unweighted events, alpha=0.406131
  => Total parameter prop_binMixSRatleast1fjets_bin2[0.00,-7.00,7.00] to be Gaussian constrained
------------------------------------------------------------
3          7.310361        2.528974        total sum                     
3          7.074386        2.528504        excluding marked processes    
3          8.000000        2.828427        Unweighted events, alpha=0.913795
  => Total parameter prop_binMixSRatleast1fjets_bin3[0.00,-7.00,7.00] to be Gaussian constrained
------------------------------------------------------------
4          5.842241        1.750894        total sum                     
4          5.702241        1.750413        excluding marked processes    
4          11.000000       3.316625        Unweighted events, alpha=0.531113
  => Total parameter prop_binMixSRatleast1fjets_bin4[0.00,-7.00,7.00] to be Gaussian constrained
------------------------------------------------------------
5          2.713258        1.231339        total sum                     
5          2.697603        1.231282        excluding marked processes    
5          5.000000        2.236068        Unweighted events, alpha=0.542652
  => Total parameter prop_binMixSRatleast1fjets_bin5[0.00,-7.00,7.00] to be Gaussian constrained
------------------------------------------------------------
6          0.778729        0.209093        total sum                     
6          0.757576        0.208569        excluding marked processes    
6          13.000000       3.605551        Unweighted events, alpha=0.059902
  => Total parameter prop_binMixSRatleast1fjets_bin6[0.00,-7.00,7.00] to be Gaussian constrained
------------------------------------------------------------
7          0.495277        0.144972        total sum                     
7          0.495277        0.144972        excluding marked processes    
7          12.000000       3.464102        Unweighted events, alpha=0.041273
  => Total parameter prop_binMixSRatleast1fjets_bin7[0.00,-7.00,7.00] to be Gaussian constrained
------------------------------------------------------------
8          0.226186        0.089276        total sum                     
8          0.226186        0.089276        excluding marked processes    
8          6.000000        2.449490        Unweighted events, alpha=0.037698
  => Total parameter prop_binMixSRatleast1fjets_bin8[0.00,-7.00,7.00] to be Gaussian constrained
------------------------------------------------------------
9          0.114530        0.052278        total sum                     
9          0.114530        0.052278        excluding marked processes    
9          5.000000        2.236068        Unweighted events, alpha=0.022906
  => Total parameter prop_binMixSRatleast1fjets_bin9[0.00,-7.00,7.00] to be Gaussian constrained
------------------------------------------------------------
10         0.004152        0.007140        total sum                     
10         0.004152        0.007140        excluding marked processes    
10         0.000000        0.000000        Unweighted events, alpha=inf  
  => Number of weighted events is below Poisson threshold
    WJets                0.000000        0.000000                                      
      => Error is zero, ignore      
  ----------------------------------------------------------
    TT                   0.000000        0.000000                                      
      => Error is zero, ignore      
  ----------------------------------------------------------
    ZJets                0.004152        0.007140                                      
      => Poisson not viable, prop_binMixSRatleast1fjets_bin10_ZJets[0.00,-7.00,7.00] to be Gaussian constrained
  ----------------------------------------------------------
    TprimeToTZ_700       0.000000        0.000000                                      
      => Error is zero, ignore      
  ----------------------------------------------------------
------------------------------------------------------------
11         0.000000        0.000000        total sum                     
11         0.000000        0.000000        excluding marked processes    
  => Error is zero, ignore      
------------------------------------------------------------
12         0.000000        0.000000        total sum                     
12         0.000000        0.000000        excluding marked processes    
  => Error is zero, ignore      
------------------------------------------------------------
============================================================
Analyzing bin errors for: prop_binMerSR0fjets
Poisson cut-off: 0
Processes excluded for sums: TprimeToTZ_700
============================================================
Bin        Contents        Error           Notes                         
0          1.697644        0.857016        total sum                     
0          1.690758        0.856996        excluding marked processes    
0          4.000000        2.000000        Unweighted events, alpha=0.424411
  => Total parameter prop_binMerSR0fjets_bin0[0.00,-7.00,7.00] to be Gaussian constrained
------------------------------------------------------------
1          1.570000        0.273610        total sum                     
1          1.543936        0.272968        excluding marked processes    
1          32.000000       5.656854        Unweighted events, alpha=0.049063
  => Total parameter prop_binMerSR0fjets_bin1[0.00,-7.00,7.00] to be Gaussian constrained
------------------------------------------------------------
2          1.430238        0.268761        total sum                     
2          1.422383        0.268646        excluding marked processes    
2          28.000000       5.291503        Unweighted events, alpha=0.051080
  => Total parameter prop_binMerSR0fjets_bin2[0.00,-7.00,7.00] to be Gaussian constrained
------------------------------------------------------------
3          0.933693        0.218351        total sum                     
3          0.919642        0.217898        excluding marked processes    
3          18.000000       4.242641        Unweighted events, alpha=0.051872
  => Total parameter prop_binMerSR0fjets_bin3[0.00,-7.00,7.00] to be Gaussian constrained
------------------------------------------------------------
4          1.343960        0.276156        total sum                     
4          1.343960        0.276156        excluding marked processes    
4          24.000000       4.898979        Unweighted events, alpha=0.055998
  => Total parameter prop_binMerSR0fjets_bin4[0.00,-7.00,7.00] to be Gaussian constrained
------------------------------------------------------------
5          0.915786        0.212161        total sum                     
5          0.915786        0.212161        excluding marked processes    
5          19.000000       4.358899        Unweighted events, alpha=0.048199
  => Total parameter prop_binMerSR0fjets_bin5[0.00,-7.00,7.00] to be Gaussian constrained
------------------------------------------------------------
6          0.611201        0.185178        total sum                     
6          0.611201        0.185178        excluding marked processes    
6          11.000000       3.316625        Unweighted events, alpha=0.055564
  => Total parameter prop_binMerSR0fjets_bin6[0.00,-7.00,7.00] to be Gaussian constrained
------------------------------------------------------------
7          0.765622        0.203696        total sum                     
7          0.765622        0.203696        excluding marked processes    
7          14.000000       3.741657        Unweighted events, alpha=0.054687
  => Total parameter prop_binMerSR0fjets_bin7[0.00,-7.00,7.00] to be Gaussian constrained
------------------------------------------------------------
8          1.631556        0.297165        total sum                     
8          1.631556        0.297165        excluding marked processes    
8          30.000000       5.477226        Unweighted events, alpha=0.054385
  => Total parameter prop_binMerSR0fjets_bin8[0.00,-7.00,7.00] to be Gaussian constrained
------------------------------------------------------------
9          0.867996        0.221060        total sum                     
9          0.859942        0.220914        excluding marked processes    
9          15.000000       3.872983        Unweighted events, alpha=0.057866
  => Total parameter prop_binMerSR0fjets_bin9[0.00,-7.00,7.00] to be Gaussian constrained
------------------------------------------------------------
10         0.291939        0.141965        total sum                     
10         0.291939        0.141965        excluding marked processes    
10         4.000000        2.000000        Unweighted events, alpha=0.072985
  => Total parameter prop_binMerSR0fjets_bin10[0.00,-7.00,7.00] to be Gaussian constrained
------------------------------------------------------------
11         0.209466        0.061549        total sum                     
11         0.209466        0.061549        excluding marked processes    
11         12.000000       3.464102        Unweighted events, alpha=0.017456
  => Total parameter prop_binMerSR0fjets_bin11[0.00,-7.00,7.00] to be Gaussian constrained
------------------------------------------------------------
12         0.242390        0.088960        total sum                     
12         0.242390        0.088960        excluding marked processes    
12         7.000000        2.645751        Unweighted events, alpha=0.034627
  => Total parameter prop_binMerSR0fjets_bin12[0.00,-7.00,7.00] to be Gaussian constrained
------------------------------------------------------------
============================================================
Analyzing bin errors for: prop_binMerSRatleast1fjets
Poisson cut-off: 0
Processes excluded for sums: TprimeToTZ_700
============================================================
Bin        Contents        Error           Notes                         
0          2.289203        0.369754        total sum                     
0          2.211703        0.368049        excluding marked processes    
0          36.000000       6.000000        Unweighted events, alpha=0.063589
  => Total parameter prop_binMerSRatleast1fjets_bin0[0.00,-7.00,7.00] to be Gaussian constrained
------------------------------------------------------------
1          2.050665        0.302822        total sum                     
1          1.992710        0.301912        excluding marked processes    
1          44.000000       6.633250        Unweighted events, alpha=0.046606
  => Total parameter prop_binMerSRatleast1fjets_bin1[0.00,-7.00,7.00] to be Gaussian constrained
------------------------------------------------------------
2          3.253648        0.402550        total sum                     
2          3.139445        0.400903        excluding marked processes    
2          61.000000       7.810250        Unweighted events, alpha=0.053338
  => Total parameter prop_binMerSRatleast1fjets_bin2[0.00,-7.00,7.00] to be Gaussian constrained
------------------------------------------------------------
3          2.463856        0.359658        total sum                     
3          2.399179        0.358886        excluding marked processes    
3          45.000000       6.708204        Unweighted events, alpha=0.054752
  => Total parameter prop_binMerSRatleast1fjets_bin3[0.00,-7.00,7.00] to be Gaussian constrained
------------------------------------------------------------
4          4.263903        1.483762        total sum                     
4          4.250727        1.483728        excluding marked processes    
4          8.000000        2.828427        Unweighted events, alpha=0.532988
  => Total parameter prop_binMerSRatleast1fjets_bin4[0.00,-7.00,7.00] to be Gaussian constrained
------------------------------------------------------------
5          1.750496        0.328153        total sum                     
5          1.722845        0.327604        excluding marked processes    
5          28.000000       5.291503        Unweighted events, alpha=0.062518
  => Total parameter prop_binMerSRatleast1fjets_bin5[0.00,-7.00,7.00] to be Gaussian constrained
------------------------------------------------------------
6          1.493071        0.262930        total sum                     
6          1.483103        0.262741        excluding marked processes    
6          32.000000       5.656854        Unweighted events, alpha=0.046658
  => Total parameter prop_binMerSRatleast1fjets_bin6[0.00,-7.00,7.00] to be Gaussian constrained
------------------------------------------------------------
7          0.944715        0.213172        total sum                     
7          0.944715        0.213172        excluding marked processes    
7          20.000000       4.472136        Unweighted events, alpha=0.047236
  => Total parameter prop_binMerSRatleast1fjets_bin7[0.00,-7.00,7.00] to be Gaussian constrained
------------------------------------------------------------
8          1.162850        0.272219        total sum                     
8          1.162850        0.272219        excluding marked processes    
8          18.000000       4.242641        Unweighted events, alpha=0.064603
  => Total parameter prop_binMerSRatleast1fjets_bin8[0.00,-7.00,7.00] to be Gaussian constrained
------------------------------------------------------------
9          2.502897        1.446693        total sum                     
9          2.502897        1.446693        excluding marked processes    
9          3.000000        1.732051        Unweighted events, alpha=0.834299
  => Total parameter prop_binMerSRatleast1fjets_bin9[0.00,-7.00,7.00] to be Gaussian constrained
------------------------------------------------------------
10         0.709271        0.164864        total sum                     
10         0.709271        0.164864        excluding marked processes    
10         19.000000       4.358899        Unweighted events, alpha=0.037330
  => Total parameter prop_binMerSRatleast1fjets_bin10[0.00,-7.00,7.00] to be Gaussian constrained
------------------------------------------------------------
11         0.183553        0.095742        total sum                     
11         0.183553        0.095742        excluding marked processes    
11         4.000000        2.000000        Unweighted events, alpha=0.045888
  => Total parameter prop_binMerSRatleast1fjets_bin11[0.00,-7.00,7.00] to be Gaussian constrained
------------------------------------------------------------
12         0.151497        0.120718        total sum                     
12         0.151497        0.120718        excluding marked processes    
12         2.000000        1.414214        Unweighted events, alpha=0.075749
  => Total parameter prop_binMerSRatleast1fjets_bin12[0.00,-7.00,7.00] to be Gaussian constrained
------------------------------------------------------------
============================================================
Analyzing bin errors for: prop_binAH
Poisson cut-off: 0
Processes excluded for sums: TprimeToTZ_700
============================================================
Bin        Contents        Error           Notes                         
0          43408.704624    253.997076      total sum                     
0          43352.054565    253.995779      excluding marked processes    
0          29132.000000    170.680989      Unweighted events, alpha=1.490069
  => Total parameter prop_binAH_bin0[0.00,-7.00,7.00] to be Gaussian constrained
------------------------------------------------------------
1          10574.577080    121.703586      total sum                     
1          10538.965542    121.702015      excluding marked processes    
1          7499.000000     86.596767       Unweighted events, alpha=1.410132
  => Total parameter prop_binAH_bin1[0.00,-7.00,7.00] to be Gaussian constrained
------------------------------------------------------------
2          9296.234275     110.606523      total sum                     
2          9260.724777     110.604787      excluding marked processes    
2          7010.000000     83.725743       Unweighted events, alpha=1.326139
  => Total parameter prop_binAH_bin2[0.00,-7.00,7.00] to be Gaussian constrained
------------------------------------------------------------
3          7759.565423     102.965961      total sum                     
3          7737.218593     102.964822      excluding marked processes    
3          5647.000000     75.146524       Unweighted events, alpha=1.374104
  => Total parameter prop_binAH_bin3[0.00,-7.00,7.00] to be Gaussian constrained
------------------------------------------------------------
4          5497.262259     86.115077       total sum                     
4          5487.449291     86.114455       excluding marked processes    
4          4061.000000     63.725976       Unweighted events, alpha=1.353672
  => Total parameter prop_binAH_bin4[0.00,-7.00,7.00] to be Gaussian constrained
------------------------------------------------------------
5          3531.649122     66.269182       total sum                     
5          3527.966753     66.268864       excluding marked processes    
5          2834.000000     53.235327       Unweighted events, alpha=1.246171
  => Total parameter prop_binAH_bin5[0.00,-7.00,7.00] to be Gaussian constrained
------------------------------------------------------------
6          2396.424041     53.769081       total sum                     
6          2394.961119     53.768932       excluding marked processes    
6          1984.000000     44.542115       Unweighted events, alpha=1.207875
  => Total parameter prop_binAH_bin6[0.00,-7.00,7.00] to be Gaussian constrained
------------------------------------------------------------
7          1498.096660     42.875393       total sum                     
7          1497.435934     42.875291       excluding marked processes    
7          1220.000000     34.928498       Unweighted events, alpha=1.227948
  => Total parameter prop_binAH_bin7[0.00,-7.00,7.00] to be Gaussian constrained
------------------------------------------------------------
8          1708.257739     39.875661       total sum                     
8          1707.468163     39.875545       excluding marked processes    
8          1834.000000     42.825226       Unweighted events, alpha=0.931438
  => Total parameter prop_binAH_bin8[0.00,-7.00,7.00] to be Gaussian constrained
------------------------------------------------------------
9          1401.103898     35.949209       total sum                     
9          1400.453701     35.949100       excluding marked processes    
9          1518.000000     38.961519       Unweighted events, alpha=0.922993
  => Total parameter prop_binAH_bin9[0.00,-7.00,7.00] to be Gaussian constrained
------------------------------------------------------------
10         488.821745      20.924140       total sum                     
10         488.711151      20.924115       excluding marked processes    
10         546.000000      23.366643       Unweighted events, alpha=0.895278
  => Total parameter prop_binAH_bin10[0.00,-7.00,7.00] to be Gaussian constrained
------------------------------------------------------------
11         205.518899      13.710243       total sum                     
11         205.441551      13.710213       excluding marked processes    
11         225.000000      15.000000       Unweighted events, alpha=0.913417
  => Total parameter prop_binAH_bin11[0.00,-7.00,7.00] to be Gaussian constrained
------------------------------------------------------------
12         136.599812      11.000228       total sum                     
12         136.553569      11.000210       excluding marked processes    
12         154.000000      12.409674       Unweighted events, alpha=0.887012
  => Total parameter prop_binAH_bin12[0.00,-7.00,7.00] to be Gaussian constrained
------------------------------------------------------------
============================================================
Analyzing bin errors for: prop_binSL
Poisson cut-off: 0
Processes excluded for sums: TprimeToTZ_700
============================================================
Bin        Contents        Error           Notes                         
0          561308.198799   800.045478      total sum                     
0          561207.887474   800.044566      excluding marked processes    
0          492061.000000   701.470598      Unweighted events, alpha=1.140729
  => Total parameter prop_binSL_bin0[0.00,-7.00,7.00] to be Gaussian constrained
------------------------------------------------------------
1          8690.123796     87.270452       total sum                     
1          8683.618724     87.269902       excluding marked processes    
1          9901.000000     99.503769       Unweighted events, alpha=0.877702
  => Total parameter prop_binSL_bin1[0.00,-7.00,7.00] to be Gaussian constrained
------------------------------------------------------------
2          5932.753681     72.016943       total sum                     
2          5928.753444     72.016596       excluding marked processes    
2          6777.000000     82.322536       Unweighted events, alpha=0.875425
  => Total parameter prop_binSL_bin2[0.00,-7.00,7.00] to be Gaussian constrained
------------------------------------------------------------
3          3830.556980     58.594605       total sum                     
3          3828.187367     58.594356       excluding marked processes    
3          4268.000000     65.329932       Unweighted events, alpha=0.897506
  => Total parameter prop_binSL_bin3[0.00,-7.00,7.00] to be Gaussian constrained
------------------------------------------------------------
4          2554.671784     46.010668       total sum                     
4          2553.658411     46.010535       excluding marked processes    
4          3080.000000     55.497748       Unweighted events, alpha=0.829439
  => Total parameter prop_binSL_bin4[0.00,-7.00,7.00] to be Gaussian constrained
------------------------------------------------------------
5          1652.164975     37.737406       total sum                     
5          1651.610043     37.737312       excluding marked processes    
5          1915.000000     43.760713       Unweighted events, alpha=0.862749
  => Total parameter prop_binSL_bin5[0.00,-7.00,7.00] to be Gaussian constrained
------------------------------------------------------------
6          1199.466614     31.675477       total sum                     
6          1199.174836     31.675425       excluding marked processes    
6          1433.000000     37.854986       Unweighted events, alpha=0.837032
  => Total parameter prop_binSL_bin6[0.00,-7.00,7.00] to be Gaussian constrained
------------------------------------------------------------
7          883.711042      28.057685       total sum                     
7          883.482960      28.057618       excluding marked processes    
7          992.000000      31.496031       Unweighted events, alpha=0.890838
  => Total parameter prop_binSL_bin7[0.00,-7.00,7.00] to be Gaussian constrained
------------------------------------------------------------
8          1067.660683     29.677545       total sum                     
8          1067.491162     29.677507       excluding marked processes    
8          1294.000000     35.972211       Unweighted events, alpha=0.825086
  => Total parameter prop_binSL_bin8[0.00,-7.00,7.00] to be Gaussian constrained
------------------------------------------------------------
9          850.446988      27.094801       total sum                     
9          850.251496      27.094738       excluding marked processes    
9          985.000000      31.384710       Unweighted events, alpha=0.863398
  => Total parameter prop_binSL_bin9[0.00,-7.00,7.00] to be Gaussian constrained
------------------------------------------------------------
10         254.487992      17.161052       total sum                     
10         254.439943      17.161032       excluding marked processes    
10         220.000000      14.832397       Unweighted events, alpha=1.156764
  => Total parameter prop_binSL_bin10[0.00,-7.00,7.00] to be Gaussian constrained
------------------------------------------------------------
11         109.721238      10.528312       total sum                     
11         109.714246      10.528309       excluding marked processes    
11         109.000000      10.440307       Unweighted events, alpha=1.006617
  => Total parameter prop_binSL_bin11[0.00,-7.00,7.00] to be Gaussian constrained
------------------------------------------------------------
12         69.873710       9.363444        total sum                     
12         69.845036       9.363400        excluding marked processes    
12         56.000000       7.483315        Unweighted events, alpha=1.247745
  => Total parameter prop_binSL_bin12[0.00,-7.00,7.00] to be Gaussian constrained
------------------------------------------------------------
============================================================
Analyzing bin errors for: prop_binAH1lWR
Poisson cut-off: 0
Processes excluded for sums: TprimeToTZ_700
============================================================
Bin        Contents        Error           Notes                         
0          695449.661471   1566.924607     total sum                     
0          695433.887407   1566.924524     excluding marked processes    
0          196977.000000   443.820910      Unweighted events, alpha=3.530614
  => Total parameter prop_binAH1lWR_bin0[0.00,-7.00,7.00] to be Gaussian constrained
------------------------------------------------------------
1          9233.746989     167.123954      total sum                     
1          9232.370956     167.123882      excluding marked processes    
1          3052.000000     55.244909       Unweighted events, alpha=3.025474
  => Total parameter prop_binAH1lWR_bin1[0.00,-7.00,7.00] to be Gaussian constrained
------------------------------------------------------------
2          6009.037069     137.667706      total sum                     
2          6008.346542     137.667668      excluding marked processes    
2          1905.000000     43.646306       Unweighted events, alpha=3.154350
  => Total parameter prop_binAH1lWR_bin2[0.00,-7.00,7.00] to be Gaussian constrained
------------------------------------------------------------
3          4051.084767     110.934658      total sum                     
3          4050.955461     110.934651      excluding marked processes    
3          1333.000000     36.510273       Unweighted events, alpha=3.039073
  => Total parameter prop_binAH1lWR_bin3[0.00,-7.00,7.00] to be Gaussian constrained
------------------------------------------------------------
4          2837.292785     93.180546       total sum                     
4          2837.233389     93.180541       excluding marked processes    
4          927.000000      30.446675       Unweighted events, alpha=3.060726
  => Total parameter prop_binAH1lWR_bin4[0.00,-7.00,7.00] to be Gaussian constrained
------------------------------------------------------------
5          1732.161591     75.666054       total sum                     
5          1732.161591     75.666054       excluding marked processes    
5          524.000000      22.891046       Unweighted events, alpha=3.305652
  => Total parameter prop_binAH1lWR_bin5[0.00,-7.00,7.00] to be Gaussian constrained
------------------------------------------------------------
6          1371.777673     62.784129       total sum                     
6          1371.734408     62.784123       excluding marked processes    
6          477.000000      21.840330       Unweighted events, alpha=2.875844
  => Total parameter prop_binAH1lWR_bin6[0.00,-7.00,7.00] to be Gaussian constrained
------------------------------------------------------------
7          982.260856      52.010550       total sum                     
7          982.243290      52.010549       excluding marked processes    
7          357.000000      18.894444       Unweighted events, alpha=2.751431
  => Total parameter prop_binAH1lWR_bin7[0.00,-7.00,7.00] to be Gaussian constrained
------------------------------------------------------------
8          1079.398437     58.853629       total sum                     
8          1079.398437     58.853629       excluding marked processes    
8          336.000000      18.330303       Unweighted events, alpha=3.212495
  => Total parameter prop_binAH1lWR_bin8[0.00,-7.00,7.00] to be Gaussian constrained
------------------------------------------------------------
9          992.267067      54.163184       total sum                     
9          992.267067      54.163184       excluding marked processes    
9          336.000000      18.330303       Unweighted events, alpha=2.953176
  => Total parameter prop_binAH1lWR_bin9[0.00,-7.00,7.00] to be Gaussian constrained
------------------------------------------------------------
10         334.434177      29.333247       total sum                     
10         334.434177      29.333247       excluding marked processes    
10         130.000000      11.401754       Unweighted events, alpha=2.572571
  => Total parameter prop_binAH1lWR_bin10[0.00,-7.00,7.00] to be Gaussian constrained
------------------------------------------------------------
11         113.893123      16.193274       total sum                     
11         113.893123      16.193274       excluding marked processes    
11         49.000000       7.000000        Unweighted events, alpha=2.324349
  => Total parameter prop_binAH1lWR_bin11[0.00,-7.00,7.00] to be Gaussian constrained
------------------------------------------------------------
12         65.040112       15.059600       total sum                     
12         65.040112       15.059600       excluding marked processes    
12         19.000000       4.358899        Unweighted events, alpha=3.423164
  => Total parameter prop_binAH1lWR_bin12[0.00,-7.00,7.00] to be Gaussian constrained
------------------------------------------------------------
============================================================
Analyzing bin errors for: prop_binAH0lZR
Poisson cut-off: 0
Processes excluded for sums: TprimeToTZ_700
============================================================
Bin        Contents        Error           Notes                         
0          4660.042917     127.633587      total sum                     
0          4659.375432     127.633560      excluding marked processes    
0          1333.000000     36.510273       Unweighted events, alpha=3.495906
  => Total parameter prop_binAH0lZR_bin0[0.00,-7.00,7.00] to be Gaussian constrained
------------------------------------------------------------
1          2661.515747     95.574309       total sum                     
1          2660.922619     95.574278       excluding marked processes    
1          775.000000      27.838822       Unweighted events, alpha=3.434214
  => Total parameter prop_binAH0lZR_bin1[0.00,-7.00,7.00] to be Gaussian constrained
------------------------------------------------------------
2          1735.140412     76.101606       total sum                     
2          1734.610556     76.101573       excluding marked processes    
2          520.000000      22.803509       Unweighted events, alpha=3.336808
  => Total parameter prop_binAH0lZR_bin2[0.00,-7.00,7.00] to be Gaussian constrained
------------------------------------------------------------
3          1040.333404     60.021114       total sum                     
3          1040.037673     60.021092       excluding marked processes    
3          300.000000      17.320508       Unweighted events, alpha=3.467778
  => Total parameter prop_binAH0lZR_bin3[0.00,-7.00,7.00] to be Gaussian constrained
------------------------------------------------------------
4          725.922298      48.282125       total sum                     
4          725.817485      48.282115       excluding marked processes    
4          226.000000      15.033296       Unweighted events, alpha=3.212046
  => Total parameter prop_binAH0lZR_bin4[0.00,-7.00,7.00] to be Gaussian constrained
------------------------------------------------------------
5          546.083319      39.586771       total sum                     
5          546.063294      39.586770       excluding marked processes    
5          190.000000      13.784049       Unweighted events, alpha=2.874123
  => Total parameter prop_binAH0lZR_bin5[0.00,-7.00,7.00] to be Gaussian constrained
------------------------------------------------------------
6          365.734643      30.901321       total sum                     
6          365.734643      30.901321       excluding marked processes    
6          140.000000      11.832160       Unweighted events, alpha=2.612390
  => Total parameter prop_binAH0lZR_bin6[0.00,-7.00,7.00] to be Gaussian constrained
------------------------------------------------------------
7          182.276944      26.317879       total sum                     
7          182.276944      26.317879       excluding marked processes    
7          48.000000       6.928203        Unweighted events, alpha=3.797436
  => Total parameter prop_binAH0lZR_bin7[0.00,-7.00,7.00] to be Gaussian constrained
------------------------------------------------------------
8          228.769474      27.189917       total sum                     
8          228.763505      27.189916       excluding marked processes    
8          71.000000       8.426150        Unweighted events, alpha=3.222105
  => Total parameter prop_binAH0lZR_bin8[0.00,-7.00,7.00] to be Gaussian constrained
------------------------------------------------------------
9          240.330252      23.570430       total sum                     
9          240.328207      23.570430       excluding marked processes    
9          104.000000      10.198039       Unweighted events, alpha=2.310868
  => Total parameter prop_binAH0lZR_bin9[0.00,-7.00,7.00] to be Gaussian constrained
------------------------------------------------------------
10         124.992148      12.535054       total sum                     
10         124.992148      12.535054       excluding marked processes    
10         99.000000       9.949874        Unweighted events, alpha=1.262547
  => Total parameter prop_binAH0lZR_bin10[0.00,-7.00,7.00] to be Gaussian constrained
------------------------------------------------------------
11         57.625924       7.597570        total sum                     
11         57.625924       7.597570        excluding marked processes    
11         58.000000       7.615773        Unweighted events, alpha=0.993550
  => Total parameter prop_binAH0lZR_bin11[0.00,-7.00,7.00] to be Gaussian constrained
------------------------------------------------------------
12         49.993668       5.652064        total sum                     
12         49.993668       5.652064        excluding marked processes    
12         78.000000       8.831761        Unweighted events, alpha=0.640944
  => Total parameter prop_binAH0lZR_bin12[0.00,-7.00,7.00] to be Gaussian constrained
------------------------------------------------------------
Channel MixSR0fjets will use autoMCStats with settings: event-threshold=0, include-signal=0, hist-mode=1
Channel MixSRatleast1fjets will use autoMCStats with settings: event-threshold=0, include-signal=0, hist-mode=1
Channel MerSR0fjets will use autoMCStats with settings: event-threshold=0, include-signal=0, hist-mode=1
Channel MerSRatleast1fjets will use autoMCStats with settings: event-threshold=0, include-signal=0, hist-mode=1
Channel AH will use autoMCStats with settings: event-threshold=0, include-signal=0, hist-mode=1
Channel SL will use autoMCStats with settings: event-threshold=0, include-signal=0, hist-mode=1
Channel AH1lWR will use autoMCStats with settings: event-threshold=0, include-signal=0, hist-mode=1
Channel AH0lZR will use autoMCStats with settings: event-threshold=0, include-signal=0, hist-mode=1

 -- AsymptoticLimits ( CLs ) --
Observed Limit: r < 5.4788
Expected  2.5%: r < 3.6141
Expected 16.0%: r < 4.8025
Expected 50.0%: r < 6.6562
Expected 84.0%: r < 9.2829
Expected 97.5%: r < 12.4076

Done in 0.01 min (cpu), 0.01 min (real)
