 <<< Combine >>> 
 <<< v10.0.1 >>>
>>> Random number generator seed is 123456
>>> Method used is AsymptoticLimits
============================================================
Analyzing bin errors for: prop_binMixSR0fjets
Poisson cut-off: 0
Processes excluded for sums: TprimeToTZ_1300
============================================================
Bin        Contents        Error           Notes                         
0          78.695379       10.453560       total sum                     
0          78.695059       10.453560       excluding marked processes    
0          57.000000       7.549834        Unweighted events, alpha=1.380621
  => Total parameter prop_binMixSR0fjets_bin0[0.00,-7.00,7.00] to be Gaussian constrained
------------------------------------------------------------
1          50.228340       5.991269        total sum                     
1          50.228029       5.991269        excluding marked processes    
1          70.000000       8.366600        Unweighted events, alpha=0.717548
  => Total parameter prop_binMixSR0fjets_bin1[0.00,-7.00,7.00] to be Gaussian constrained
------------------------------------------------------------
2          24.694535       4.449484        total sum                     
2          24.693261       4.449484        excluding marked processes    
2          31.000000       5.567764        Unweighted events, alpha=0.796598
  => Total parameter prop_binMixSR0fjets_bin2[0.00,-7.00,7.00] to be Gaussian constrained
------------------------------------------------------------
3          11.112649       2.826018        total sum                     
3          11.112533       2.826018        excluding marked processes    
3          15.000000       3.872983        Unweighted events, alpha=0.740843
  => Total parameter prop_binMixSR0fjets_bin3[0.00,-7.00,7.00] to be Gaussian constrained
------------------------------------------------------------
4          6.777977        1.473081        total sum                     
4          6.777481        1.473081        excluding marked processes    
4          21.000000       4.582576        Unweighted events, alpha=0.322761
  => Total parameter prop_binMixSR0fjets_bin4[0.00,-7.00,7.00] to be Gaussian constrained
------------------------------------------------------------
5          3.360738        1.391591        total sum                     
5          3.359118        1.391590        excluding marked processes    
5          6.000000        2.449490        Unweighted events, alpha=0.560123
  => Total parameter prop_binMixSR0fjets_bin5[0.00,-7.00,7.00] to be Gaussian constrained
------------------------------------------------------------
6          2.070833        0.372126        total sum                     
6          2.068390        0.372124        excluding marked processes    
6          31.000000       5.567764        Unweighted events, alpha=0.066801
  => Total parameter prop_binMixSR0fjets_bin6[0.00,-7.00,7.00] to be Gaussian constrained
------------------------------------------------------------
7          0.685445        0.215353        total sum                     
7          0.685336        0.215353        excluding marked processes    
7          10.000000       3.162278        Unweighted events, alpha=0.068544
  => Total parameter prop_binMixSR0fjets_bin7[0.00,-7.00,7.00] to be Gaussian constrained
------------------------------------------------------------
8          0.715806        0.241928        total sum                     
8          0.715806        0.241928        excluding marked processes    
8          9.000000        3.000000        Unweighted events, alpha=0.079534
  => Total parameter prop_binMixSR0fjets_bin8[0.00,-7.00,7.00] to be Gaussian constrained
------------------------------------------------------------
9          0.087290        0.045129        total sum                     
9          0.084167        0.045102        excluding marked processes    
9          3.000000        1.732051        Unweighted events, alpha=0.029097
  => Total parameter prop_binMixSR0fjets_bin9[0.00,-7.00,7.00] to be Gaussian constrained
------------------------------------------------------------
10         0.007392        0.007392        total sum                     
10         0.007392        0.007392        excluding marked processes    
10         1.000000        1.000000        Unweighted events, alpha=0.007392
  => Total parameter prop_binMixSR0fjets_bin10[0.00,-7.00,7.00] to be Gaussian constrained
------------------------------------------------------------
11         0.000000        0.007621        total sum                     
11         0.000000        0.007621        excluding marked processes    
11         0.000000        0.000000        Unweighted events, alpha=inf  
  => Number of weighted events is below Poisson threshold
    WJets                0.000000        0.000000                                      
      => Error is zero, ignore      
  ----------------------------------------------------------
    TT                   0.000000        0.000000                                      
      => Error is zero, ignore      
  ----------------------------------------------------------
    ZJets                0.000000        0.007621                                      
      => Poisson not viable, prop_binMixSR0fjets_bin11_ZJets[0.00,-7.00,7.00] to be Gaussian constrained
  ----------------------------------------------------------
    TprimeToTZ_1300      0.000000        0.000000                                      
      => Error is zero, ignore      
  ----------------------------------------------------------
------------------------------------------------------------
12         0.000000        0.000000        total sum                     
12         0.000000        0.000000        excluding marked processes    
  => Error is zero, ignore      
------------------------------------------------------------
============================================================
Analyzing bin errors for: prop_binMixSRatleast1fjets
Poisson cut-off: 0
Processes excluded for sums: TprimeToTZ_1300
============================================================
Bin        Contents        Error           Notes                         
0          90.469100       11.960668       total sum                     
0          90.462815       11.960668       excluding marked processes    
0          57.000000       7.549834        Unweighted events, alpha=1.587177
  => Total parameter prop_binMixSRatleast1fjets_bin0[0.00,-7.00,7.00] to be Gaussian constrained
------------------------------------------------------------
1          57.157646       10.338098       total sum                     
1          57.152751       10.338098       excluding marked processes    
1          31.000000       5.567764        Unweighted events, alpha=1.843795
  => Total parameter prop_binMixSRatleast1fjets_bin1[0.00,-7.00,7.00] to be Gaussian constrained
------------------------------------------------------------
2          28.778116       3.316917        total sum                     
2          28.770010       3.316916        excluding marked processes    
2          75.000000       8.660254        Unweighted events, alpha=0.383708
  => Total parameter prop_binMixSRatleast1fjets_bin2[0.00,-7.00,7.00] to be Gaussian constrained
------------------------------------------------------------
3          21.300413       4.595207        total sum                     
3          21.297397       4.595207        excluding marked processes    
3          21.000000       4.582576        Unweighted events, alpha=1.014305
  => Total parameter prop_binMixSRatleast1fjets_bin3[0.00,-7.00,7.00] to be Gaussian constrained
------------------------------------------------------------
4          12.786122       3.320168        total sum                     
4          12.781342       3.320168        excluding marked processes    
4          15.000000       3.872983        Unweighted events, alpha=0.852408
  => Total parameter prop_binMixSRatleast1fjets_bin4[0.00,-7.00,7.00] to be Gaussian constrained
------------------------------------------------------------
5          7.974685        3.084409        total sum                     
5          7.966324        3.084409        excluding marked processes    
5          7.000000        2.645751        Unweighted events, alpha=1.139241
  => Total parameter prop_binMixSRatleast1fjets_bin5[0.00,-7.00,7.00] to be Gaussian constrained
------------------------------------------------------------
6          1.789264        0.366697        total sum                     
6          1.786351        0.366696        excluding marked processes    
6          24.000000       4.898979        Unweighted events, alpha=0.074553
  => Total parameter prop_binMixSRatleast1fjets_bin6[0.00,-7.00,7.00] to be Gaussian constrained
------------------------------------------------------------
7          1.255668        0.266325        total sum                     
7          1.250807        0.266321        excluding marked processes    
7          22.000000       4.690416        Unweighted events, alpha=0.057076
  => Total parameter prop_binMixSRatleast1fjets_bin7[0.00,-7.00,7.00] to be Gaussian constrained
------------------------------------------------------------
8          1.780403        1.105080        total sum                     
8          1.771295        1.105078        excluding marked processes    
8          3.000000        1.732051        Unweighted events, alpha=0.593468
  => Total parameter prop_binMixSRatleast1fjets_bin8[0.00,-7.00,7.00] to be Gaussian constrained
------------------------------------------------------------
9          0.271922        0.096988        total sum                     
9          0.266822        0.096970        excluding marked processes    
9          8.000000        2.828427        Unweighted events, alpha=0.033990
  => Total parameter prop_binMixSRatleast1fjets_bin9[0.00,-7.00,7.00] to be Gaussian constrained
------------------------------------------------------------
10         0.005153        0.007234        total sum                     
10         0.004758        0.007227        excluding marked processes    
10         0.000000        0.000000        Unweighted events, alpha=inf  
  => Number of weighted events is below Poisson threshold
    WJets                0.000000        0.000000                                      
      => Error is zero, ignore      
  ----------------------------------------------------------
    TT                   0.000000        0.000000                                      
      => Error is zero, ignore      
  ----------------------------------------------------------
    ZJets                0.004758        0.007227                                      
      => Poisson not viable, prop_binMixSRatleast1fjets_bin10_ZJets[0.00,-7.00,7.00] to be Gaussian constrained
  ----------------------------------------------------------
    TprimeToTZ_1300      0.000395        0.000309                                      
                         2.000000        1.414214        Unweighted events, alpha=0.000197
      => Parameter prop_binMixSRatleast1fjets_bin10_TprimeToTZ_1300[0.00,-7.00,7.00] to be Gaussian constrained
  ----------------------------------------------------------
------------------------------------------------------------
11         0.007124        0.007124        total sum                     
11         0.007124        0.007124        excluding marked processes    
11         1.000000        1.000000        Unweighted events, alpha=0.007124
  => Total parameter prop_binMixSRatleast1fjets_bin11[0.00,-7.00,7.00] to be Gaussian constrained
------------------------------------------------------------
12         0.000000        0.000000        total sum                     
12         0.000000        0.000000        excluding marked processes    
  => Error is zero, ignore      
------------------------------------------------------------
============================================================
Analyzing bin errors for: prop_binMerSR0fjets
Poisson cut-off: 0
Processes excluded for sums: TprimeToTZ_1300
============================================================
Bin        Contents        Error           Notes                         
0          2.715419        0.903871        total sum                     
0          2.715419        0.903871        excluding marked processes    
0          9.000000        3.000000        Unweighted events, alpha=0.301713
  => Total parameter prop_binMerSR0fjets_bin0[0.00,-7.00,7.00] to be Gaussian constrained
------------------------------------------------------------
1          3.839671        0.485437        total sum                     
1          3.839671        0.485437        excluding marked processes    
1          63.000000       7.937254        Unweighted events, alpha=0.060947
  => Total parameter prop_binMerSR0fjets_bin1[0.00,-7.00,7.00] to be Gaussian constrained
------------------------------------------------------------
2          3.129862        0.429939        total sum                     
2          3.129385        0.429939        excluding marked processes    
2          53.000000       7.280110        Unweighted events, alpha=0.059054
  => Total parameter prop_binMerSR0fjets_bin2[0.00,-7.00,7.00] to be Gaussian constrained
------------------------------------------------------------
3          2.309040        0.373009        total sum                     
3          2.309040        0.373009        excluding marked processes    
3          38.000000       6.164414        Unweighted events, alpha=0.060764
  => Total parameter prop_binMerSR0fjets_bin3[0.00,-7.00,7.00] to be Gaussian constrained
------------------------------------------------------------
4          2.976806        0.420169        total sum                     
4          2.976538        0.420169        excluding marked processes    
4          50.000000       7.071068        Unweighted events, alpha=0.059536
  => Total parameter prop_binMerSR0fjets_bin4[0.00,-7.00,7.00] to be Gaussian constrained
------------------------------------------------------------
5          1.662130        0.299193        total sum                     
5          1.661419        0.299192        excluding marked processes    
5          31.000000       5.567764        Unweighted events, alpha=0.053617
  => Total parameter prop_binMerSR0fjets_bin5[0.00,-7.00,7.00] to be Gaussian constrained
------------------------------------------------------------
6          1.632341        0.320878        total sum                     
6          1.632045        0.320878        excluding marked processes    
6          26.000000       5.099020        Unweighted events, alpha=0.062782
  => Total parameter prop_binMerSR0fjets_bin6[0.00,-7.00,7.00] to be Gaussian constrained
------------------------------------------------------------
7          1.455825        0.291967        total sum                     
7          1.455330        0.291967        excluding marked processes    
7          25.000000       5.000000        Unweighted events, alpha=0.058233
  => Total parameter prop_binMerSR0fjets_bin7[0.00,-7.00,7.00] to be Gaussian constrained
------------------------------------------------------------
8          2.812388        0.407155        total sum                     
8          2.808860        0.407154        excluding marked processes    
8          48.000000       6.928203        Unweighted events, alpha=0.058591
  => Total parameter prop_binMerSR0fjets_bin8[0.00,-7.00,7.00] to be Gaussian constrained
------------------------------------------------------------
9          2.001997        0.346387        total sum                     
9          1.986736        0.346376        excluding marked processes    
9          33.000000       5.744563        Unweighted events, alpha=0.060667
  => Total parameter prop_binMerSR0fjets_bin9[0.00,-7.00,7.00] to be Gaussian constrained
------------------------------------------------------------
10         1.134024        0.263969        total sum                     
10         1.116409        0.263955        excluding marked processes    
10         18.000000       4.242641        Unweighted events, alpha=0.063001
  => Total parameter prop_binMerSR0fjets_bin10[0.00,-7.00,7.00] to be Gaussian constrained
------------------------------------------------------------
11         0.505251        0.118978        total sum                     
11         0.505251        0.118978        excluding marked processes    
11         18.000000       4.242641        Unweighted events, alpha=0.028069
  => Total parameter prop_binMerSR0fjets_bin11[0.00,-7.00,7.00] to be Gaussian constrained
------------------------------------------------------------
12         0.569649        0.159585        total sum                     
12         0.569649        0.159585        excluding marked processes    
12         13.000000       3.605551        Unweighted events, alpha=0.043819
  => Total parameter prop_binMerSR0fjets_bin12[0.00,-7.00,7.00] to be Gaussian constrained
------------------------------------------------------------
============================================================
Analyzing bin errors for: prop_binMerSRatleast1fjets
Poisson cut-off: 0
Processes excluded for sums: TprimeToTZ_1300
============================================================
Bin        Contents        Error           Notes                         
0          5.380415        1.501128        total sum                     
0          5.380007        1.501128        excluding marked processes    
0          13.000000       3.605551        Unweighted events, alpha=0.413878
  => Total parameter prop_binMerSRatleast1fjets_bin0[0.00,-7.00,7.00] to be Gaussian constrained
------------------------------------------------------------
1          4.626726        0.510289        total sum                     
1          4.624349        0.510288        excluding marked processes    
1          82.000000       9.055385        Unweighted events, alpha=0.056423
  => Total parameter prop_binMerSRatleast1fjets_bin1[0.00,-7.00,7.00] to be Gaussian constrained
------------------------------------------------------------
2          7.093956        0.707970        total sum                     
2          7.091316        0.707969        excluding marked processes    
2          100.000000      10.000000       Unweighted events, alpha=0.070940
  => Total parameter prop_binMerSRatleast1fjets_bin2[0.00,-7.00,7.00] to be Gaussian constrained
------------------------------------------------------------
3          5.808141        0.616433        total sum                     
3          5.804895        0.616431        excluding marked processes    
3          89.000000       9.433981        Unweighted events, alpha=0.065260
  => Total parameter prop_binMerSRatleast1fjets_bin3[0.00,-7.00,7.00] to be Gaussian constrained
------------------------------------------------------------
4          6.553915        1.542427        total sum                     
4          6.548357        1.542426        excluding marked processes    
4          18.000000       4.242641        Unweighted events, alpha=0.364106
  => Total parameter prop_binMerSRatleast1fjets_bin4[0.00,-7.00,7.00] to be Gaussian constrained
------------------------------------------------------------
5          4.352130        0.557934        total sum                     
5          4.345507        0.557930        excluding marked processes    
5          61.000000       7.810250        Unweighted events, alpha=0.071346
  => Total parameter prop_binMerSRatleast1fjets_bin5[0.00,-7.00,7.00] to be Gaussian constrained
------------------------------------------------------------
6          2.954944        0.397780        total sum                     
6          2.948107        0.397776        excluding marked processes    
6          55.000000       7.416198        Unweighted events, alpha=0.053726
  => Total parameter prop_binMerSRatleast1fjets_bin6[0.00,-7.00,7.00] to be Gaussian constrained
------------------------------------------------------------
7          2.701479        0.446382        total sum                     
7          2.692113        0.446376        excluding marked processes    
7          36.000000       6.000000        Unweighted events, alpha=0.075041
  => Total parameter prop_binMerSRatleast1fjets_bin7[0.00,-7.00,7.00] to be Gaussian constrained
------------------------------------------------------------
8          3.463995        2.165939        total sum                     
8          3.416762        2.165934        excluding marked processes    
8          2.000000        1.414214        Unweighted events, alpha=1.731998
  => Total parameter prop_binMerSRatleast1fjets_bin8[0.00,-7.00,7.00] to be Gaussian constrained
------------------------------------------------------------
9          4.138021        1.495863        total sum                     
9          3.963963        1.495834        excluding marked processes    
9          7.000000        2.645751        Unweighted events, alpha=0.591146
  => Total parameter prop_binMerSRatleast1fjets_bin9[0.00,-7.00,7.00] to be Gaussian constrained
------------------------------------------------------------
10         1.697001        0.287166        total sum                     
10         1.558174        0.287047        excluding marked processes    
10         29.000000       5.385165        Unweighted events, alpha=0.058517
  => Total parameter prop_binMerSRatleast1fjets_bin10[0.00,-7.00,7.00] to be Gaussian constrained
------------------------------------------------------------
11         0.441262        0.139084        total sum                     
11         0.437065        0.139078        excluding marked processes    
11         10.000000       3.162278        Unweighted events, alpha=0.044126
  => Total parameter prop_binMerSRatleast1fjets_bin11[0.00,-7.00,7.00] to be Gaussian constrained
------------------------------------------------------------
12         0.179927        0.172987        total sum                     
12         0.179682        0.172987        excluding marked processes    
12         1.000000        1.000000        Unweighted events, alpha=0.179927
  => Total parameter prop_binMerSRatleast1fjets_bin12[0.00,-7.00,7.00] to be Gaussian constrained
------------------------------------------------------------
============================================================
Analyzing bin errors for: prop_binAH
Poisson cut-off: 0
Processes excluded for sums: TprimeToTZ_1300
============================================================
Bin        Contents        Error           Notes                         
0          65291.313887    330.538563      total sum                     
0          65284.027596    330.538557      excluding marked processes    
0          39009.000000    197.506962      Unweighted events, alpha=1.673750
  => Total parameter prop_binAH_bin0[0.00,-7.00,7.00] to be Gaussian constrained
------------------------------------------------------------
1          24525.319059    216.979657      total sum                     
1          24524.400972    216.979656      excluding marked processes    
1          12775.000000    113.026546      Unweighted events, alpha=1.919790
  => Total parameter prop_binAH_bin1[0.00,-7.00,7.00] to be Gaussian constrained
------------------------------------------------------------
2          21463.831410    195.793168      total sum                     
2          21462.767654    195.793167      excluding marked processes    
2          12016.000000    109.617517      Unweighted events, alpha=1.786271
  => Total parameter prop_binAH_bin2[0.00,-7.00,7.00] to be Gaussian constrained
------------------------------------------------------------
3          17303.747675    172.289512      total sum                     
3          17302.594667    172.289510      excluding marked processes    
3          10086.000000    100.429079      Unweighted events, alpha=1.715620
  => Total parameter prop_binAH_bin3[0.00,-7.00,7.00] to be Gaussian constrained
------------------------------------------------------------
4          11937.241228    143.493451      total sum                     
4          11936.102404    143.493449      excluding marked processes    
4          6919.000000     83.180527       Unweighted events, alpha=1.725284
  => Total parameter prop_binAH_bin4[0.00,-7.00,7.00] to be Gaussian constrained
------------------------------------------------------------
5          7899.227287     112.844908      total sum                     
5          7897.951431     112.844905      excluding marked processes    
5          4899.000000     69.992857       Unweighted events, alpha=1.612416
  => Total parameter prop_binAH_bin5[0.00,-7.00,7.00] to be Gaussian constrained
------------------------------------------------------------
6          5235.757123     88.707183       total sum                     
6          5234.433014     88.707179       excluding marked processes    
6          3482.000000     59.008474       Unweighted events, alpha=1.503664
  => Total parameter prop_binAH_bin6[0.00,-7.00,7.00] to be Gaussian constrained
------------------------------------------------------------
7          3487.717445     71.294343       total sum                     
7          3486.426712     71.294339       excluding marked processes    
7          2391.000000     48.897853       Unweighted events, alpha=1.458686
  => Total parameter prop_binAH_bin7[0.00,-7.00,7.00] to be Gaussian constrained
------------------------------------------------------------
8          4094.607198     78.127610       total sum                     
8          4091.745220     78.127601       excluding marked processes    
8          2743.000000     52.373658       Unweighted events, alpha=1.492748
  => Total parameter prop_binAH_bin8[0.00,-7.00,7.00] to be Gaussian constrained
------------------------------------------------------------
9          3315.176624     66.280695       total sum                     
9          3308.546684     66.280671       excluding marked processes    
9          2492.000000     49.919936       Unweighted events, alpha=1.330328
  => Total parameter prop_binAH_bin9[0.00,-7.00,7.00] to be Gaussian constrained
------------------------------------------------------------
10         1229.114557     39.567911       total sum                     
10         1224.536064     39.567883       excluding marked processes    
10         958.000000      30.951575       Unweighted events, alpha=1.283001
  => Total parameter prop_binAH_bin10[0.00,-7.00,7.00] to be Gaussian constrained
------------------------------------------------------------
11         472.619733      23.935434       total sum                     
11         472.332603      23.935431       excluding marked processes    
11         389.000000      19.723083       Unweighted events, alpha=1.214961
  => Total parameter prop_binAH_bin11[0.00,-7.00,7.00] to be Gaussian constrained
------------------------------------------------------------
12         299.197148      17.298607       total sum                     
12         299.149660      17.298606       excluding marked processes    
12         299.000000      17.291616       Unweighted events, alpha=1.000659
  => Total parameter prop_binAH_bin12[0.00,-7.00,7.00] to be Gaussian constrained
------------------------------------------------------------
============================================================
Analyzing bin errors for: prop_binSL
Poisson cut-off: 0
Processes excluded for sums: TprimeToTZ_1300
============================================================
Bin        Contents        Error           Notes                         
0          726264.438753   893.334724      total sum                     
0          726250.345667   893.334719      excluding marked processes    
0          660913.000000   812.965559      Unweighted events, alpha=1.098881
  => Total parameter prop_binSL_bin0[0.00,-7.00,7.00] to be Gaussian constrained
------------------------------------------------------------
1          20602.069487    156.785920      total sum                     
1          20601.442185    156.785919      excluding marked processes    
1          17266.000000    131.400152      Unweighted events, alpha=1.193216
  => Total parameter prop_binSL_bin1[0.00,-7.00,7.00] to be Gaussian constrained
------------------------------------------------------------
2          13897.218478    125.452749      total sum                     
2          13896.546272    125.452748      excluding marked processes    
2          12270.000000    110.770032      Unweighted events, alpha=1.132618
  => Total parameter prop_binSL_bin2[0.00,-7.00,7.00] to be Gaussian constrained
------------------------------------------------------------
3          9200.071152     102.386976      total sum                     
3          9199.454678     102.386974      excluding marked processes    
3          8073.000000     89.849875       Unweighted events, alpha=1.139610
  => Total parameter prop_binSL_bin3[0.00,-7.00,7.00] to be Gaussian constrained
------------------------------------------------------------
4          6071.032302     82.124795       total sum                     
4          6070.418703     82.124793       excluding marked processes    
4          5464.000000     73.918874       Unweighted events, alpha=1.111097
  => Total parameter prop_binSL_bin4[0.00,-7.00,7.00] to be Gaussian constrained
------------------------------------------------------------
5          4049.420334     66.725158       total sum                     
5          4048.889898     66.725156       excluding marked processes    
5          3682.000000     60.679486       Unweighted events, alpha=1.099788
  => Total parameter prop_binSL_bin5[0.00,-7.00,7.00] to be Gaussian constrained
------------------------------------------------------------
6          2849.635176     55.519906       total sum                     
6          2849.106885     55.519903       excluding marked processes    
6          2633.000000     51.312766       Unweighted events, alpha=1.082277
  => Total parameter prop_binSL_bin6[0.00,-7.00,7.00] to be Gaussian constrained
------------------------------------------------------------
7          2134.484906     51.383817       total sum                     
7          2134.003183     51.383814       excluding marked processes    
7          1725.000000     41.533119       Unweighted events, alpha=1.237383
  => Total parameter prop_binSL_bin7[0.00,-7.00,7.00] to be Gaussian constrained
------------------------------------------------------------
8          2544.563427     54.322020       total sum                     
8          2543.695937     54.322015       excluding marked processes    
8          2193.000000     46.829478       Unweighted events, alpha=1.160312
  => Total parameter prop_binSL_bin8[0.00,-7.00,7.00] to be Gaussian constrained
------------------------------------------------------------
9          2097.524110     50.598768       total sum                     
9          2096.293274     50.598762       excluding marked processes    
9          1716.000000     41.424630       Unweighted events, alpha=1.222333
  => Total parameter prop_binSL_bin9[0.00,-7.00,7.00] to be Gaussian constrained
------------------------------------------------------------
10         654.349949      31.123321       total sum                     
10         653.956523      31.123318       excluding marked processes    
10         441.000000      21.000000       Unweighted events, alpha=1.483787
  => Total parameter prop_binSL_bin10[0.00,-7.00,7.00] to be Gaussian constrained
------------------------------------------------------------
11         253.991746      18.596185       total sum                     
11         253.967309      18.596184       excluding marked processes    
11         187.000000      13.674794       Unweighted events, alpha=1.358245
  => Total parameter prop_binSL_bin11[0.00,-7.00,7.00] to be Gaussian constrained
------------------------------------------------------------
12         153.034099      12.522672       total sum                     
12         153.020678      12.522672       excluding marked processes    
12         149.000000      12.206556       Unweighted events, alpha=1.027074
  => Total parameter prop_binSL_bin12[0.00,-7.00,7.00] to be Gaussian constrained
------------------------------------------------------------
============================================================
Analyzing bin errors for: prop_binAH1lWR
Poisson cut-off: 0
Processes excluded for sums: TprimeToTZ_1300
============================================================
Bin        Contents        Error           Notes                         
0          884877.235320   1901.194476     total sum                     
0          884875.876395   1901.194475     excluding marked processes    
0          216627.000000   465.432057      Unweighted events, alpha=4.084797
  => Total parameter prop_binAH1lWR_bin0[0.00,-7.00,7.00] to be Gaussian constrained
------------------------------------------------------------
1          21476.335182    279.221895      total sum                     
1          21476.288300    279.221895      excluding marked processes    
1          5916.000000     76.915538       Unweighted events, alpha=3.630212
  => Total parameter prop_binAH1lWR_bin1[0.00,-7.00,7.00] to be Gaussian constrained
------------------------------------------------------------
2          14032.554433    227.576122      total sum                     
2          14032.517639    227.576122      excluding marked processes    
2          3802.000000     61.660360       Unweighted events, alpha=3.690835
  => Total parameter prop_binAH1lWR_bin2[0.00,-7.00,7.00] to be Gaussian constrained
------------------------------------------------------------
3          9577.086055     185.188429      total sum                     
3          9577.044740     185.188429      excluding marked processes    
3          2674.000000     51.710734       Unweighted events, alpha=3.581558
  => Total parameter prop_binAH1lWR_bin3[0.00,-7.00,7.00] to be Gaussian constrained
------------------------------------------------------------
4          6700.233462     155.601391      total sum                     
4          6700.204440     155.601391      excluding marked processes    
4          1854.000000     43.058100       Unweighted events, alpha=3.613934
  => Total parameter prop_binAH1lWR_bin4[0.00,-7.00,7.00] to be Gaussian constrained
------------------------------------------------------------
5          4294.745359     127.356921      total sum                     
5          4294.717851     127.356921      excluding marked processes    
5          1137.000000     33.719431       Unweighted events, alpha=3.777261
  => Total parameter prop_binAH1lWR_bin5[0.00,-7.00,7.00] to be Gaussian constrained
------------------------------------------------------------
6          3058.358314     105.156712      total sum                     
6          3058.325558     105.156712      excluding marked processes    
6          846.000000      29.086079       Unweighted events, alpha=3.615081
  => Total parameter prop_binAH1lWR_bin6[0.00,-7.00,7.00] to be Gaussian constrained
------------------------------------------------------------
7          2208.316294     88.524460       total sum                     
7          2208.285827     88.524460       excluding marked processes    
7          622.000000      24.939928       Unweighted events, alpha=3.550348
  => Total parameter prop_binAH1lWR_bin7[0.00,-7.00,7.00] to be Gaussian constrained
------------------------------------------------------------
8          2637.131070     95.914345       total sum                     
8          2637.074831     95.914345       excluding marked processes    
8          756.000000      27.495454       Unweighted events, alpha=3.488269
  => Total parameter prop_binAH1lWR_bin8[0.00,-7.00,7.00] to be Gaussian constrained
------------------------------------------------------------
9          2198.427742     88.313567       total sum                     
9          2198.382398     88.313567       excluding marked processes    
9          620.000000      24.899799       Unweighted events, alpha=3.545851
  => Total parameter prop_binAH1lWR_bin9[0.00,-7.00,7.00] to be Gaussian constrained
------------------------------------------------------------
10         743.959147      48.377571       total sum                     
10         743.948133      48.377571       excluding marked processes    
10         236.000000      15.362291       Unweighted events, alpha=3.152369
  => Total parameter prop_binAH1lWR_bin10[0.00,-7.00,7.00] to be Gaussian constrained
------------------------------------------------------------
11         205.491837      26.134509       total sum                     
11         205.489725      26.134509       excluding marked processes    
11         62.000000       7.874008        Unweighted events, alpha=3.314384
  => Total parameter prop_binAH1lWR_bin11[0.00,-7.00,7.00] to be Gaussian constrained
------------------------------------------------------------
12         159.300541      21.495285       total sum                     
12         159.300541      21.495285       excluding marked processes    
12         55.000000       7.416198        Unweighted events, alpha=2.896373
  => Total parameter prop_binAH1lWR_bin12[0.00,-7.00,7.00] to be Gaussian constrained
------------------------------------------------------------
============================================================
Analyzing bin errors for: prop_binAH0lZR
Poisson cut-off: 0
Processes excluded for sums: TprimeToTZ_1300
============================================================
Bin        Contents        Error           Notes                         
0          9163.837705     189.150233      total sum                     
0          9163.823028     189.150233      excluding marked processes    
0          2347.000000     48.445846       Unweighted events, alpha=3.904490
  => Total parameter prop_binAH0lZR_bin0[0.00,-7.00,7.00] to be Gaussian constrained
------------------------------------------------------------
1          5937.425971     156.566665      total sum                     
1          5937.416673     156.566665      excluding marked processes    
1          1438.000000     37.920970       Unweighted events, alpha=4.128947
  => Total parameter prop_binAH0lZR_bin1[0.00,-7.00,7.00] to be Gaussian constrained
------------------------------------------------------------
2          4053.277411     125.909325      total sum                     
2          4053.271305     125.909325      excluding marked processes    
2          1036.000000     32.186954       Unweighted events, alpha=3.912430
  => Total parameter prop_binAH0lZR_bin2[0.00,-7.00,7.00] to be Gaussian constrained
------------------------------------------------------------
3          2324.885657     97.090960       total sum                     
3          2324.877745     97.090960       excluding marked processes    
3          573.000000      23.937418       Unweighted events, alpha=4.057392
  => Total parameter prop_binAH0lZR_bin3[0.00,-7.00,7.00] to be Gaussian constrained
------------------------------------------------------------
4          1576.839492     78.098252       total sum                     
4          1576.830645     78.098252       excluding marked processes    
4          408.000000      20.199010       Unweighted events, alpha=3.864803
  => Total parameter prop_binAH0lZR_bin4[0.00,-7.00,7.00] to be Gaussian constrained
------------------------------------------------------------
5          1166.143385     63.262257       total sum                     
5          1166.130635     63.262257       excluding marked processes    
5          340.000000      18.439089       Unweighted events, alpha=3.429833
  => Total parameter prop_binAH0lZR_bin5[0.00,-7.00,7.00] to be Gaussian constrained
------------------------------------------------------------
6          817.060544      51.482866       total sum                     
6          817.047554      51.482866       excluding marked processes    
6          252.000000      15.874508       Unweighted events, alpha=3.242304
  => Total parameter prop_binAH0lZR_bin6[0.00,-7.00,7.00] to be Gaussian constrained
------------------------------------------------------------
7          463.953541      42.295573       total sum                     
7          463.943010      42.295573       excluding marked processes    
7          120.000000      10.954451       Unweighted events, alpha=3.866280
  => Total parameter prop_binAH0lZR_bin7[0.00,-7.00,7.00] to be Gaussian constrained
------------------------------------------------------------
8          559.688964      45.703655       total sum                     
8          559.665751      45.703654       excluding marked processes    
8          150.000000      12.247449       Unweighted events, alpha=3.731260
  => Total parameter prop_binAH0lZR_bin8[0.00,-7.00,7.00] to be Gaussian constrained
------------------------------------------------------------
9          493.554455      38.974438       total sum                     
9          493.463758      38.974438       excluding marked processes    
9          160.000000      12.649111       Unweighted events, alpha=3.084715
  => Total parameter prop_binAH0lZR_bin9[0.00,-7.00,7.00] to be Gaussian constrained
------------------------------------------------------------
10         283.485051      21.010739       total sum                     
10         283.414934      21.010738       excluding marked processes    
10         182.000000      13.490738       Unweighted events, alpha=1.557610
  => Total parameter prop_binAH0lZR_bin10[0.00,-7.00,7.00] to be Gaussian constrained
------------------------------------------------------------
11         124.499745      11.736612       total sum                     
11         124.498763      11.736612       excluding marked processes    
11         113.000000      10.630146       Unweighted events, alpha=1.101768
  => Total parameter prop_binAH0lZR_bin11[0.00,-7.00,7.00] to be Gaussian constrained
------------------------------------------------------------
12         115.106854      9.993354        total sum                     
12         115.106854      9.993354        excluding marked processes    
12         133.000000      11.532563       Unweighted events, alpha=0.865465
  => Total parameter prop_binAH0lZR_bin12[0.00,-7.00,7.00] to be Gaussian constrained
------------------------------------------------------------
Channel MixSR0fjets will use autoMCStats with settings: event-threshold=0, include-signal=0, hist-mode=1
Channel MixSRatleast1fjets will use autoMCStats with settings: event-threshold=0, include-signal=0, hist-mode=1
Channel MerSR0fjets will use autoMCStats with settings: event-threshold=0, include-signal=0, hist-mode=1
Channel MerSRatleast1fjets will use autoMCStats with settings: event-threshold=0, include-signal=0, hist-mode=1
Channel AH will use autoMCStats with settings: event-threshold=0, include-signal=0, hist-mode=1
Channel SL will use autoMCStats with settings: event-threshold=0, include-signal=0, hist-mode=1
Channel AH1lWR will use autoMCStats with settings: event-threshold=0, include-signal=0, hist-mode=1
Channel AH0lZR will use autoMCStats with settings: event-threshold=0, include-signal=0, hist-mode=1

 -- AsymptoticLimits ( CLs ) --
Observed Limit: r < 6.4104
Expected  2.5%: r < 6.2322
Expected 16.0%: r < 8.4043
Expected 50.0%: r < 11.9062
Expected 84.0%: r < 16.9843
Expected 97.5%: r < 23.1410

Done in 0.01 min (cpu), 0.01 min (real)
