 <<< Combine >>> 
 <<< v10.0.1 >>>
>>> Random number generator seed is 123456
>>> Method used is AsymptoticLimits
============================================================
Analyzing bin errors for: prop_binMixSR0fjets
Poisson cut-off: 0
Processes excluded for sums: TprimeToTZ_1700
============================================================
Bin        Contents        Error           Notes                         
0          35.145068       6.878903        total sum                     
0          35.144960       6.878903        excluding marked processes    
0          26.000000       5.099020        Unweighted events, alpha=1.351733
  => Total parameter prop_binMixSR0fjets_bin0[0.00,-7.00,7.00] to be Gaussian constrained
------------------------------------------------------------
1          27.390836       5.178875        total sum                     
1          27.390836       5.178875        excluding marked processes    
1          28.000000       5.291503        Unweighted events, alpha=0.978244
  => Total parameter prop_binMixSR0fjets_bin1[0.00,-7.00,7.00] to be Gaussian constrained
------------------------------------------------------------
2          9.465983        2.698631        total sum                     
2          9.465945        2.698631        excluding marked processes    
2          12.000000       3.464102        Unweighted events, alpha=0.788832
  => Total parameter prop_binMixSR0fjets_bin2[0.00,-7.00,7.00] to be Gaussian constrained
------------------------------------------------------------
3          4.208434        2.142465        total sum                     
3          4.208434        2.142465        excluding marked processes    
3          4.000000        2.000000        Unweighted events, alpha=1.052109
  => Total parameter prop_binMixSR0fjets_bin3[0.00,-7.00,7.00] to be Gaussian constrained
------------------------------------------------------------
4          3.199645        1.316798        total sum                     
4          3.199575        1.316798        excluding marked processes    
4          6.000000        2.449490        Unweighted events, alpha=0.533274
  => Total parameter prop_binMixSR0fjets_bin4[0.00,-7.00,7.00] to be Gaussian constrained
------------------------------------------------------------
5          0.912484        0.611935        total sum                     
5          0.912484        0.611935        excluding marked processes    
5          2.000000        1.414214        Unweighted events, alpha=0.456242
  => Total parameter prop_binMixSR0fjets_bin5[0.00,-7.00,7.00] to be Gaussian constrained
------------------------------------------------------------
6          0.844485        0.210704        total sum                     
6          0.844485        0.210704        excluding marked processes    
6          16.000000       4.000000        Unweighted events, alpha=0.052780
  => Total parameter prop_binMixSR0fjets_bin6[0.00,-7.00,7.00] to be Gaussian constrained
------------------------------------------------------------
7          0.354936        0.137208        total sum                     
7          0.354936        0.137208        excluding marked processes    
7          7.000000        2.645751        Unweighted events, alpha=0.050705
  => Total parameter prop_binMixSR0fjets_bin7[0.00,-7.00,7.00] to be Gaussian constrained
------------------------------------------------------------
8          0.138353        0.080294        total sum                     
8          0.138232        0.080294        excluding marked processes    
8          3.000000        1.732051        Unweighted events, alpha=0.046118
  => Total parameter prop_binMixSR0fjets_bin8[0.00,-7.00,7.00] to be Gaussian constrained
------------------------------------------------------------
9          0.029316        0.029631        total sum                     
9          0.029286        0.029631        excluding marked processes    
9          1.000000        1.000000        Unweighted events, alpha=0.029316
  => Total parameter prop_binMixSR0fjets_bin9[0.00,-7.00,7.00] to be Gaussian constrained
------------------------------------------------------------
10         0.000000        0.000000        total sum                     
10         0.000000        0.000000        excluding marked processes    
  => Error is zero, ignore      
------------------------------------------------------------
11         0.000000        0.000000        total sum                     
11         0.000000        0.000000        excluding marked processes    
  => Error is zero, ignore      
------------------------------------------------------------
12         0.000000        0.000000        total sum                     
12         0.000000        0.000000        excluding marked processes    
  => Error is zero, ignore      
------------------------------------------------------------
============================================================
Analyzing bin errors for: prop_binMixSRatleast1fjets
Poisson cut-off: 0
Processes excluded for sums: TprimeToTZ_1700
============================================================
Bin        Contents        Error           Notes                         
0          60.626433       9.763850        total sum                     
0          60.626129       9.763850        excluding marked processes    
0          39.000000       6.244998        Unweighted events, alpha=1.554524
  => Total parameter prop_binMixSRatleast1fjets_bin0[0.00,-7.00,7.00] to be Gaussian constrained
------------------------------------------------------------
1          25.589320       6.535731        total sum                     
1          25.588732       6.535731        excluding marked processes    
1          15.000000       3.872983        Unweighted events, alpha=1.705955
  => Total parameter prop_binMixSRatleast1fjets_bin1[0.00,-7.00,7.00] to be Gaussian constrained
------------------------------------------------------------
2          17.108809       2.599171        total sum                     
2          17.108376       2.599171        excluding marked processes    
2          43.000000       6.557439        Unweighted events, alpha=0.397879
  => Total parameter prop_binMixSRatleast1fjets_bin2[0.00,-7.00,7.00] to be Gaussian constrained
------------------------------------------------------------
3          7.074512        2.528504        total sum                     
3          7.074386        2.528504        excluding marked processes    
3          8.000000        2.828427        Unweighted events, alpha=0.884314
  => Total parameter prop_binMixSRatleast1fjets_bin3[0.00,-7.00,7.00] to be Gaussian constrained
------------------------------------------------------------
4          5.702567        1.750413        total sum                     
4          5.702241        1.750413        excluding marked processes    
4          11.000000       3.316625        Unweighted events, alpha=0.518415
  => Total parameter prop_binMixSRatleast1fjets_bin4[0.00,-7.00,7.00] to be Gaussian constrained
------------------------------------------------------------
5          2.697855        1.231283        total sum                     
5          2.697603        1.231282        excluding marked processes    
5          5.000000        2.236068        Unweighted events, alpha=0.539571
  => Total parameter prop_binMixSRatleast1fjets_bin5[0.00,-7.00,7.00] to be Gaussian constrained
------------------------------------------------------------
6          0.757736        0.208569        total sum                     
6          0.757576        0.208569        excluding marked processes    
6          13.000000       3.605551        Unweighted events, alpha=0.058287
  => Total parameter prop_binMixSRatleast1fjets_bin6[0.00,-7.00,7.00] to be Gaussian constrained
------------------------------------------------------------
7          0.495674        0.144972        total sum                     
7          0.495277        0.144972        excluding marked processes    
7          12.000000       3.464102        Unweighted events, alpha=0.041306
  => Total parameter prop_binMixSRatleast1fjets_bin7[0.00,-7.00,7.00] to be Gaussian constrained
------------------------------------------------------------
8          0.226761        0.089276        total sum                     
8          0.226186        0.089276        excluding marked processes    
8          6.000000        2.449490        Unweighted events, alpha=0.037793
  => Total parameter prop_binMixSRatleast1fjets_bin8[0.00,-7.00,7.00] to be Gaussian constrained
------------------------------------------------------------
9          0.114734        0.052278        total sum                     
9          0.114530        0.052278        excluding marked processes    
9          5.000000        2.236068        Unweighted events, alpha=0.022947
  => Total parameter prop_binMixSRatleast1fjets_bin9[0.00,-7.00,7.00] to be Gaussian constrained
------------------------------------------------------------
10         0.004152        0.007140        total sum                     
10         0.004152        0.007140        excluding marked processes    
10         0.000000        0.000000        Unweighted events, alpha=inf  
  => Number of weighted events is below Poisson threshold
    WJets                0.000000        0.000000                                      
      => Error is zero, ignore      
  ----------------------------------------------------------
    TT                   0.000000        0.000000                                      
      => Error is zero, ignore      
  ----------------------------------------------------------
    ZJets                0.004152        0.007140                                      
      => Poisson not viable, prop_binMixSRatleast1fjets_bin10_ZJets[0.00,-7.00,7.00] to be Gaussian constrained
  ----------------------------------------------------------
    TprimeToTZ_1700      0.000000        0.000000                                      
      => Error is zero, ignore      
  ----------------------------------------------------------
------------------------------------------------------------
11         0.000033        0.000033        total sum                     
11         0.000000        0.000000        excluding marked processes    
  => Error is zero, ignore      
------------------------------------------------------------
12         0.000000        0.000000        total sum                     
12         0.000000        0.000000        excluding marked processes    
  => Error is zero, ignore      
------------------------------------------------------------
============================================================
Analyzing bin errors for: prop_binMerSR0fjets
Poisson cut-off: 0
Processes excluded for sums: TprimeToTZ_1700
============================================================
Bin        Contents        Error           Notes                         
0          1.690758        0.856996        total sum                     
0          1.690758        0.856996        excluding marked processes    
0          4.000000        2.000000        Unweighted events, alpha=0.422690
  => Total parameter prop_binMerSR0fjets_bin0[0.00,-7.00,7.00] to be Gaussian constrained
------------------------------------------------------------
1          1.543936        0.272968        total sum                     
1          1.543936        0.272968        excluding marked processes    
1          32.000000       5.656854        Unweighted events, alpha=0.048248
  => Total parameter prop_binMerSR0fjets_bin1[0.00,-7.00,7.00] to be Gaussian constrained
------------------------------------------------------------
2          1.422383        0.268646        total sum                     
2          1.422383        0.268646        excluding marked processes    
2          28.000000       5.291503        Unweighted events, alpha=0.050799
  => Total parameter prop_binMerSR0fjets_bin2[0.00,-7.00,7.00] to be Gaussian constrained
------------------------------------------------------------
3          0.919642        0.217898        total sum                     
3          0.919642        0.217898        excluding marked processes    
3          18.000000       4.242641        Unweighted events, alpha=0.051091
  => Total parameter prop_binMerSR0fjets_bin3[0.00,-7.00,7.00] to be Gaussian constrained
------------------------------------------------------------
4          1.343960        0.276156        total sum                     
4          1.343960        0.276156        excluding marked processes    
4          24.000000       4.898979        Unweighted events, alpha=0.055998
  => Total parameter prop_binMerSR0fjets_bin4[0.00,-7.00,7.00] to be Gaussian constrained
------------------------------------------------------------
5          0.915841        0.212161        total sum                     
5          0.915786        0.212161        excluding marked processes    
5          19.000000       4.358899        Unweighted events, alpha=0.048202
  => Total parameter prop_binMerSR0fjets_bin5[0.00,-7.00,7.00] to be Gaussian constrained
------------------------------------------------------------
6          0.611272        0.185178        total sum                     
6          0.611201        0.185178        excluding marked processes    
6          11.000000       3.316625        Unweighted events, alpha=0.055570
  => Total parameter prop_binMerSR0fjets_bin6[0.00,-7.00,7.00] to be Gaussian constrained
------------------------------------------------------------
7          0.765693        0.203696        total sum                     
7          0.765622        0.203696        excluding marked processes    
7          14.000000       3.741657        Unweighted events, alpha=0.054692
  => Total parameter prop_binMerSR0fjets_bin7[0.00,-7.00,7.00] to be Gaussian constrained
------------------------------------------------------------
8          1.631682        0.297165        total sum                     
8          1.631556        0.297165        excluding marked processes    
8          30.000000       5.477226        Unweighted events, alpha=0.054389
  => Total parameter prop_binMerSR0fjets_bin8[0.00,-7.00,7.00] to be Gaussian constrained
------------------------------------------------------------
9          0.860601        0.220914        total sum                     
9          0.859942        0.220914        excluding marked processes    
9          15.000000       3.872983        Unweighted events, alpha=0.057373
  => Total parameter prop_binMerSR0fjets_bin9[0.00,-7.00,7.00] to be Gaussian constrained
------------------------------------------------------------
10         0.293914        0.141966        total sum                     
10         0.291939        0.141965        excluding marked processes    
10         4.000000        2.000000        Unweighted events, alpha=0.073479
  => Total parameter prop_binMerSR0fjets_bin10[0.00,-7.00,7.00] to be Gaussian constrained
------------------------------------------------------------
11         0.213606        0.061552        total sum                     
11         0.209466        0.061549        excluding marked processes    
11         12.000000       3.464102        Unweighted events, alpha=0.017801
  => Total parameter prop_binMerSR0fjets_bin11[0.00,-7.00,7.00] to be Gaussian constrained
------------------------------------------------------------
12         0.246701        0.088961        total sum                     
12         0.242390        0.088960        excluding marked processes    
12         7.000000        2.645751        Unweighted events, alpha=0.035243
  => Total parameter prop_binMerSR0fjets_bin12[0.00,-7.00,7.00] to be Gaussian constrained
------------------------------------------------------------
============================================================
Analyzing bin errors for: prop_binMerSRatleast1fjets
Poisson cut-off: 0
Processes excluded for sums: TprimeToTZ_1700
============================================================
Bin        Contents        Error           Notes                         
0          2.211703        0.368049        total sum                     
0          2.211703        0.368049        excluding marked processes    
0          36.000000       6.000000        Unweighted events, alpha=0.061436
  => Total parameter prop_binMerSRatleast1fjets_bin0[0.00,-7.00,7.00] to be Gaussian constrained
------------------------------------------------------------
1          1.992710        0.301912        total sum                     
1          1.992710        0.301912        excluding marked processes    
1          44.000000       6.633250        Unweighted events, alpha=0.045289
  => Total parameter prop_binMerSRatleast1fjets_bin1[0.00,-7.00,7.00] to be Gaussian constrained
------------------------------------------------------------
2          3.139555        0.400903        total sum                     
2          3.139445        0.400903        excluding marked processes    
2          61.000000       7.810250        Unweighted events, alpha=0.051468
  => Total parameter prop_binMerSRatleast1fjets_bin2[0.00,-7.00,7.00] to be Gaussian constrained
------------------------------------------------------------
3          2.399228        0.358886        total sum                     
3          2.399179        0.358886        excluding marked processes    
3          45.000000       6.708204        Unweighted events, alpha=0.053316
  => Total parameter prop_binMerSRatleast1fjets_bin3[0.00,-7.00,7.00] to be Gaussian constrained
------------------------------------------------------------
4          4.250984        1.483728        total sum                     
4          4.250727        1.483728        excluding marked processes    
4          8.000000        2.828427        Unweighted events, alpha=0.531373
  => Total parameter prop_binMerSRatleast1fjets_bin4[0.00,-7.00,7.00] to be Gaussian constrained
------------------------------------------------------------
5          1.723124        0.327604        total sum                     
5          1.722845        0.327604        excluding marked processes    
5          28.000000       5.291503        Unweighted events, alpha=0.061540
  => Total parameter prop_binMerSRatleast1fjets_bin5[0.00,-7.00,7.00] to be Gaussian constrained
------------------------------------------------------------
6          1.483496        0.262741        total sum                     
6          1.483103        0.262741        excluding marked processes    
6          32.000000       5.656854        Unweighted events, alpha=0.046359
  => Total parameter prop_binMerSRatleast1fjets_bin6[0.00,-7.00,7.00] to be Gaussian constrained
------------------------------------------------------------
7          0.945574        0.213172        total sum                     
7          0.944715        0.213172        excluding marked processes    
7          20.000000       4.472136        Unweighted events, alpha=0.047279
  => Total parameter prop_binMerSRatleast1fjets_bin7[0.00,-7.00,7.00] to be Gaussian constrained
------------------------------------------------------------
8          1.163699        0.272219        total sum                     
8          1.162850        0.272219        excluding marked processes    
8          18.000000       4.242641        Unweighted events, alpha=0.064650
  => Total parameter prop_binMerSRatleast1fjets_bin8[0.00,-7.00,7.00] to be Gaussian constrained
------------------------------------------------------------
9          2.506902        1.446693        total sum                     
9          2.502897        1.446693        excluding marked processes    
9          3.000000        1.732051        Unweighted events, alpha=0.835634
  => Total parameter prop_binMerSRatleast1fjets_bin9[0.00,-7.00,7.00] to be Gaussian constrained
------------------------------------------------------------
10         0.721723        0.164867        total sum                     
10         0.709271        0.164864        excluding marked processes    
10         19.000000       4.358899        Unweighted events, alpha=0.037985
  => Total parameter prop_binMerSRatleast1fjets_bin10[0.00,-7.00,7.00] to be Gaussian constrained
------------------------------------------------------------
11         0.209694        0.095752        total sum                     
11         0.183553        0.095742        excluding marked processes    
11         4.000000        2.000000        Unweighted events, alpha=0.052423
  => Total parameter prop_binMerSRatleast1fjets_bin11[0.00,-7.00,7.00] to be Gaussian constrained
------------------------------------------------------------
12         0.172460        0.120725        total sum                     
12         0.151497        0.120718        excluding marked processes    
12         2.000000        1.414214        Unweighted events, alpha=0.086230
  => Total parameter prop_binMerSRatleast1fjets_bin12[0.00,-7.00,7.00] to be Gaussian constrained
------------------------------------------------------------
============================================================
Analyzing bin errors for: prop_binAH
Poisson cut-off: 0
Processes excluded for sums: TprimeToTZ_1700
============================================================
Bin        Contents        Error           Notes                         
0          43352.935550    253.995779      total sum                     
0          43352.054565    253.995779      excluding marked processes    
0          29132.000000    170.680989      Unweighted events, alpha=1.488155
  => Total parameter prop_binAH_bin0[0.00,-7.00,7.00] to be Gaussian constrained
------------------------------------------------------------
1          10539.021931    121.702015      total sum                     
1          10538.965542    121.702015      excluding marked processes    
1          7499.000000     86.596767       Unweighted events, alpha=1.405390
  => Total parameter prop_binAH_bin1[0.00,-7.00,7.00] to be Gaussian constrained
------------------------------------------------------------
2          9260.791182     110.604787      total sum                     
2          9260.724777     110.604787      excluding marked processes    
2          7010.000000     83.725743       Unweighted events, alpha=1.321083
  => Total parameter prop_binAH_bin2[0.00,-7.00,7.00] to be Gaussian constrained
------------------------------------------------------------
3          7737.283423     102.964822      total sum                     
3          7737.218593     102.964822      excluding marked processes    
3          5647.000000     75.146524       Unweighted events, alpha=1.370158
  => Total parameter prop_binAH_bin3[0.00,-7.00,7.00] to be Gaussian constrained
------------------------------------------------------------
4          5487.519413     86.114455       total sum                     
4          5487.449291     86.114455       excluding marked processes    
4          4061.000000     63.725976       Unweighted events, alpha=1.351273
  => Total parameter prop_binAH_bin4[0.00,-7.00,7.00] to be Gaussian constrained
------------------------------------------------------------
5          3528.041355     66.268864       total sum                     
5          3527.966753     66.268864       excluding marked processes    
5          2834.000000     53.235327       Unweighted events, alpha=1.244898
  => Total parameter prop_binAH_bin5[0.00,-7.00,7.00] to be Gaussian constrained
------------------------------------------------------------
6          2395.036946     53.768932       total sum                     
6          2394.961119     53.768932       excluding marked processes    
6          1984.000000     44.542115       Unweighted events, alpha=1.207176
  => Total parameter prop_binAH_bin6[0.00,-7.00,7.00] to be Gaussian constrained
------------------------------------------------------------
7          1497.515349     42.875291       total sum                     
7          1497.435934     42.875291       excluding marked processes    
7          1220.000000     34.928498       Unweighted events, alpha=1.227472
  => Total parameter prop_binAH_bin7[0.00,-7.00,7.00] to be Gaussian constrained
------------------------------------------------------------
8          1707.639561     39.875545       total sum                     
8          1707.468163     39.875545       excluding marked processes    
8          1834.000000     42.825226       Unweighted events, alpha=0.931101
  => Total parameter prop_binAH_bin8[0.00,-7.00,7.00] to be Gaussian constrained
------------------------------------------------------------
9          1400.797514     35.949100       total sum                     
9          1400.453701     35.949100       excluding marked processes    
9          1518.000000     38.961519       Unweighted events, alpha=0.922792
  => Total parameter prop_binAH_bin9[0.00,-7.00,7.00] to be Gaussian constrained
------------------------------------------------------------
10         489.051130      20.924115       total sum                     
10         488.711151      20.924115       excluding marked processes    
10         546.000000      23.366643       Unweighted events, alpha=0.895698
  => Total parameter prop_binAH_bin10[0.00,-7.00,7.00] to be Gaussian constrained
------------------------------------------------------------
11         205.871848      13.710214       total sum                     
11         205.441551      13.710213       excluding marked processes    
11         225.000000      15.000000       Unweighted events, alpha=0.914986
  => Total parameter prop_binAH_bin11[0.00,-7.00,7.00] to be Gaussian constrained
------------------------------------------------------------
12         136.896582      11.000212       total sum                     
12         136.553569      11.000210       excluding marked processes    
12         154.000000      12.409674       Unweighted events, alpha=0.888939
  => Total parameter prop_binAH_bin12[0.00,-7.00,7.00] to be Gaussian constrained
------------------------------------------------------------
============================================================
Analyzing bin errors for: prop_binSL
Poisson cut-off: 0
Processes excluded for sums: TprimeToTZ_1700
============================================================
Bin        Contents        Error           Notes                         
0          561209.342736   800.044566      total sum                     
0          561207.887474   800.044566      excluding marked processes    
0          492061.000000   701.470598      Unweighted events, alpha=1.140528
  => Total parameter prop_binSL_bin0[0.00,-7.00,7.00] to be Gaussian constrained
------------------------------------------------------------
1          8683.669111     87.269902       total sum                     
1          8683.618724     87.269902       excluding marked processes    
1          9901.000000     99.503769       Unweighted events, alpha=0.877050
  => Total parameter prop_binSL_bin1[0.00,-7.00,7.00] to be Gaussian constrained
------------------------------------------------------------
2          5928.805855     72.016597       total sum                     
2          5928.753444     72.016596       excluding marked processes    
2          6777.000000     82.322536       Unweighted events, alpha=0.874842
  => Total parameter prop_binSL_bin2[0.00,-7.00,7.00] to be Gaussian constrained
------------------------------------------------------------
3          3828.232644     58.594356       total sum                     
3          3828.187367     58.594356       excluding marked processes    
3          4268.000000     65.329932       Unweighted events, alpha=0.896962
  => Total parameter prop_binSL_bin3[0.00,-7.00,7.00] to be Gaussian constrained
------------------------------------------------------------
4          2553.707574     46.010535       total sum                     
4          2553.658411     46.010535       excluding marked processes    
4          3080.000000     55.497748       Unweighted events, alpha=0.829126
  => Total parameter prop_binSL_bin4[0.00,-7.00,7.00] to be Gaussian constrained
------------------------------------------------------------
5          1651.658322     37.737312       total sum                     
5          1651.610043     37.737312       excluding marked processes    
5          1915.000000     43.760713       Unweighted events, alpha=0.862485
  => Total parameter prop_binSL_bin5[0.00,-7.00,7.00] to be Gaussian constrained
------------------------------------------------------------
6          1199.215052     31.675425       total sum                     
6          1199.174836     31.675425       excluding marked processes    
6          1433.000000     37.854986       Unweighted events, alpha=0.836856
  => Total parameter prop_binSL_bin6[0.00,-7.00,7.00] to be Gaussian constrained
------------------------------------------------------------
7          883.523958      28.057618       total sum                     
7          883.482960      28.057618       excluding marked processes    
7          992.000000      31.496031       Unweighted events, alpha=0.890649
  => Total parameter prop_binSL_bin7[0.00,-7.00,7.00] to be Gaussian constrained
------------------------------------------------------------
8          1067.571467     29.677507       total sum                     
8          1067.491162     29.677507       excluding marked processes    
8          1294.000000     35.972211       Unweighted events, alpha=0.825017
  => Total parameter prop_binSL_bin8[0.00,-7.00,7.00] to be Gaussian constrained
------------------------------------------------------------
9          850.381032      27.094738       total sum                     
9          850.251496      27.094738       excluding marked processes    
9          985.000000      31.384710       Unweighted events, alpha=0.863331
  => Total parameter prop_binSL_bin9[0.00,-7.00,7.00] to be Gaussian constrained
------------------------------------------------------------
10         254.536103      17.161032       total sum                     
10         254.439943      17.161032       excluding marked processes    
10         220.000000      14.832397       Unweighted events, alpha=1.156982
  => Total parameter prop_binSL_bin10[0.00,-7.00,7.00] to be Gaussian constrained
------------------------------------------------------------
11         109.783847      10.528310       total sum                     
11         109.714246      10.528309       excluding marked processes    
11         109.000000      10.440307       Unweighted events, alpha=1.007191
  => Total parameter prop_binSL_bin11[0.00,-7.00,7.00] to be Gaussian constrained
------------------------------------------------------------
12         69.874952       9.363400        total sum                     
12         69.845036       9.363400        excluding marked processes    
12         56.000000       7.483315        Unweighted events, alpha=1.247767
  => Total parameter prop_binSL_bin12[0.00,-7.00,7.00] to be Gaussian constrained
------------------------------------------------------------
============================================================
Analyzing bin errors for: prop_binAH1lWR
Poisson cut-off: 0
Processes excluded for sums: TprimeToTZ_1700
============================================================
Bin        Contents        Error           Notes                         
0          695434.040700   1566.924524     total sum                     
0          695433.887407   1566.924524     excluding marked processes    
0          196977.000000   443.820910      Unweighted events, alpha=3.530534
  => Total parameter prop_binAH1lWR_bin0[0.00,-7.00,7.00] to be Gaussian constrained
------------------------------------------------------------
1          9232.374423     167.123882      total sum                     
1          9232.370956     167.123882      excluding marked processes    
1          3052.000000     55.244909       Unweighted events, alpha=3.025024
  => Total parameter prop_binAH1lWR_bin1[0.00,-7.00,7.00] to be Gaussian constrained
------------------------------------------------------------
2          6008.349191     137.667668      total sum                     
2          6008.346542     137.667668      excluding marked processes    
2          1905.000000     43.646306       Unweighted events, alpha=3.153989
  => Total parameter prop_binAH1lWR_bin2[0.00,-7.00,7.00] to be Gaussian constrained
------------------------------------------------------------
3          4050.958432     110.934651      total sum                     
3          4050.955461     110.934651      excluding marked processes    
3          1333.000000     36.510273       Unweighted events, alpha=3.038979
  => Total parameter prop_binAH1lWR_bin3[0.00,-7.00,7.00] to be Gaussian constrained
------------------------------------------------------------
4          2837.236023     93.180541       total sum                     
4          2837.233389     93.180541       excluding marked processes    
4          927.000000      30.446675       Unweighted events, alpha=3.060665
  => Total parameter prop_binAH1lWR_bin4[0.00,-7.00,7.00] to be Gaussian constrained
------------------------------------------------------------
5          1732.164785     75.666054       total sum                     
5          1732.161591     75.666054       excluding marked processes    
5          524.000000      22.891046       Unweighted events, alpha=3.305658
  => Total parameter prop_binAH1lWR_bin5[0.00,-7.00,7.00] to be Gaussian constrained
------------------------------------------------------------
6          1371.736597     62.784123       total sum                     
6          1371.734408     62.784123       excluding marked processes    
6          477.000000      21.840330       Unweighted events, alpha=2.875758
  => Total parameter prop_binAH1lWR_bin6[0.00,-7.00,7.00] to be Gaussian constrained
------------------------------------------------------------
7          982.246122      52.010549       total sum                     
7          982.243290      52.010549       excluding marked processes    
7          357.000000      18.894444       Unweighted events, alpha=2.751390
  => Total parameter prop_binAH1lWR_bin7[0.00,-7.00,7.00] to be Gaussian constrained
------------------------------------------------------------
8          1079.401857     58.853629       total sum                     
8          1079.398437     58.853629       excluding marked processes    
8          336.000000      18.330303       Unweighted events, alpha=3.212506
  => Total parameter prop_binAH1lWR_bin8[0.00,-7.00,7.00] to be Gaussian constrained
------------------------------------------------------------
9          992.271900      54.163184       total sum                     
9          992.267067      54.163184       excluding marked processes    
9          336.000000      18.330303       Unweighted events, alpha=2.953190
  => Total parameter prop_binAH1lWR_bin9[0.00,-7.00,7.00] to be Gaussian constrained
------------------------------------------------------------
10         334.437245      29.333247       total sum                     
10         334.434177      29.333247       excluding marked processes    
10         130.000000      11.401754       Unweighted events, alpha=2.572594
  => Total parameter prop_binAH1lWR_bin10[0.00,-7.00,7.00] to be Gaussian constrained
------------------------------------------------------------
11         113.894985      16.193274       total sum                     
11         113.893123      16.193274       excluding marked processes    
11         49.000000       7.000000        Unweighted events, alpha=2.324387
  => Total parameter prop_binAH1lWR_bin11[0.00,-7.00,7.00] to be Gaussian constrained
------------------------------------------------------------
12         65.040386       15.059600       total sum                     
12         65.040112       15.059600       excluding marked processes    
12         19.000000       4.358899        Unweighted events, alpha=3.423178
  => Total parameter prop_binAH1lWR_bin12[0.00,-7.00,7.00] to be Gaussian constrained
------------------------------------------------------------
============================================================
Analyzing bin errors for: prop_binAH0lZR
Poisson cut-off: 0
Processes excluded for sums: TprimeToTZ_1700
============================================================
Bin        Contents        Error           Notes                         
0          4659.376062     127.633560      total sum                     
0          4659.375432     127.633560      excluding marked processes    
0          1333.000000     36.510273       Unweighted events, alpha=3.495406
  => Total parameter prop_binAH0lZR_bin0[0.00,-7.00,7.00] to be Gaussian constrained
------------------------------------------------------------
1          2660.923424     95.574278       total sum                     
1          2660.922619     95.574278       excluding marked processes    
1          775.000000      27.838822       Unweighted events, alpha=3.433450
  => Total parameter prop_binAH0lZR_bin1[0.00,-7.00,7.00] to be Gaussian constrained
------------------------------------------------------------
2          1734.611124     76.101573       total sum                     
2          1734.610556     76.101573       excluding marked processes    
2          520.000000      22.803509       Unweighted events, alpha=3.335791
  => Total parameter prop_binAH0lZR_bin2[0.00,-7.00,7.00] to be Gaussian constrained
------------------------------------------------------------
3          1040.038020     60.021092       total sum                     
3          1040.037673     60.021092       excluding marked processes    
3          300.000000      17.320508       Unweighted events, alpha=3.466793
  => Total parameter prop_binAH0lZR_bin3[0.00,-7.00,7.00] to be Gaussian constrained
------------------------------------------------------------
4          725.818060      48.282115       total sum                     
4          725.817485      48.282115       excluding marked processes    
4          226.000000      15.033296       Unweighted events, alpha=3.211584
  => Total parameter prop_binAH0lZR_bin4[0.00,-7.00,7.00] to be Gaussian constrained
------------------------------------------------------------
5          546.063623      39.586770       total sum                     
5          546.063294      39.586770       excluding marked processes    
5          190.000000      13.784049       Unweighted events, alpha=2.874019
  => Total parameter prop_binAH0lZR_bin5[0.00,-7.00,7.00] to be Gaussian constrained
------------------------------------------------------------
6          365.734909      30.901321       total sum                     
6          365.734643      30.901321       excluding marked processes    
6          140.000000      11.832160       Unweighted events, alpha=2.612392
  => Total parameter prop_binAH0lZR_bin6[0.00,-7.00,7.00] to be Gaussian constrained
------------------------------------------------------------
7          182.277637      26.317879       total sum                     
7          182.276944      26.317879       excluding marked processes    
7          48.000000       6.928203        Unweighted events, alpha=3.797451
  => Total parameter prop_binAH0lZR_bin7[0.00,-7.00,7.00] to be Gaussian constrained
------------------------------------------------------------
8          228.765447      27.189916       total sum                     
8          228.763505      27.189916       excluding marked processes    
8          71.000000       8.426150        Unweighted events, alpha=3.222049
  => Total parameter prop_binAH0lZR_bin8[0.00,-7.00,7.00] to be Gaussian constrained
------------------------------------------------------------
9          240.331444      23.570430       total sum                     
9          240.328207      23.570430       excluding marked processes    
9          104.000000      10.198039       Unweighted events, alpha=2.310879
  => Total parameter prop_binAH0lZR_bin9[0.00,-7.00,7.00] to be Gaussian constrained
------------------------------------------------------------
10         124.997169      12.535054       total sum                     
10         124.992148      12.535054       excluding marked processes    
10         99.000000       9.949874        Unweighted events, alpha=1.262598
  => Total parameter prop_binAH0lZR_bin10[0.00,-7.00,7.00] to be Gaussian constrained
------------------------------------------------------------
11         57.631576       7.597570        total sum                     
11         57.625924       7.597570        excluding marked processes    
11         58.000000       7.615773        Unweighted events, alpha=0.993648
  => Total parameter prop_binAH0lZR_bin11[0.00,-7.00,7.00] to be Gaussian constrained
------------------------------------------------------------
12         49.997530       5.652064        total sum                     
12         49.993668       5.652064        excluding marked processes    
12         78.000000       8.831761        Unweighted events, alpha=0.640994
  => Total parameter prop_binAH0lZR_bin12[0.00,-7.00,7.00] to be Gaussian constrained
------------------------------------------------------------
Channel MixSR0fjets will use autoMCStats with settings: event-threshold=0, include-signal=0, hist-mode=1
Channel MixSRatleast1fjets will use autoMCStats with settings: event-threshold=0, include-signal=0, hist-mode=1
Channel MerSR0fjets will use autoMCStats with settings: event-threshold=0, include-signal=0, hist-mode=1
Channel MerSRatleast1fjets will use autoMCStats with settings: event-threshold=0, include-signal=0, hist-mode=1
Channel AH will use autoMCStats with settings: event-threshold=0, include-signal=0, hist-mode=1
Channel SL will use autoMCStats with settings: event-threshold=0, include-signal=0, hist-mode=1
Channel AH1lWR will use autoMCStats with settings: event-threshold=0, include-signal=0, hist-mode=1
Channel AH0lZR will use autoMCStats with settings: event-threshold=0, include-signal=0, hist-mode=1

 -- AsymptoticLimits ( CLs ) --
Observed Limit: r < 24.6962
Expected  2.5%: r < 16.2114
Expected 16.0%: r < 23.0645
Expected 50.0%: r < 34.8750
Expected 84.0%: r < 52.8077
Expected 97.5%: r < 75.4772

Done in 0.01 min (cpu), 0.01 min (real)
