 <<< Combine >>> 
 <<< v10.0.1 >>>
>>> Random number generator seed is 123456
>>> Method used is AsymptoticLimits
============================================================
Analyzing bin errors for: prop_binMixSR0fjets
Poisson cut-off: 0
Processes excluded for sums: TprimeToTZ_1400
============================================================
Bin        Contents        Error           Notes                         
0          250.369512      42.123563       total sum                     
0          250.368695      42.123563       excluding marked processes    
0          35.000000       5.916080        Unweighted events, alpha=7.153415
  => Total parameter prop_binMixSR0fjets_bin0[0.00,-7.00,7.00] to be Gaussian constrained
------------------------------------------------------------
1          178.943229      29.413711       total sum                     
1          178.942101      29.413711       excluding marked processes    
1          37.000000       6.082763        Unweighted events, alpha=4.836303
  => Total parameter prop_binMixSR0fjets_bin1[0.00,-7.00,7.00] to be Gaussian constrained
------------------------------------------------------------
2          68.999711       16.408262       total sum                     
2          68.996317       16.408262       excluding marked processes    
2          18.000000       4.242641        Unweighted events, alpha=3.833317
  => Total parameter prop_binMixSR0fjets_bin2[0.00,-7.00,7.00] to be Gaussian constrained
------------------------------------------------------------
3          34.493045       13.490160       total sum                     
3          34.491632       13.490160       excluding marked processes    
3          7.000000        2.645751        Unweighted events, alpha=4.927578
  => Total parameter prop_binMixSR0fjets_bin3[0.00,-7.00,7.00] to be Gaussian constrained
------------------------------------------------------------
4          22.279044       7.453568        total sum                     
4          22.276996       7.453567        excluding marked processes    
4          9.000000        3.000000        Unweighted events, alpha=2.475449
  => Total parameter prop_binMixSR0fjets_bin4[0.00,-7.00,7.00] to be Gaussian constrained
------------------------------------------------------------
5          10.308212       6.661062        total sum                     
5          10.307041       6.661062        excluding marked processes    
5          2.000000        1.414214        Unweighted events, alpha=5.154106
  => Total parameter prop_binMixSR0fjets_bin5[0.00,-7.00,7.00] to be Gaussian constrained
------------------------------------------------------------
6          5.540654        1.239891        total sum                     
6          5.539069        1.239890        excluding marked processes    
6          20.000000       4.472136        Unweighted events, alpha=0.277033
  => Total parameter prop_binMixSR0fjets_bin6[0.00,-7.00,7.00] to be Gaussian constrained
------------------------------------------------------------
7          2.667801        0.870685        total sum                     
7          2.667801        0.870685        excluding marked processes    
7          9.000000        3.000000        Unweighted events, alpha=0.296422
  => Total parameter prop_binMixSR0fjets_bin7[0.00,-7.00,7.00] to be Gaussian constrained
------------------------------------------------------------
8          0.844692        0.443290        total sum                     
8          0.844692        0.443290        excluding marked processes    
8          4.000000        2.000000        Unweighted events, alpha=0.211173
  => Total parameter prop_binMixSR0fjets_bin8[0.00,-7.00,7.00] to be Gaussian constrained
------------------------------------------------------------
9          0.322986        0.206085        total sum                     
9          0.318593        0.206069        excluding marked processes    
9          2.000000        1.414214        Unweighted events, alpha=0.161493
  => Total parameter prop_binMixSR0fjets_bin9[0.00,-7.00,7.00] to be Gaussian constrained
------------------------------------------------------------
10         0.000000        0.000000        total sum                     
10         0.000000        0.000000        excluding marked processes    
  => Error is zero, ignore      
------------------------------------------------------------
11         0.000000        0.000000        total sum                     
11         0.000000        0.000000        excluding marked processes    
  => Error is zero, ignore      
------------------------------------------------------------
12         0.000000        0.000000        total sum                     
12         0.000000        0.000000        excluding marked processes    
  => Error is zero, ignore      
------------------------------------------------------------
============================================================
Analyzing bin errors for: prop_binMixSRatleast1fjets
Poisson cut-off: 0
Processes excluded for sums: TprimeToTZ_1400
============================================================
Bin        Contents        Error           Notes                         
0          377.108483      54.423105       total sum                     
0          377.103600      54.423105       excluding marked processes    
0          48.000000       6.928203        Unweighted events, alpha=7.856427
  => Total parameter prop_binMixSRatleast1fjets_bin0[0.00,-7.00,7.00] to be Gaussian constrained
------------------------------------------------------------
1          161.117992      35.260487       total sum                     
1          161.110242      35.260487       excluding marked processes    
1          21.000000       4.582576        Unweighted events, alpha=7.672285
  => Total parameter prop_binMixSRatleast1fjets_bin1[0.00,-7.00,7.00] to be Gaussian constrained
------------------------------------------------------------
2          109.934330      14.688173       total sum                     
2          109.926115      14.688173       excluding marked processes    
2          56.000000       7.483315        Unweighted events, alpha=1.963113
  => Total parameter prop_binMixSRatleast1fjets_bin2[0.00,-7.00,7.00] to be Gaussian constrained
------------------------------------------------------------
3          48.549025       13.690273       total sum                     
3          48.535579       13.690272       excluding marked processes    
3          13.000000       3.605551        Unweighted events, alpha=3.734540
  => Total parameter prop_binMixSRatleast1fjets_bin3[0.00,-7.00,7.00] to be Gaussian constrained
------------------------------------------------------------
4          29.409604       10.370604       total sum                     
4          29.397507       10.370603       excluding marked processes    
4          8.000000        2.828427        Unweighted events, alpha=3.676201
  => Total parameter prop_binMixSRatleast1fjets_bin4[0.00,-7.00,7.00] to be Gaussian constrained
------------------------------------------------------------
5          16.961324       6.671947        total sum                     
5          16.956307       6.671947        excluding marked processes    
5          6.000000        2.449490        Unweighted events, alpha=2.826887
  => Total parameter prop_binMixSRatleast1fjets_bin5[0.00,-7.00,7.00] to be Gaussian constrained
------------------------------------------------------------
6          6.362303        1.432681        total sum                     
6          6.355196        1.432678        excluding marked processes    
6          20.000000       4.472136        Unweighted events, alpha=0.318115
  => Total parameter prop_binMixSRatleast1fjets_bin6[0.00,-7.00,7.00] to be Gaussian constrained
------------------------------------------------------------
7          3.414380        0.929029        total sum                     
7          3.402343        0.929018        excluding marked processes    
7          13.000000       3.605551        Unweighted events, alpha=0.262645
  => Total parameter prop_binMixSRatleast1fjets_bin7[0.00,-7.00,7.00] to be Gaussian constrained
------------------------------------------------------------
8          7.995170        5.864888        total sum                     
8          7.985383        5.864887        excluding marked processes    
8          2.000000        1.414214        Unweighted events, alpha=3.997585
  => Total parameter prop_binMixSRatleast1fjets_bin8[0.00,-7.00,7.00] to be Gaussian constrained
------------------------------------------------------------
9          0.850842        0.332434        total sum                     
9          0.840191        0.332415        excluding marked processes    
9          6.000000        2.449490        Unweighted events, alpha=0.141807
  => Total parameter prop_binMixSRatleast1fjets_bin9[0.00,-7.00,7.00] to be Gaussian constrained
------------------------------------------------------------
10         0.022309        0.038361        total sum                     
10         0.022309        0.038361        excluding marked processes    
10         0.000000        0.000000        Unweighted events, alpha=inf  
  => Number of weighted events is below Poisson threshold
    WJets                0.000000        0.000000                                      
      => Error is zero, ignore      
  ----------------------------------------------------------
    TT                   0.000000        0.000000                                      
      => Error is zero, ignore      
  ----------------------------------------------------------
    ZJets                0.022309        0.038361                                      
      => Poisson not viable, prop_binMixSRatleast1fjets_bin10_ZJets[0.00,-7.00,7.00] to be Gaussian constrained
  ----------------------------------------------------------
    TprimeToTZ_1400      0.000000        0.000000                                      
      => Error is zero, ignore      
  ----------------------------------------------------------
------------------------------------------------------------
11         0.000000        0.000000        total sum                     
11         0.000000        0.000000        excluding marked processes    
  => Error is zero, ignore      
------------------------------------------------------------
12         0.000000        0.000000        total sum                     
12         0.000000        0.000000        excluding marked processes    
  => Error is zero, ignore      
------------------------------------------------------------
============================================================
Analyzing bin errors for: prop_binMerSR0fjets
Poisson cut-off: 0
Processes excluded for sums: TprimeToTZ_1400
============================================================
Bin        Contents        Error           Notes                         
0          10.193947       4.654690        total sum                     
0          10.193947       4.654690        excluding marked processes    
0          5.000000        2.236068        Unweighted events, alpha=2.038789
  => Total parameter prop_binMerSR0fjets_bin0[0.00,-7.00,7.00] to be Gaussian constrained
------------------------------------------------------------
1          11.275326       1.740453        total sum                     
1          11.272208       1.740451        excluding marked processes    
1          42.000000       6.480741        Unweighted events, alpha=0.268460
  => Total parameter prop_binMerSR0fjets_bin1[0.00,-7.00,7.00] to be Gaussian constrained
------------------------------------------------------------
2          10.270798       1.648173        total sum                     
2          10.270798       1.648173        excluding marked processes    
2          39.000000       6.244998        Unweighted events, alpha=0.263354
  => Total parameter prop_binMerSR0fjets_bin2[0.00,-7.00,7.00] to be Gaussian constrained
------------------------------------------------------------
3          6.319750        1.298564        total sum                     
3          6.319750        1.298564        excluding marked processes    
3          24.000000       4.898979        Unweighted events, alpha=0.263323
  => Total parameter prop_binMerSR0fjets_bin3[0.00,-7.00,7.00] to be Gaussian constrained
------------------------------------------------------------
4          9.663665        1.694783        total sum                     
4          9.663665        1.694783        excluding marked processes    
4          33.000000       5.744563        Unweighted events, alpha=0.292838
  => Total parameter prop_binMerSR0fjets_bin4[0.00,-7.00,7.00] to be Gaussian constrained
------------------------------------------------------------
5          6.505588        1.309422        total sum                     
5          6.504920        1.309422        excluding marked processes    
5          25.000000       5.000000        Unweighted events, alpha=0.260224
  => Total parameter prop_binMerSR0fjets_bin5[0.00,-7.00,7.00] to be Gaussian constrained
------------------------------------------------------------
6          4.784464        1.180801        total sum                     
6          4.784464        1.180801        excluding marked processes    
6          16.000000       4.000000        Unweighted events, alpha=0.299029
  => Total parameter prop_binMerSR0fjets_bin6[0.00,-7.00,7.00] to be Gaussian constrained
------------------------------------------------------------
7          4.675480        1.156411        total sum                     
7          4.673937        1.156410        excluding marked processes    
7          16.000000       4.000000        Unweighted events, alpha=0.292218
  => Total parameter prop_binMerSR0fjets_bin7[0.00,-7.00,7.00] to be Gaussian constrained
------------------------------------------------------------
8          10.145984       1.783827        total sum                     
8          10.140968       1.783825        excluding marked processes    
8          32.000000       5.656854        Unweighted events, alpha=0.317062
  => Total parameter prop_binMerSR0fjets_bin8[0.00,-7.00,7.00] to be Gaussian constrained
------------------------------------------------------------
9          5.751590        1.322790        total sum                     
9          5.727785        1.322778        excluding marked processes    
9          19.000000       4.358899        Unweighted events, alpha=0.302715
  => Total parameter prop_binMerSR0fjets_bin9[0.00,-7.00,7.00] to be Gaussian constrained
------------------------------------------------------------
10         2.689141        0.939442        total sum                     
10         2.635868        0.939407        excluding marked processes    
10         8.000000        2.828427        Unweighted events, alpha=0.336143
  => Total parameter prop_binMerSR0fjets_bin10[0.00,-7.00,7.00] to be Gaussian constrained
------------------------------------------------------------
11         1.388550        0.374978        total sum                     
11         1.375369        0.374962        excluding marked processes    
11         13.000000       3.605551        Unweighted events, alpha=0.106812
  => Total parameter prop_binMerSR0fjets_bin11[0.00,-7.00,7.00] to be Gaussian constrained
------------------------------------------------------------
12         1.968390        0.613880        total sum                     
12         1.968390        0.613880        excluding marked processes    
12         10.000000       3.162278        Unweighted events, alpha=0.196839
  => Total parameter prop_binMerSR0fjets_bin12[0.00,-7.00,7.00] to be Gaussian constrained
------------------------------------------------------------
============================================================
Analyzing bin errors for: prop_binMerSRatleast1fjets
Poisson cut-off: 0
Processes excluded for sums: TprimeToTZ_1400
============================================================
Bin        Contents        Error           Notes                         
0          21.199468       7.828346        total sum                     
0          21.197491       7.828346        excluding marked processes    
0          7.000000        2.645751        Unweighted events, alpha=3.028495
  => Total parameter prop_binMerSRatleast1fjets_bin0[0.00,-7.00,7.00] to be Gaussian constrained
------------------------------------------------------------
1          14.478356       1.899681        total sum                     
1          14.476151       1.899681        excluding marked processes    
1          58.000000       7.615773        Unweighted events, alpha=0.249627
  => Total parameter prop_binMerSRatleast1fjets_bin1[0.00,-7.00,7.00] to be Gaussian constrained
------------------------------------------------------------
2          19.979847       2.384265        total sum                     
2          19.976725       2.384264        excluding marked processes    
2          70.000000       8.366600        Unweighted events, alpha=0.285426
  => Total parameter prop_binMerSRatleast1fjets_bin2[0.00,-7.00,7.00] to be Gaussian constrained
------------------------------------------------------------
3          17.613128       2.254481        total sum                     
3          17.604832       2.254479        excluding marked processes    
3          61.000000       7.810250        Unweighted events, alpha=0.288740
  => Total parameter prop_binMerSRatleast1fjets_bin3[0.00,-7.00,7.00] to be Gaussian constrained
------------------------------------------------------------
4          25.835454       8.013122        total sum                     
4          25.829631       8.013122        excluding marked processes    
4          10.000000       3.162278        Unweighted events, alpha=2.583545
  => Total parameter prop_binMerSRatleast1fjets_bin4[0.00,-7.00,7.00] to be Gaussian constrained
------------------------------------------------------------
5          12.936637       2.045968        total sum                     
5          12.925434       2.045965        excluding marked processes    
5          40.000000       6.324555        Unweighted events, alpha=0.323416
  => Total parameter prop_binMerSRatleast1fjets_bin5[0.00,-7.00,7.00] to be Gaussian constrained
------------------------------------------------------------
6          9.447270        1.533953        total sum                     
6          9.436393        1.533948        excluding marked processes    
6          38.000000       6.164414        Unweighted events, alpha=0.248612
  => Total parameter prop_binMerSRatleast1fjets_bin6[0.00,-7.00,7.00] to be Gaussian constrained
------------------------------------------------------------
7          5.780328        1.227161        total sum                     
7          5.766529        1.227155        excluding marked processes    
7          22.000000       4.690416        Unweighted events, alpha=0.262742
  => Total parameter prop_binMerSRatleast1fjets_bin7[0.00,-7.00,7.00] to be Gaussian constrained
------------------------------------------------------------
8          9.395252        1.740615        total sum                     
8          9.346655        1.740599        excluding marked processes    
8          29.000000       5.385165        Unweighted events, alpha=0.323974
  => Total parameter prop_binMerSRatleast1fjets_bin8[0.00,-7.00,7.00] to be Gaussian constrained
------------------------------------------------------------
9          15.231276       7.798632        total sum                     
9          14.993184       7.798613        excluding marked processes    
9          4.000000        2.000000        Unweighted events, alpha=3.807819
  => Total parameter prop_binMerSRatleast1fjets_bin9[0.00,-7.00,7.00] to be Gaussian constrained
------------------------------------------------------------
10         4.600154        0.910310        total sum                     
10         4.217099        0.910038        excluding marked processes    
10         21.000000       4.582576        Unweighted events, alpha=0.219055
  => Total parameter prop_binMerSRatleast1fjets_bin10[0.00,-7.00,7.00] to be Gaussian constrained
------------------------------------------------------------
11         1.142660        0.517966        total sum                     
11         1.057707        0.517847        excluding marked processes    
11         4.000000        2.000000        Unweighted events, alpha=0.285665
  => Total parameter prop_binMerSRatleast1fjets_bin11[0.00,-7.00,7.00] to be Gaussian constrained
------------------------------------------------------------
12         1.152386        0.694737        total sum                     
12         1.147980        0.694731        excluding marked processes    
12         3.000000        1.732051        Unweighted events, alpha=0.384129
  => Total parameter prop_binMerSRatleast1fjets_bin12[0.00,-7.00,7.00] to be Gaussian constrained
------------------------------------------------------------
============================================================
Analyzing bin errors for: prop_binAH
Poisson cut-off: 0
Processes excluded for sums: TprimeToTZ_1400
============================================================
Bin        Contents        Error           Notes                         
0          288644.035066   1480.194124     total sum                     
0          288628.115601   1480.194115     excluding marked processes    
0          38022.000000    194.992308      Unweighted events, alpha=7.591501
  => Total parameter prop_binAH_bin0[0.00,-7.00,7.00] to be Gaussian constrained
------------------------------------------------------------
1          70696.783410    707.239530      total sum                     
1          70695.140671    707.239529      excluding marked processes    
1          9992.000000     99.959992       Unweighted events, alpha=7.075339
  => Total parameter prop_binAH_bin1[0.00,-7.00,7.00] to be Gaussian constrained
------------------------------------------------------------
2          61906.516683    640.930736      total sum                     
2          61904.798611    640.930734      excluding marked processes    
2          9329.000000     96.586749       Unweighted events, alpha=6.635922
  => Total parameter prop_binAH_bin2[0.00,-7.00,7.00] to be Gaussian constrained
------------------------------------------------------------
3          51005.161009    590.279313      total sum                     
3          51003.135826    590.279310      excluding marked processes    
3          7466.000000     86.406018       Unweighted events, alpha=6.831658
  => Total parameter prop_binAH_bin3[0.00,-7.00,7.00] to be Gaussian constrained
------------------------------------------------------------
4          35783.216462    492.581342      total sum                     
4          35781.176426    492.581339      excluding marked processes    
4          5277.000000     72.642962       Unweighted events, alpha=6.780977
  => Total parameter prop_binAH_bin4[0.00,-7.00,7.00] to be Gaussian constrained
------------------------------------------------------------
5          23222.592163    380.031084      total sum                     
5          23220.454472    380.031080      excluding marked processes    
5          3733.000000     61.098281       Unweighted events, alpha=6.220893
  => Total parameter prop_binAH_bin5[0.00,-7.00,7.00] to be Gaussian constrained
------------------------------------------------------------
6          15667.262857    307.249418      total sum                     
6          15664.843147    307.249412      excluding marked processes    
6          2599.000000     50.980388       Unweighted events, alpha=6.028189
  => Total parameter prop_binAH_bin6[0.00,-7.00,7.00] to be Gaussian constrained
------------------------------------------------------------
7          10027.159997    246.230439      total sum                     
7          10024.748589    246.230431      excluding marked processes    
7          1658.000000     40.718546       Unweighted events, alpha=6.047744
  => Total parameter prop_binAH_bin7[0.00,-7.00,7.00] to be Gaussian constrained
------------------------------------------------------------
8          11379.882220    234.409812      total sum                     
8          11375.098274    234.409797      excluding marked processes    
8          2355.000000     48.528342       Unweighted events, alpha=4.832222
  => Total parameter prop_binAH_bin8[0.00,-7.00,7.00] to be Gaussian constrained
------------------------------------------------------------
9          9453.661789     211.000397      total sum                     
9          9443.008102     211.000361      excluding marked processes    
9          2003.000000     44.754888       Unweighted events, alpha=4.719751
  => Total parameter prop_binAH_bin9[0.00,-7.00,7.00] to be Gaussian constrained
------------------------------------------------------------
10         3285.722501     122.670365      total sum                     
10         3273.326569     122.670296      excluding marked processes    
10         712.000000      26.683328       Unweighted events, alpha=4.614779
  => Total parameter prop_binAH_bin10[0.00,-7.00,7.00] to be Gaussian constrained
------------------------------------------------------------
11         1392.346390     78.245262       total sum                     
11         1389.492401     78.245237       excluding marked processes    
11         315.000000      17.748239       Unweighted events, alpha=4.420147
  => Total parameter prop_binAH_bin11[0.00,-7.00,7.00] to be Gaussian constrained
------------------------------------------------------------
12         941.606750      62.763745       total sum                     
12         941.376015      62.763742       excluding marked processes    
12         225.000000      15.000000       Unweighted events, alpha=4.184919
  => Total parameter prop_binAH_bin12[0.00,-7.00,7.00] to be Gaussian constrained
------------------------------------------------------------
============================================================
Analyzing bin errors for: prop_binSL
Poisson cut-off: 0
Processes excluded for sums: TprimeToTZ_1400
============================================================
Bin        Contents        Error           Notes                         
0          3792809.416388  4688.235231     total sum                     
0          3792780.264868  4688.235226     excluding marked processes    
0          654480.000000   808.999382      Unweighted events, alpha=5.795149
  => Total parameter prop_binSL_bin0[0.00,-7.00,7.00] to be Gaussian constrained
------------------------------------------------------------
1          58546.198892    509.270683      total sum                     
1          58544.919397    509.270681      excluding marked processes    
1          13215.000000    114.956514      Unweighted events, alpha=4.430284
  => Total parameter prop_binSL_bin1[0.00,-7.00,7.00] to be Gaussian constrained
------------------------------------------------------------
2          39753.821870    414.769983      total sum                     
2          39752.634225    414.769980      excluding marked processes    
2          9186.000000     95.843623       Unweighted events, alpha=4.327653
  => Total parameter prop_binSL_bin2[0.00,-7.00,7.00] to be Gaussian constrained
------------------------------------------------------------
3          25780.981902    338.613857      total sum                     
3          25779.830746    338.613854      excluding marked processes    
3          5796.000000     76.131465       Unweighted events, alpha=4.448065
  => Total parameter prop_binSL_bin3[0.00,-7.00,7.00] to be Gaussian constrained
------------------------------------------------------------
4          17046.222220    265.182016      total sum                     
4          17045.053580    265.182013      excluding marked processes    
4          4132.000000     64.280635       Unweighted events, alpha=4.125417
  => Total parameter prop_binSL_bin4[0.00,-7.00,7.00] to be Gaussian constrained
------------------------------------------------------------
5          11242.490020    217.445723      total sum                     
5          11241.322300    217.445719      excluding marked processes    
5          2673.000000     51.701064       Unweighted events, alpha=4.205945
  => Total parameter prop_binSL_bin5[0.00,-7.00,7.00] to be Gaussian constrained
------------------------------------------------------------
6          8098.823029     183.475953      total sum                     
6          8097.778127     183.475949      excluding marked processes    
6          1948.000000     44.136153       Unweighted events, alpha=4.157507
  => Total parameter prop_binSL_bin6[0.00,-7.00,7.00] to be Gaussian constrained
------------------------------------------------------------
7          5900.481546     164.776649      total sum                     
7          5899.493426     164.776644      excluding marked processes    
7          1282.000000     35.805028       Unweighted events, alpha=4.602560
  => Total parameter prop_binSL_bin7[0.00,-7.00,7.00] to be Gaussian constrained
------------------------------------------------------------
8          7186.557476     173.868065      total sum                     
8          7184.840559     173.868058      excluding marked processes    
8          1708.000000     41.327957       Unweighted events, alpha=4.207586
  => Total parameter prop_binSL_bin8[0.00,-7.00,7.00] to be Gaussian constrained
------------------------------------------------------------
9          5694.168251     157.475801      total sum                     
9          5691.511293     157.475788      excluding marked processes    
9          1306.000000     36.138622       Unweighted events, alpha=4.360006
  => Total parameter prop_binSL_bin9[0.00,-7.00,7.00] to be Gaussian constrained
------------------------------------------------------------
10         1757.625316     98.615684       total sum                     
10         1756.174543     98.615674       excluding marked processes    
10         317.000000      17.804494       Unweighted events, alpha=5.544559
  => Total parameter prop_binSL_bin10[0.00,-7.00,7.00] to be Gaussian constrained
------------------------------------------------------------
11         715.251819      60.509576       total sum                     
11         715.041047      60.509574       excluding marked processes    
11         140.000000      11.832160       Unweighted events, alpha=5.108942
  => Total parameter prop_binSL_bin11[0.00,-7.00,7.00] to be Gaussian constrained
------------------------------------------------------------
12         462.957229      51.884896       total sum                     
12         462.910776      51.884895       excluding marked processes    
12         80.000000       8.944272        Unweighted events, alpha=5.786965
  => Total parameter prop_binSL_bin12[0.00,-7.00,7.00] to be Gaussian constrained
------------------------------------------------------------
============================================================
Analyzing bin errors for: prop_binAH1lWR
Poisson cut-off: 0
Processes excluded for sums: TprimeToTZ_1400
============================================================
Bin        Contents        Error           Notes                         
0          4636434.649738  10035.662066    total sum                     
0          4636431.734059  10035.662066    excluding marked processes    
0          213440.000000   461.995671      Unweighted events, alpha=21.722426
  => Total parameter prop_binAH1lWR_bin0[0.00,-7.00,7.00] to be Gaussian constrained
------------------------------------------------------------
1          62396.781570    980.406259      total sum                     
1          62396.695653    980.406259      excluding marked processes    
1          4051.000000     63.647467       Unweighted events, alpha=15.402810
  => Total parameter prop_binAH1lWR_bin1[0.00,-7.00,7.00] to be Gaussian constrained
------------------------------------------------------------
2          40630.791529    807.587356      total sum                     
2          40630.712646    807.587356      excluding marked processes    
2          2531.000000     50.309045       Unweighted events, alpha=16.053256
  => Total parameter prop_binAH1lWR_bin2[0.00,-7.00,7.00] to be Gaussian constrained
------------------------------------------------------------
3          27120.851871    648.234071      total sum                     
3          27120.768613    648.234071      excluding marked processes    
3          1750.000000     41.833001       Unweighted events, alpha=15.497630
  => Total parameter prop_binAH1lWR_bin3[0.00,-7.00,7.00] to be Gaussian constrained
------------------------------------------------------------
4          19165.075666    546.106320      total sum                     
4          19165.006833    546.106319      excluding marked processes    
4          1232.000000     35.099858       Unweighted events, alpha=15.556068
  => Total parameter prop_binAH1lWR_bin4[0.00,-7.00,7.00] to be Gaussian constrained
------------------------------------------------------------
5          11852.489074    443.697089      total sum                     
5          11852.409698    443.697089      excluding marked processes    
5          714.000000      26.720778       Unweighted events, alpha=16.600125
  => Total parameter prop_binAH1lWR_bin5[0.00,-7.00,7.00] to be Gaussian constrained
------------------------------------------------------------
6          8902.302774     367.441020      total sum                     
6          8902.242764     367.441020      excluding marked processes    
6          587.000000      24.228083       Unweighted events, alpha=15.165763
  => Total parameter prop_binAH1lWR_bin6[0.00,-7.00,7.00] to be Gaussian constrained
------------------------------------------------------------
7          6513.142996     304.819044      total sum                     
7          6513.099953     304.819043      excluding marked processes    
7          457.000000      21.377558       Unweighted events, alpha=14.251954
  => Total parameter prop_binAH1lWR_bin7[0.00,-7.00,7.00] to be Gaussian constrained
------------------------------------------------------------
8          7248.582428     342.964108      total sum                     
8          7248.487830     342.964108      excluding marked processes    
8          447.000000      21.142375       Unweighted events, alpha=16.216068
  => Total parameter prop_binAH1lWR_bin8[0.00,-7.00,7.00] to be Gaussian constrained
------------------------------------------------------------
9          6458.551675     314.330022      total sum                     
9          6458.422023     314.330021      excluding marked processes    
9          422.000000      20.542639       Unweighted events, alpha=15.304625
  => Total parameter prop_binAH1lWR_bin9[0.00,-7.00,7.00] to be Gaussian constrained
------------------------------------------------------------
10         2255.808652     171.633968      total sum                     
10         2255.782399     171.633967      excluding marked processes    
10         173.000000      13.152946       Unweighted events, alpha=13.039356
  => Total parameter prop_binAH1lWR_bin10[0.00,-7.00,7.00] to be Gaussian constrained
------------------------------------------------------------
11         721.339320      94.248396       total sum                     
11         721.337051      94.248396       excluding marked processes    
11         59.000000       7.681146        Unweighted events, alpha=12.226090
  => Total parameter prop_binAH1lWR_bin11[0.00,-7.00,7.00] to be Gaussian constrained
------------------------------------------------------------
12         491.402779      88.176235       total sum                     
12         491.401305      88.176235       excluding marked processes    
12         31.000000       5.567764        Unweighted events, alpha=15.851703
  => Total parameter prop_binAH1lWR_bin12[0.00,-7.00,7.00] to be Gaussian constrained
------------------------------------------------------------
============================================================
Analyzing bin errors for: prop_binAH0lZR
Poisson cut-off: 0
Processes excluded for sums: TprimeToTZ_1400
============================================================
Bin        Contents        Error           Notes                         
0          32623.730223    777.530999      total sum                     
0          32623.713912    777.530999      excluding marked processes    
0          1760.000000     41.952354       Unweighted events, alpha=18.536210
  => Total parameter prop_binAH0lZR_bin0[0.00,-7.00,7.00] to be Gaussian constrained
------------------------------------------------------------
1          18313.297896    584.915198      total sum                     
1          18313.270612    584.915198      excluding marked processes    
1          980.000000      31.304952       Unweighted events, alpha=18.687039
  => Total parameter prop_binAH0lZR_bin1[0.00,-7.00,7.00] to be Gaussian constrained
------------------------------------------------------------
2          12143.769883    464.896186      total sum                     
2          12143.757368    464.896186      excluding marked processes    
2          682.000000      26.115130       Unweighted events, alpha=17.806114
  => Total parameter prop_binAH0lZR_bin2[0.00,-7.00,7.00] to be Gaussian constrained
------------------------------------------------------------
3          7134.237026     363.656691      total sum                     
3          7134.217141     363.656691      excluding marked processes    
3          385.000000      19.621417       Unweighted events, alpha=18.530486
  => Total parameter prop_binAH0lZR_bin3[0.00,-7.00,7.00] to be Gaussian constrained
------------------------------------------------------------
4          5050.465019     295.451876      total sum                     
4          5050.450217     295.451876      excluding marked processes    
4          292.000000      17.088007       Unweighted events, alpha=17.296113
  => Total parameter prop_binAH0lZR_bin4[0.00,-7.00,7.00] to be Gaussian constrained
------------------------------------------------------------
5          3685.042233     240.114169      total sum                     
5          3685.029226     240.114169      excluding marked processes    
5          236.000000      15.362291       Unweighted events, alpha=15.614586
  => Total parameter prop_binAH0lZR_bin5[0.00,-7.00,7.00] to be Gaussian constrained
------------------------------------------------------------
6          2548.936781     187.690335      total sum                     
6          2548.906869     187.690335      excluding marked processes    
6          184.000000      13.564660       Unweighted events, alpha=13.852917
  => Total parameter prop_binAH0lZR_bin6[0.00,-7.00,7.00] to be Gaussian constrained
------------------------------------------------------------
7          1388.049264     159.869770      total sum                     
7          1388.029241     159.869770      excluding marked processes    
7          75.000000       8.660254        Unweighted events, alpha=18.507324
  => Total parameter prop_binAH0lZR_bin7[0.00,-7.00,7.00] to be Gaussian constrained
------------------------------------------------------------
8          1695.471089     164.257871      total sum                     
8          1695.423663     164.257871      excluding marked processes    
8          107.000000      10.344080       Unweighted events, alpha=15.845524
  => Total parameter prop_binAH0lZR_bin8[0.00,-7.00,7.00] to be Gaussian constrained
------------------------------------------------------------
9          1631.540092     142.439013      total sum                     
9          1631.424742     142.439013      excluding marked processes    
9          131.000000      11.445523       Unweighted events, alpha=12.454505
  => Total parameter prop_binAH0lZR_bin9[0.00,-7.00,7.00] to be Gaussian constrained
------------------------------------------------------------
10         921.666870      76.463301       total sum                     
10         921.507171      76.463300       excluding marked processes    
10         145.000000      12.041595       Unweighted events, alpha=6.356323
  => Total parameter prop_binAH0lZR_bin10[0.00,-7.00,7.00] to be Gaussian constrained
------------------------------------------------------------
11         403.285988      44.608092       total sum                     
11         403.241548      44.608091       excluding marked processes    
11         82.000000       9.055385        Unweighted events, alpha=4.918122
  => Total parameter prop_binAH0lZR_bin11[0.00,-7.00,7.00] to be Gaussian constrained
------------------------------------------------------------
12         387.631098      38.176043       total sum                     
12         387.631098      38.176043       excluding marked processes    
12         103.000000      10.148892       Unweighted events, alpha=3.763409
  => Total parameter prop_binAH0lZR_bin12[0.00,-7.00,7.00] to be Gaussian constrained
------------------------------------------------------------
Channel MixSR0fjets will use autoMCStats with settings: event-threshold=0, include-signal=0, hist-mode=1
Channel MixSRatleast1fjets will use autoMCStats with settings: event-threshold=0, include-signal=0, hist-mode=1
Channel MerSR0fjets will use autoMCStats with settings: event-threshold=0, include-signal=0, hist-mode=1
Channel MerSRatleast1fjets will use autoMCStats with settings: event-threshold=0, include-signal=0, hist-mode=1
Channel AH will use autoMCStats with settings: event-threshold=0, include-signal=0, hist-mode=1
Channel SL will use autoMCStats with settings: event-threshold=0, include-signal=0, hist-mode=1
Channel AH1lWR will use autoMCStats with settings: event-threshold=0, include-signal=0, hist-mode=1
Channel AH0lZR will use autoMCStats with settings: event-threshold=0, include-signal=0, hist-mode=1

 -- AsymptoticLimits ( CLs ) --
Observed Limit: r < 5.8266
Expected  2.5%: r < 4.9573
Expected 16.0%: r < 6.7681
Expected 50.0%: r < 9.6875
Expected 84.0%: r < 14.0510
Expected 97.5%: r < 19.5278

Done in 0.00 min (cpu), 0.01 min (real)
