 <<< Combine >>> 
 <<< v10.0.1 >>>
>>> Random number generator seed is 123456
>>> Method used is AsymptoticLimits
============================================================
Analyzing bin errors for: prop_binMixSR0fjets
Poisson cut-off: 0
Processes excluded for sums: TprimeToTZ_700
============================================================
Bin        Contents        Error           Notes                         
0          78.825250       10.453615       total sum                     
0          78.695059       10.453560       excluding marked processes    
0          57.000000       7.549834        Unweighted events, alpha=1.382899
  => Total parameter prop_binMixSR0fjets_bin0[0.00,-7.00,7.00] to be Gaussian constrained
------------------------------------------------------------
1          50.411544       5.991423        total sum                     
1          50.228029       5.991269        excluding marked processes    
1          70.000000       8.366600        Unweighted events, alpha=0.720165
  => Total parameter prop_binMixSR0fjets_bin1[0.00,-7.00,7.00] to be Gaussian constrained
------------------------------------------------------------
2          24.811378       4.449662        total sum                     
2          24.693261       4.449484        excluding marked processes    
2          31.000000       5.567764        Unweighted events, alpha=0.800367
  => Total parameter prop_binMixSR0fjets_bin2[0.00,-7.00,7.00] to be Gaussian constrained
------------------------------------------------------------
3          11.149680       2.826111        total sum                     
3          11.112533       2.826018        excluding marked processes    
3          15.000000       3.872983        Unweighted events, alpha=0.743312
  => Total parameter prop_binMixSR0fjets_bin3[0.00,-7.00,7.00] to be Gaussian constrained
------------------------------------------------------------
4          6.777481        1.473081        total sum                     
4          6.777481        1.473081        excluding marked processes    
4          21.000000       4.582576        Unweighted events, alpha=0.322737
  => Total parameter prop_binMixSR0fjets_bin4[0.00,-7.00,7.00] to be Gaussian constrained
------------------------------------------------------------
5          3.359118        1.391590        total sum                     
5          3.359118        1.391590        excluding marked processes    
5          6.000000        2.449490        Unweighted events, alpha=0.559853
  => Total parameter prop_binMixSR0fjets_bin5[0.00,-7.00,7.00] to be Gaussian constrained
------------------------------------------------------------
6          2.068390        0.372124        total sum                     
6          2.068390        0.372124        excluding marked processes    
6          31.000000       5.567764        Unweighted events, alpha=0.066722
  => Total parameter prop_binMixSR0fjets_bin6[0.00,-7.00,7.00] to be Gaussian constrained
------------------------------------------------------------
7          0.685336        0.215353        total sum                     
7          0.685336        0.215353        excluding marked processes    
7          10.000000       3.162278        Unweighted events, alpha=0.068534
  => Total parameter prop_binMixSR0fjets_bin7[0.00,-7.00,7.00] to be Gaussian constrained
------------------------------------------------------------
8          0.715806        0.241928        total sum                     
8          0.715806        0.241928        excluding marked processes    
8          9.000000        3.000000        Unweighted events, alpha=0.079534
  => Total parameter prop_binMixSR0fjets_bin8[0.00,-7.00,7.00] to be Gaussian constrained
------------------------------------------------------------
9          0.084167        0.045102        total sum                     
9          0.084167        0.045102        excluding marked processes    
9          3.000000        1.732051        Unweighted events, alpha=0.028056
  => Total parameter prop_binMixSR0fjets_bin9[0.00,-7.00,7.00] to be Gaussian constrained
------------------------------------------------------------
10         0.007392        0.007392        total sum                     
10         0.007392        0.007392        excluding marked processes    
10         1.000000        1.000000        Unweighted events, alpha=0.007392
  => Total parameter prop_binMixSR0fjets_bin10[0.00,-7.00,7.00] to be Gaussian constrained
------------------------------------------------------------
11         0.000000        0.007621        total sum                     
11         0.000000        0.007621        excluding marked processes    
11         0.000000        0.000000        Unweighted events, alpha=inf  
  => Number of weighted events is below Poisson threshold
    WJets                0.000000        0.000000                                      
      => Error is zero, ignore      
  ----------------------------------------------------------
    TT                   0.000000        0.000000                                      
      => Error is zero, ignore      
  ----------------------------------------------------------
    ZJets                0.000000        0.007621                                      
      => Poisson not viable, prop_binMixSR0fjets_bin11_ZJets[0.00,-7.00,7.00] to be Gaussian constrained
  ----------------------------------------------------------
    TprimeToTZ_700       0.000000        0.000000                                      
      => Error is zero, ignore      
  ----------------------------------------------------------
------------------------------------------------------------
12         0.000000        0.000000        total sum                     
12         0.000000        0.000000        excluding marked processes    
  => Error is zero, ignore      
------------------------------------------------------------
============================================================
Analyzing bin errors for: prop_binMixSRatleast1fjets
Poisson cut-off: 0
Processes excluded for sums: TprimeToTZ_700
============================================================
Bin        Contents        Error           Notes                         
0          90.992588       11.960884       total sum                     
0          90.462815       11.960668       excluding marked processes    
0          57.000000       7.549834        Unweighted events, alpha=1.596361
  => Total parameter prop_binMixSRatleast1fjets_bin0[0.00,-7.00,7.00] to be Gaussian constrained
------------------------------------------------------------
1          58.261958       10.338747       total sum                     
1          57.152751       10.338098       excluding marked processes    
1          31.000000       5.567764        Unweighted events, alpha=1.879418
  => Total parameter prop_binMixSRatleast1fjets_bin1[0.00,-7.00,7.00] to be Gaussian constrained
------------------------------------------------------------
2          29.694101       3.318638        total sum                     
2          28.770010       3.316916        excluding marked processes    
2          75.000000       8.660254        Unweighted events, alpha=0.395921
  => Total parameter prop_binMixSRatleast1fjets_bin2[0.00,-7.00,7.00] to be Gaussian constrained
------------------------------------------------------------
3          21.968975       4.596133        total sum                     
3          21.297397       4.595207        excluding marked processes    
3          21.000000       4.582576        Unweighted events, alpha=1.046142
  => Total parameter prop_binMixSRatleast1fjets_bin3[0.00,-7.00,7.00] to be Gaussian constrained
------------------------------------------------------------
4          13.117689       3.320830        total sum                     
4          12.781342       3.320168        excluding marked processes    
4          15.000000       3.872983        Unweighted events, alpha=0.874513
  => Total parameter prop_binMixSRatleast1fjets_bin4[0.00,-7.00,7.00] to be Gaussian constrained
------------------------------------------------------------
5          8.044981        3.084740        total sum                     
5          7.966324        3.084409        excluding marked processes    
5          7.000000        2.645751        Unweighted events, alpha=1.149283
  => Total parameter prop_binMixSRatleast1fjets_bin5[0.00,-7.00,7.00] to be Gaussian constrained
------------------------------------------------------------
6          1.815261        0.367038        total sum                     
6          1.786351        0.366696        excluding marked processes    
6          24.000000       4.898979        Unweighted events, alpha=0.075636
  => Total parameter prop_binMixSRatleast1fjets_bin6[0.00,-7.00,7.00] to be Gaussian constrained
------------------------------------------------------------
7          1.250807        0.266321        total sum                     
7          1.250807        0.266321        excluding marked processes    
7          22.000000       4.690416        Unweighted events, alpha=0.056855
  => Total parameter prop_binMixSRatleast1fjets_bin7[0.00,-7.00,7.00] to be Gaussian constrained
------------------------------------------------------------
8          1.771295        1.105078        total sum                     
8          1.771295        1.105078        excluding marked processes    
8          3.000000        1.732051        Unweighted events, alpha=0.590432
  => Total parameter prop_binMixSRatleast1fjets_bin8[0.00,-7.00,7.00] to be Gaussian constrained
------------------------------------------------------------
9          0.266822        0.096970        total sum                     
9          0.266822        0.096970        excluding marked processes    
9          8.000000        2.828427        Unweighted events, alpha=0.033353
  => Total parameter prop_binMixSRatleast1fjets_bin9[0.00,-7.00,7.00] to be Gaussian constrained
------------------------------------------------------------
10         0.004758        0.007227        total sum                     
10         0.004758        0.007227        excluding marked processes    
10         0.000000        0.000000        Unweighted events, alpha=inf  
  => Number of weighted events is below Poisson threshold
    WJets                0.000000        0.000000                                      
      => Error is zero, ignore      
  ----------------------------------------------------------
    TT                   0.000000        0.000000                                      
      => Error is zero, ignore      
  ----------------------------------------------------------
    ZJets                0.004758        0.007227                                      
      => Poisson not viable, prop_binMixSRatleast1fjets_bin10_ZJets[0.00,-7.00,7.00] to be Gaussian constrained
  ----------------------------------------------------------
    TprimeToTZ_700       0.000000        0.000000                                      
      => Error is zero, ignore      
  ----------------------------------------------------------
------------------------------------------------------------
11         0.007124        0.007124        total sum                     
11         0.007124        0.007124        excluding marked processes    
11         1.000000        1.000000        Unweighted events, alpha=0.007124
  => Total parameter prop_binMixSRatleast1fjets_bin11[0.00,-7.00,7.00] to be Gaussian constrained
------------------------------------------------------------
12         0.000000        0.000000        total sum                     
12         0.000000        0.000000        excluding marked processes    
  => Error is zero, ignore      
------------------------------------------------------------
============================================================
Analyzing bin errors for: prop_binMerSR0fjets
Poisson cut-off: 0
Processes excluded for sums: TprimeToTZ_700
============================================================
Bin        Contents        Error           Notes                         
0          2.724830        0.903892        total sum                     
0          2.715419        0.903871        excluding marked processes    
0          9.000000        3.000000        Unweighted events, alpha=0.302759
  => Total parameter prop_binMerSR0fjets_bin0[0.00,-7.00,7.00] to be Gaussian constrained
------------------------------------------------------------
1          3.875292        0.485851        total sum                     
1          3.839671        0.485437        excluding marked processes    
1          63.000000       7.937254        Unweighted events, alpha=0.061513
  => Total parameter prop_binMerSR0fjets_bin1[0.00,-7.00,7.00] to be Gaussian constrained
------------------------------------------------------------
2          3.148274        0.430066        total sum                     
2          3.129385        0.429939        excluding marked processes    
2          53.000000       7.280110        Unweighted events, alpha=0.059401
  => Total parameter prop_binMerSR0fjets_bin2[0.00,-7.00,7.00] to be Gaussian constrained
------------------------------------------------------------
3          2.328243        0.373312        total sum                     
3          2.309040        0.373009        excluding marked processes    
3          38.000000       6.164414        Unweighted events, alpha=0.061270
  => Total parameter prop_binMerSR0fjets_bin3[0.00,-7.00,7.00] to be Gaussian constrained
------------------------------------------------------------
4          2.976538        0.420169        total sum                     
4          2.976538        0.420169        excluding marked processes    
4          50.000000       7.071068        Unweighted events, alpha=0.059531
  => Total parameter prop_binMerSR0fjets_bin4[0.00,-7.00,7.00] to be Gaussian constrained
------------------------------------------------------------
5          1.661419        0.299192        total sum                     
5          1.661419        0.299192        excluding marked processes    
5          31.000000       5.567764        Unweighted events, alpha=0.053594
  => Total parameter prop_binMerSR0fjets_bin5[0.00,-7.00,7.00] to be Gaussian constrained
------------------------------------------------------------
6          1.632045        0.320878        total sum                     
6          1.632045        0.320878        excluding marked processes    
6          26.000000       5.099020        Unweighted events, alpha=0.062771
  => Total parameter prop_binMerSR0fjets_bin6[0.00,-7.00,7.00] to be Gaussian constrained
------------------------------------------------------------
7          1.455330        0.291967        total sum                     
7          1.455330        0.291967        excluding marked processes    
7          25.000000       5.000000        Unweighted events, alpha=0.058213
  => Total parameter prop_binMerSR0fjets_bin7[0.00,-7.00,7.00] to be Gaussian constrained
------------------------------------------------------------
8          2.808860        0.407154        total sum                     
8          2.808860        0.407154        excluding marked processes    
8          48.000000       6.928203        Unweighted events, alpha=0.058518
  => Total parameter prop_binMerSR0fjets_bin8[0.00,-7.00,7.00] to be Gaussian constrained
------------------------------------------------------------
9          1.997744        0.346484        total sum                     
9          1.986736        0.346376        excluding marked processes    
9          33.000000       5.744563        Unweighted events, alpha=0.060538
  => Total parameter prop_binMerSR0fjets_bin9[0.00,-7.00,7.00] to be Gaussian constrained
------------------------------------------------------------
10         1.116409        0.263955        total sum                     
10         1.116409        0.263955        excluding marked processes    
10         18.000000       4.242641        Unweighted events, alpha=0.062023
  => Total parameter prop_binMerSR0fjets_bin10[0.00,-7.00,7.00] to be Gaussian constrained
------------------------------------------------------------
11         0.505251        0.118978        total sum                     
11         0.505251        0.118978        excluding marked processes    
11         18.000000       4.242641        Unweighted events, alpha=0.028069
  => Total parameter prop_binMerSR0fjets_bin11[0.00,-7.00,7.00] to be Gaussian constrained
------------------------------------------------------------
12         0.569649        0.159585        total sum                     
12         0.569649        0.159585        excluding marked processes    
12         13.000000       3.605551        Unweighted events, alpha=0.043819
  => Total parameter prop_binMerSR0fjets_bin12[0.00,-7.00,7.00] to be Gaussian constrained
------------------------------------------------------------
============================================================
Analyzing bin errors for: prop_binMerSRatleast1fjets
Poisson cut-off: 0
Processes excluded for sums: TprimeToTZ_700
============================================================
Bin        Contents        Error           Notes                         
0          5.488511        1.501611        total sum                     
0          5.380007        1.501128        excluding marked processes    
0          13.000000       3.605551        Unweighted events, alpha=0.422193
  => Total parameter prop_binMerSRatleast1fjets_bin0[0.00,-7.00,7.00] to be Gaussian constrained
------------------------------------------------------------
1          4.749234        0.512078        total sum                     
1          4.624349        0.510288        excluding marked processes    
1          82.000000       9.055385        Unweighted events, alpha=0.057917
  => Total parameter prop_binMerSRatleast1fjets_bin1[0.00,-7.00,7.00] to be Gaussian constrained
------------------------------------------------------------
2          7.285828        0.709638        total sum                     
2          7.091316        0.707969        excluding marked processes    
2          100.000000      10.000000       Unweighted events, alpha=0.072858
  => Total parameter prop_binMerSRatleast1fjets_bin2[0.00,-7.00,7.00] to be Gaussian constrained
------------------------------------------------------------
3          5.966504        0.617863        total sum                     
3          5.804895        0.616431        excluding marked processes    
3          89.000000       9.433981        Unweighted events, alpha=0.067039
  => Total parameter prop_binMerSRatleast1fjets_bin3[0.00,-7.00,7.00] to be Gaussian constrained
------------------------------------------------------------
4          6.587488        1.542521        total sum                     
4          6.548357        1.542426        excluding marked processes    
4          18.000000       4.242641        Unweighted events, alpha=0.365972
  => Total parameter prop_binMerSRatleast1fjets_bin4[0.00,-7.00,7.00] to be Gaussian constrained
------------------------------------------------------------
5          4.383296        0.558299        total sum                     
5          4.345507        0.557930        excluding marked processes    
5          61.000000       7.810250        Unweighted events, alpha=0.071857
  => Total parameter prop_binMerSRatleast1fjets_bin5[0.00,-7.00,7.00] to be Gaussian constrained
------------------------------------------------------------
6          2.974137        0.398031        total sum                     
6          2.948107        0.397776        excluding marked processes    
6          55.000000       7.416198        Unweighted events, alpha=0.054075
  => Total parameter prop_binMerSRatleast1fjets_bin6[0.00,-7.00,7.00] to be Gaussian constrained
------------------------------------------------------------
7          2.692113        0.446376        total sum                     
7          2.692113        0.446376        excluding marked processes    
7          36.000000       6.000000        Unweighted events, alpha=0.074781
  => Total parameter prop_binMerSRatleast1fjets_bin7[0.00,-7.00,7.00] to be Gaussian constrained
------------------------------------------------------------
8          3.416762        2.165934        total sum                     
8          3.416762        2.165934        excluding marked processes    
8          2.000000        1.414214        Unweighted events, alpha=1.708381
  => Total parameter prop_binMerSRatleast1fjets_bin8[0.00,-7.00,7.00] to be Gaussian constrained
------------------------------------------------------------
9          3.963963        1.495834        total sum                     
9          3.963963        1.495834        excluding marked processes    
9          7.000000        2.645751        Unweighted events, alpha=0.566280
  => Total parameter prop_binMerSRatleast1fjets_bin9[0.00,-7.00,7.00] to be Gaussian constrained
------------------------------------------------------------
10         1.558174        0.287047        total sum                     
10         1.558174        0.287047        excluding marked processes    
10         29.000000       5.385165        Unweighted events, alpha=0.053730
  => Total parameter prop_binMerSRatleast1fjets_bin10[0.00,-7.00,7.00] to be Gaussian constrained
------------------------------------------------------------
11         0.437065        0.139078        total sum                     
11         0.437065        0.139078        excluding marked processes    
11         10.000000       3.162278        Unweighted events, alpha=0.043707
  => Total parameter prop_binMerSRatleast1fjets_bin11[0.00,-7.00,7.00] to be Gaussian constrained
------------------------------------------------------------
12         0.179682        0.172987        total sum                     
12         0.179682        0.172987        excluding marked processes    
12         1.000000        1.000000        Unweighted events, alpha=0.179682
  => Total parameter prop_binMerSRatleast1fjets_bin12[0.00,-7.00,7.00] to be Gaussian constrained
------------------------------------------------------------
============================================================
Analyzing bin errors for: prop_binAH
Poisson cut-off: 0
Processes excluded for sums: TprimeToTZ_700
============================================================
Bin        Contents        Error           Notes                         
0          65378.639244    330.540248      total sum                     
0          65284.027596    330.538557      excluding marked processes    
0          39009.000000    197.506962      Unweighted events, alpha=1.675989
  => Total parameter prop_binAH_bin0[0.00,-7.00,7.00] to be Gaussian constrained
------------------------------------------------------------
1          24603.630854    216.981826      total sum                     
1          24524.400972    216.979656      excluding marked processes    
1          12775.000000    113.026546      Unweighted events, alpha=1.925920
  => Total parameter prop_binAH_bin1[0.00,-7.00,7.00] to be Gaussian constrained
------------------------------------------------------------
2          21540.720169    195.795517      total sum                     
2          21462.767654    195.793167      excluding marked processes    
2          12016.000000    109.617517      Unweighted events, alpha=1.792670
  => Total parameter prop_binAH_bin2[0.00,-7.00,7.00] to be Gaussian constrained
------------------------------------------------------------
3          17352.059359    172.291184      total sum                     
3          17302.594667    172.289510      excluding marked processes    
3          10086.000000    100.429079      Unweighted events, alpha=1.720410
  => Total parameter prop_binAH_bin3[0.00,-7.00,7.00] to be Gaussian constrained
------------------------------------------------------------
4          11958.115303    143.494370      total sum                     
4          11936.102404    143.493449      excluding marked processes    
4          6919.000000     83.180527       Unweighted events, alpha=1.728301
  => Total parameter prop_binAH_bin4[0.00,-7.00,7.00] to be Gaussian constrained
------------------------------------------------------------
5          7905.426724     112.845294      total sum                     
5          7897.951431     112.844905      excluding marked processes    
5          4899.000000     69.992857       Unweighted events, alpha=1.613682
  => Total parameter prop_binAH_bin5[0.00,-7.00,7.00] to be Gaussian constrained
------------------------------------------------------------
6          5237.626743     88.707392       total sum                     
6          5234.433014     88.707179       excluding marked processes    
6          3482.000000     59.008474       Unweighted events, alpha=1.504201
  => Total parameter prop_binAH_bin6[0.00,-7.00,7.00] to be Gaussian constrained
------------------------------------------------------------
7          3488.259013     71.294517       total sum                     
7          3486.426712     71.294339       excluding marked processes    
7          2391.000000     48.897853       Unweighted events, alpha=1.458912
  => Total parameter prop_binAH_bin7[0.00,-7.00,7.00] to be Gaussian constrained
------------------------------------------------------------
8          4093.632930     78.127761       total sum                     
8          4091.745220     78.127601       excluding marked processes    
8          2743.000000     52.373658       Unweighted events, alpha=1.492393
  => Total parameter prop_binAH_bin8[0.00,-7.00,7.00] to be Gaussian constrained
------------------------------------------------------------
9          3309.865335     66.280793       total sum                     
9          3308.546684     66.280671       excluding marked processes    
9          2492.000000     49.919936       Unweighted events, alpha=1.328196
  => Total parameter prop_binAH_bin9[0.00,-7.00,7.00] to be Gaussian constrained
------------------------------------------------------------
10         1224.901931     39.567943       total sum                     
10         1224.536064     39.567883       excluding marked processes    
10         958.000000      30.951575       Unweighted events, alpha=1.278603
  => Total parameter prop_binAH_bin10[0.00,-7.00,7.00] to be Gaussian constrained
------------------------------------------------------------
11         472.513537      23.935485       total sum                     
11         472.332603      23.935431       excluding marked processes    
11         389.000000      19.723083       Unweighted events, alpha=1.214688
  => Total parameter prop_binAH_bin11[0.00,-7.00,7.00] to be Gaussian constrained
------------------------------------------------------------
12         299.244681      17.298636       total sum                     
12         299.149660      17.298606       excluding marked processes    
12         299.000000      17.291616       Unweighted events, alpha=1.000818
  => Total parameter prop_binAH_bin12[0.00,-7.00,7.00] to be Gaussian constrained
------------------------------------------------------------
============================================================
Analyzing bin errors for: prop_binSL
Poisson cut-off: 0
Processes excluded for sums: TprimeToTZ_700
============================================================
Bin        Contents        Error           Notes                         
0          726380.371317   893.335728      total sum                     
0          726250.345667   893.334719      excluding marked processes    
0          660913.000000   812.965559      Unweighted events, alpha=1.099056
  => Total parameter prop_binSL_bin0[0.00,-7.00,7.00] to be Gaussian constrained
------------------------------------------------------------
1          20614.957984    156.786510      total sum                     
1          20601.442185    156.785919      excluding marked processes    
1          17266.000000    131.400152      Unweighted events, alpha=1.193963
  => Total parameter prop_binSL_bin1[0.00,-7.00,7.00] to be Gaussian constrained
------------------------------------------------------------
2          13904.985360    125.453182      total sum                     
2          13896.546272    125.452748      excluding marked processes    
2          12270.000000    110.770032      Unweighted events, alpha=1.133251
  => Total parameter prop_binSL_bin2[0.00,-7.00,7.00] to be Gaussian constrained
------------------------------------------------------------
3          9204.410500     102.387273      total sum                     
3          9199.454678     102.386974      excluding marked processes    
3          8073.000000     89.849875       Unweighted events, alpha=1.140147
  => Total parameter prop_binSL_bin3[0.00,-7.00,7.00] to be Gaussian constrained
------------------------------------------------------------
4          6072.576287     82.124958       total sum                     
4          6070.418703     82.124793       excluding marked processes    
4          5464.000000     73.918874       Unweighted events, alpha=1.111379
  => Total parameter prop_binSL_bin4[0.00,-7.00,7.00] to be Gaussian constrained
------------------------------------------------------------
5          4049.988455     66.725254       total sum                     
5          4048.889898     66.725156       excluding marked processes    
5          3682.000000     60.679486       Unweighted events, alpha=1.099943
  => Total parameter prop_binSL_bin5[0.00,-7.00,7.00] to be Gaussian constrained
------------------------------------------------------------
6          2849.677218     55.519964       total sum                     
6          2849.106885     55.519903       excluding marked processes    
6          2633.000000     51.312766       Unweighted events, alpha=1.082293
  => Total parameter prop_binSL_bin6[0.00,-7.00,7.00] to be Gaussian constrained
------------------------------------------------------------
7          2134.369784     51.383865       total sum                     
7          2134.003183     51.383814       excluding marked processes    
7          1725.000000     41.533119       Unweighted events, alpha=1.237316
  => Total parameter prop_binSL_bin7[0.00,-7.00,7.00] to be Gaussian constrained
------------------------------------------------------------
8          2543.992514     54.322048       total sum                     
8          2543.695937     54.322015       excluding marked processes    
8          2193.000000     46.829478       Unweighted events, alpha=1.160051
  => Total parameter prop_binSL_bin8[0.00,-7.00,7.00] to be Gaussian constrained
------------------------------------------------------------
9          2096.643364     50.598811       total sum                     
9          2096.293274     50.598762       excluding marked processes    
9          1716.000000     41.424630       Unweighted events, alpha=1.221820
  => Total parameter prop_binSL_bin9[0.00,-7.00,7.00] to be Gaussian constrained
------------------------------------------------------------
10         654.022190      31.123331       total sum                     
10         653.956523      31.123318       excluding marked processes    
10         441.000000      21.000000       Unweighted events, alpha=1.483044
  => Total parameter prop_binSL_bin10[0.00,-7.00,7.00] to be Gaussian constrained
------------------------------------------------------------
11         253.976865      18.596186       total sum                     
11         253.967309      18.596184       excluding marked processes    
11         187.000000      13.674794       Unweighted events, alpha=1.358165
  => Total parameter prop_binSL_bin11[0.00,-7.00,7.00] to be Gaussian constrained
------------------------------------------------------------
12         153.059866      12.522709       total sum                     
12         153.020678      12.522672       excluding marked processes    
12         149.000000      12.206556       Unweighted events, alpha=1.027247
  => Total parameter prop_binSL_bin12[0.00,-7.00,7.00] to be Gaussian constrained
------------------------------------------------------------
============================================================
Analyzing bin errors for: prop_binAH1lWR
Poisson cut-off: 0
Processes excluded for sums: TprimeToTZ_700
============================================================
Bin        Contents        Error           Notes                         
0          884896.114257   1901.194558     total sum                     
0          884875.876395   1901.194475     excluding marked processes    
0          216627.000000   465.432057      Unweighted events, alpha=4.084884
  => Total parameter prop_binAH1lWR_bin0[0.00,-7.00,7.00] to be Gaussian constrained
------------------------------------------------------------
1          21478.844787    279.221968      total sum                     
1          21476.288300    279.221895      excluding marked processes    
1          5916.000000     76.915538       Unweighted events, alpha=3.630636
  => Total parameter prop_binAH1lWR_bin1[0.00,-7.00,7.00] to be Gaussian constrained
------------------------------------------------------------
2          14033.781511    227.576165      total sum                     
2          14032.517639    227.576122      excluding marked processes    
2          3802.000000     61.660360       Unweighted events, alpha=3.691158
  => Total parameter prop_binAH1lWR_bin2[0.00,-7.00,7.00] to be Gaussian constrained
------------------------------------------------------------
3          9577.434521     185.188448      total sum                     
3          9577.044740     185.188429      excluding marked processes    
3          2674.000000     51.710734       Unweighted events, alpha=3.581688
  => Total parameter prop_binAH1lWR_bin3[0.00,-7.00,7.00] to be Gaussian constrained
------------------------------------------------------------
4          6700.280618     155.601394      total sum                     
4          6700.204440     155.601391      excluding marked processes    
4          1854.000000     43.058100       Unweighted events, alpha=3.613959
  => Total parameter prop_binAH1lWR_bin4[0.00,-7.00,7.00] to be Gaussian constrained
------------------------------------------------------------
5          4294.717851     127.356921      total sum                     
5          4294.717851     127.356921      excluding marked processes    
5          1137.000000     33.719431       Unweighted events, alpha=3.777236
  => Total parameter prop_binAH1lWR_bin5[0.00,-7.00,7.00] to be Gaussian constrained
------------------------------------------------------------
6          3058.381487     105.156715      total sum                     
6          3058.325558     105.156712      excluding marked processes    
6          846.000000      29.086079       Unweighted events, alpha=3.615108
  => Total parameter prop_binAH1lWR_bin6[0.00,-7.00,7.00] to be Gaussian constrained
------------------------------------------------------------
7          2208.309833     88.524461       total sum                     
7          2208.285827     88.524460       excluding marked processes    
7          622.000000      24.939928       Unweighted events, alpha=3.550337
  => Total parameter prop_binAH1lWR_bin7[0.00,-7.00,7.00] to be Gaussian constrained
------------------------------------------------------------
8          2637.086032     95.914345       total sum                     
8          2637.074831     95.914345       excluding marked processes    
8          756.000000      27.495454       Unweighted events, alpha=3.488209
  => Total parameter prop_binAH1lWR_bin8[0.00,-7.00,7.00] to be Gaussian constrained
------------------------------------------------------------
9          2198.382398     88.313567       total sum                     
9          2198.382398     88.313567       excluding marked processes    
9          620.000000      24.899799       Unweighted events, alpha=3.545778
  => Total parameter prop_binAH1lWR_bin9[0.00,-7.00,7.00] to be Gaussian constrained
------------------------------------------------------------
10         743.948133      48.377571       total sum                     
10         743.948133      48.377571       excluding marked processes    
10         236.000000      15.362291       Unweighted events, alpha=3.152323
  => Total parameter prop_binAH1lWR_bin10[0.00,-7.00,7.00] to be Gaussian constrained
------------------------------------------------------------
11         205.489725      26.134509       total sum                     
11         205.489725      26.134509       excluding marked processes    
11         62.000000       7.874008        Unweighted events, alpha=3.314350
  => Total parameter prop_binAH1lWR_bin11[0.00,-7.00,7.00] to be Gaussian constrained
------------------------------------------------------------
12         159.300541      21.495285       total sum                     
12         159.300541      21.495285       excluding marked processes    
12         55.000000       7.416198        Unweighted events, alpha=2.896373
  => Total parameter prop_binAH1lWR_bin12[0.00,-7.00,7.00] to be Gaussian constrained
------------------------------------------------------------
============================================================
Analyzing bin errors for: prop_binAH0lZR
Poisson cut-off: 0
Processes excluded for sums: TprimeToTZ_700
============================================================
Bin        Contents        Error           Notes                         
0          9164.840834     189.150260      total sum                     
0          9163.823028     189.150233      excluding marked processes    
0          2347.000000     48.445846       Unweighted events, alpha=3.904917
  => Total parameter prop_binAH0lZR_bin0[0.00,-7.00,7.00] to be Gaussian constrained
------------------------------------------------------------
1          5938.572082     156.566708      total sum                     
1          5937.416673     156.566665      excluding marked processes    
1          1438.000000     37.920970       Unweighted events, alpha=4.129744
  => Total parameter prop_binAH0lZR_bin1[0.00,-7.00,7.00] to be Gaussian constrained
------------------------------------------------------------
2          4054.309741     125.909371      total sum                     
2          4053.271305     125.909325      excluding marked processes    
2          1036.000000     32.186954       Unweighted events, alpha=3.913426
  => Total parameter prop_binAH0lZR_bin2[0.00,-7.00,7.00] to be Gaussian constrained
------------------------------------------------------------
3          2325.683699     97.091013       total sum                     
3          2324.877745     97.090960       excluding marked processes    
3          573.000000      23.937418       Unweighted events, alpha=4.058785
  => Total parameter prop_binAH0lZR_bin3[0.00,-7.00,7.00] to be Gaussian constrained
------------------------------------------------------------
4          1577.136621     78.098278       total sum                     
4          1576.830645     78.098252       excluding marked processes    
4          408.000000      20.199010       Unweighted events, alpha=3.865531
  => Total parameter prop_binAH0lZR_bin4[0.00,-7.00,7.00] to be Gaussian constrained
------------------------------------------------------------
5          1166.249774     63.262269       total sum                     
5          1166.130635     63.262257       excluding marked processes    
5          340.000000      18.439089       Unweighted events, alpha=3.430146
  => Total parameter prop_binAH0lZR_bin5[0.00,-7.00,7.00] to be Gaussian constrained
------------------------------------------------------------
6          817.047554      51.482866       total sum                     
6          817.047554      51.482866       excluding marked processes    
6          252.000000      15.874508       Unweighted events, alpha=3.242252
  => Total parameter prop_binAH0lZR_bin6[0.00,-7.00,7.00] to be Gaussian constrained
------------------------------------------------------------
7          463.943010      42.295573       total sum                     
7          463.943010      42.295573       excluding marked processes    
7          120.000000      10.954451       Unweighted events, alpha=3.866192
  => Total parameter prop_binAH0lZR_bin7[0.00,-7.00,7.00] to be Gaussian constrained
------------------------------------------------------------
8          559.673908      45.703655       total sum                     
8          559.665751      45.703654       excluding marked processes    
8          150.000000      12.247449       Unweighted events, alpha=3.731159
  => Total parameter prop_binAH0lZR_bin8[0.00,-7.00,7.00] to be Gaussian constrained
------------------------------------------------------------
9          493.466553      38.974438       total sum                     
9          493.463758      38.974438       excluding marked processes    
9          160.000000      12.649111       Unweighted events, alpha=3.084166
  => Total parameter prop_binAH0lZR_bin9[0.00,-7.00,7.00] to be Gaussian constrained
------------------------------------------------------------
10         283.414934      21.010738       total sum                     
10         283.414934      21.010738       excluding marked processes    
10         182.000000      13.490738       Unweighted events, alpha=1.557225
  => Total parameter prop_binAH0lZR_bin10[0.00,-7.00,7.00] to be Gaussian constrained
------------------------------------------------------------
11         124.498763      11.736612       total sum                     
11         124.498763      11.736612       excluding marked processes    
11         113.000000      10.630146       Unweighted events, alpha=1.101759
  => Total parameter prop_binAH0lZR_bin11[0.00,-7.00,7.00] to be Gaussian constrained
------------------------------------------------------------
12         115.106854      9.993354        total sum                     
12         115.106854      9.993354        excluding marked processes    
12         133.000000      11.532563       Unweighted events, alpha=0.865465
  => Total parameter prop_binAH0lZR_bin12[0.00,-7.00,7.00] to be Gaussian constrained
------------------------------------------------------------
Channel MixSR0fjets will use autoMCStats with settings: event-threshold=0, include-signal=0, hist-mode=1
Channel MixSRatleast1fjets will use autoMCStats with settings: event-threshold=0, include-signal=0, hist-mode=1
Channel MerSR0fjets will use autoMCStats with settings: event-threshold=0, include-signal=0, hist-mode=1
Channel MerSRatleast1fjets will use autoMCStats with settings: event-threshold=0, include-signal=0, hist-mode=1
Channel AH will use autoMCStats with settings: event-threshold=0, include-signal=0, hist-mode=1
Channel SL will use autoMCStats with settings: event-threshold=0, include-signal=0, hist-mode=1
Channel AH1lWR will use autoMCStats with settings: event-threshold=0, include-signal=0, hist-mode=1
Channel AH0lZR will use autoMCStats with settings: event-threshold=0, include-signal=0, hist-mode=1

 -- AsymptoticLimits ( CLs ) --
Observed Limit: r < 2.9430
Expected  2.5%: r < 2.5961
Expected 16.0%: r < 3.4497
Expected 50.0%: r < 4.7812
Expected 84.0%: r < 6.6680
Expected 97.5%: r < 8.9125

Done in 0.01 min (cpu), 0.01 min (real)
